<?xml version="1.0" encoding="ISO-8859-1" ?>
<link_info>
   <banner>TI ARM Linker PC v18.12.1.LTS</banner>
   <copyright>Copyright (c) 1996-2018 Texas Instruments Incorporated</copyright>
   <link_time>0x5cfa9ed9</link_time>
   <link_errors>0x0</link_errors>
   <output_file>FreeRTOS_F.out</output_file>
   <entry_point>
      <name>_c_int00_noargs</name>
      <address>0x5f8d</address>
   </entry_point>
   <input_file_list>
      <input_file id="fl-2">
         <path>.\</path>
         <kind>object</kind>
         <file>tm4c123gh6pm_startup_ccs.obj</file>
         <name>tm4c123gh6pm_startup_ccs.obj</name>
      </input_file>
      <input_file id="fl-3">
         <path>.\Application\TwoWheel\</path>
         <kind>object</kind>
         <file>twowheel.obj</file>
         <name>twowheel.obj</name>
      </input_file>
      <input_file id="fl-4">
         <path>.\Application\</path>
         <kind>object</kind>
         <file>freertos_demo.obj</file>
         <name>freertos_demo.obj</name>
      </input_file>
      <input_file id="fl-5">
         <path>.\Application\motor_control\</path>
         <kind>object</kind>
         <file>motor_control.obj</file>
         <name>motor_control.obj</name>
      </input_file>
      <input_file id="fl-6">
         <path>.\Application\pid\</path>
         <kind>object</kind>
         <file>pid.obj</file>
         <name>pid.obj</name>
      </input_file>
      <input_file id="fl-7">
         <path>.\FreeRTOS\</path>
         <kind>object</kind>
         <file>croutine.obj</file>
         <name>croutine.obj</name>
      </input_file>
      <input_file id="fl-8">
         <path>.\FreeRTOS\</path>
         <kind>object</kind>
         <file>event_groups.obj</file>
         <name>event_groups.obj</name>
      </input_file>
      <input_file id="fl-9">
         <path>.\FreeRTOS\</path>
         <kind>object</kind>
         <file>heap_2.obj</file>
         <name>heap_2.obj</name>
      </input_file>
      <input_file id="fl-a">
         <path>.\FreeRTOS\</path>
         <kind>object</kind>
         <file>list.obj</file>
         <name>list.obj</name>
      </input_file>
      <input_file id="fl-b">
         <path>.\FreeRTOS\</path>
         <kind>object</kind>
         <file>port.obj</file>
         <name>port.obj</name>
      </input_file>
      <input_file id="fl-c">
         <path>.\FreeRTOS\</path>
         <kind>object</kind>
         <file>portasm.obj</file>
         <name>portasm.obj</name>
      </input_file>
      <input_file id="fl-d">
         <path>.\FreeRTOS\</path>
         <kind>object</kind>
         <file>queue.obj</file>
         <name>queue.obj</name>
      </input_file>
      <input_file id="fl-e">
         <path>.\FreeRTOS\</path>
         <kind>object</kind>
         <file>stream_buffer.obj</file>
         <name>stream_buffer.obj</name>
      </input_file>
      <input_file id="fl-f">
         <path>.\FreeRTOS\</path>
         <kind>object</kind>
         <file>tasks.obj</file>
         <name>tasks.obj</name>
      </input_file>
      <input_file id="fl-10">
         <path>.\FreeRTOS\</path>
         <kind>object</kind>
         <file>timers.obj</file>
         <name>timers.obj</name>
      </input_file>
      <input_file id="fl-11">
         <path>.\drivers\</path>
         <kind>object</kind>
         <file>MPU6050.obj</file>
         <name>MPU6050.obj</name>
      </input_file>
      <input_file id="fl-12">
         <path>.\drivers\</path>
         <kind>object</kind>
         <file>buttons.obj</file>
         <name>buttons.obj</name>
      </input_file>
      <input_file id="fl-13">
         <path>.\drivers\</path>
         <kind>object</kind>
         <file>led.obj</file>
         <name>led.obj</name>
      </input_file>
      <input_file id="fl-14">
         <path>.\drivers\</path>
         <kind>object</kind>
         <file>pwm.obj</file>
         <name>pwm.obj</name>
      </input_file>
      <input_file id="fl-15">
         <path>.\drivers\</path>
         <kind>object</kind>
         <file>qei.obj</file>
         <name>qei.obj</name>
      </input_file>
      <input_file id="fl-16">
         <path>.\drivers\</path>
         <kind>object</kind>
         <file>switches.obj</file>
         <name>switches.obj</name>
      </input_file>
      <input_file id="fl-17">
         <path>.\drivers\</path>
         <kind>object</kind>
         <file>uartstdio.obj</file>
         <name>uartstdio.obj</name>
      </input_file>
      <input_file id="fl-1c">
         <kind>object</kind>
         <file>&lt;internal&gt;</file>
         <name>&lt;internal&gt;</name>
      </input_file>
      <input_file id="fl-1d">
         <path>..\</path>
         <kind>archive</kind>
         <file>driverlib.lib</file>
         <name>gpio.obj</name>
      </input_file>
      <input_file id="fl-1e">
         <path>..\</path>
         <kind>archive</kind>
         <file>driverlib.lib</file>
         <name>i2c.obj</name>
      </input_file>
      <input_file id="fl-1f">
         <path>..\</path>
         <kind>archive</kind>
         <file>driverlib.lib</file>
         <name>interrupt.obj</name>
      </input_file>
      <input_file id="fl-20">
         <path>..\</path>
         <kind>archive</kind>
         <file>driverlib.lib</file>
         <name>pwm.obj</name>
      </input_file>
      <input_file id="fl-21">
         <path>..\</path>
         <kind>archive</kind>
         <file>driverlib.lib</file>
         <name>qei.obj</name>
      </input_file>
      <input_file id="fl-22">
         <path>..\</path>
         <kind>archive</kind>
         <file>driverlib.lib</file>
         <name>sysctl.obj</name>
      </input_file>
      <input_file id="fl-23">
         <path>..\</path>
         <kind>archive</kind>
         <file>driverlib.lib</file>
         <name>uart.obj</name>
      </input_file>
      <input_file id="fl-24">
         <path>..\</path>
         <kind>archive</kind>
         <file>driverlib.lib</file>
         <name>cpu.obj</name>
      </input_file>
      <input_file id="fl-da">
         <path>C:\ti\ccs901\ccs\tools\compiler\ti-cgt-arm_18.12.1.LTS\lib\</path>
         <kind>archive</kind>
         <file>rtsv7M4_T_le_v4SPD16_eabi.lib</file>
         <name>e_atan2.c.obj</name>
      </input_file>
      <input_file id="fl-db">
         <path>C:\ti\ccs901\ccs\tools\compiler\ti-cgt-arm_18.12.1.LTS\lib\</path>
         <kind>archive</kind>
         <file>rtsv7M4_T_le_v4SPD16_eabi.lib</file>
         <name>e_sqrt.c.obj</name>
      </input_file>
      <input_file id="fl-dc">
         <path>C:\ti\ccs901\ccs\tools\compiler\ti-cgt-arm_18.12.1.LTS\lib\</path>
         <kind>archive</kind>
         <file>rtsv7M4_T_le_v4SPD16_eabi.lib</file>
         <name>s_atan.c.obj</name>
      </input_file>
      <input_file id="fl-dd">
         <path>C:\ti\ccs901\ccs\tools\compiler\ti-cgt-arm_18.12.1.LTS\lib\</path>
         <kind>archive</kind>
         <file>rtsv7M4_T_le_v4SPD16_eabi.lib</file>
         <name>fd_add_t2.asm.obj</name>
      </input_file>
      <input_file id="fl-de">
         <path>C:\ti\ccs901\ccs\tools\compiler\ti-cgt-arm_18.12.1.LTS\lib\</path>
         <kind>archive</kind>
         <file>rtsv7M4_T_le_v4SPD16_eabi.lib</file>
         <name>fd_cmp_t2.asm.obj</name>
      </input_file>
      <input_file id="fl-df">
         <path>C:\ti\ccs901\ccs\tools\compiler\ti-cgt-arm_18.12.1.LTS\lib\</path>
         <kind>archive</kind>
         <file>rtsv7M4_T_le_v4SPD16_eabi.lib</file>
         <name>fd_div_t2.asm.obj</name>
      </input_file>
      <input_file id="fl-e0">
         <path>C:\ti\ccs901\ccs\tools\compiler\ti-cgt-arm_18.12.1.LTS\lib\</path>
         <kind>archive</kind>
         <file>rtsv7M4_T_le_v4SPD16_eabi.lib</file>
         <name>fd_mul_t2.asm.obj</name>
      </input_file>
      <input_file id="fl-e1">
         <path>C:\ti\ccs901\ccs\tools\compiler\ti-cgt-arm_18.12.1.LTS\lib\</path>
         <kind>archive</kind>
         <file>rtsv7M4_T_le_v4SPD16_eabi.lib</file>
         <name>fd_toi_t2.asm.obj</name>
      </input_file>
      <input_file id="fl-e2">
         <path>C:\ti\ccs901\ccs\tools\compiler\ti-cgt-arm_18.12.1.LTS\lib\</path>
         <kind>archive</kind>
         <file>rtsv7M4_T_le_v4SPD16_eabi.lib</file>
         <name>fd_tos_t2.asm.obj</name>
      </input_file>
      <input_file id="fl-e3">
         <path>C:\ti\ccs901\ccs\tools\compiler\ti-cgt-arm_18.12.1.LTS\lib\</path>
         <kind>archive</kind>
         <file>rtsv7M4_T_le_v4SPD16_eabi.lib</file>
         <name>fs_tod_t2.asm.obj</name>
      </input_file>
      <input_file id="fl-e4">
         <path>C:\ti\ccs901\ccs\tools\compiler\ti-cgt-arm_18.12.1.LTS\lib\</path>
         <kind>archive</kind>
         <file>rtsv7M4_T_le_v4SPD16_eabi.lib</file>
         <name>i_tofd_t2.asm.obj</name>
      </input_file>
      <input_file id="fl-e5">
         <path>C:\ti\ccs901\ccs\tools\compiler\ti-cgt-arm_18.12.1.LTS\lib\</path>
         <kind>archive</kind>
         <file>rtsv7M4_T_le_v4SPD16_eabi.lib</file>
         <name>memcpy_t2.asm.obj</name>
      </input_file>
      <input_file id="fl-e6">
         <path>C:\ti\ccs901\ccs\tools\compiler\ti-cgt-arm_18.12.1.LTS\lib\</path>
         <kind>archive</kind>
         <file>rtsv7M4_T_le_v4SPD16_eabi.lib</file>
         <name>u_divt2.asm.obj</name>
      </input_file>
      <input_file id="fl-e7">
         <path>C:\ti\ccs901\ccs\tools\compiler\ti-cgt-arm_18.12.1.LTS\lib\</path>
         <kind>archive</kind>
         <file>rtsv7M4_T_le_v4SPD16_eabi.lib</file>
         <name>memset_t2.asm.obj</name>
      </input_file>
      <input_file id="fl-e8">
         <path>C:\ti\ccs901\ccs\tools\compiler\ti-cgt-arm_18.12.1.LTS\lib\</path>
         <kind>archive</kind>
         <file>rtsv7M4_T_le_v4SPD16_eabi.lib</file>
         <name>copy_zero_init.c.obj</name>
      </input_file>
      <input_file id="fl-e9">
         <path>C:\ti\ccs901\ccs\tools\compiler\ti-cgt-arm_18.12.1.LTS\lib\</path>
         <kind>archive</kind>
         <file>rtsv7M4_T_le_v4SPD16_eabi.lib</file>
         <name>copy_decompress_none.c.obj</name>
      </input_file>
      <input_file id="fl-ea">
         <path>C:\ti\ccs901\ccs\tools\compiler\ti-cgt-arm_18.12.1.LTS\lib\</path>
         <kind>archive</kind>
         <file>rtsv7M4_T_le_v4SPD16_eabi.lib</file>
         <name>copy_decompress_lzss.c.obj</name>
      </input_file>
      <input_file id="fl-eb">
         <path>C:\ti\ccs901\ccs\tools\compiler\ti-cgt-arm_18.12.1.LTS\lib\</path>
         <kind>archive</kind>
         <file>rtsv7M4_T_le_v4SPD16_eabi.lib</file>
         <name>errno.c.obj</name>
      </input_file>
      <input_file id="fl-ec">
         <path>C:\ti\ccs901\ccs\tools\compiler\ti-cgt-arm_18.12.1.LTS\lib\</path>
         <kind>archive</kind>
         <file>rtsv7M4_T_le_v4SPD16_eabi.lib</file>
         <name>boot_cortex_m.c.obj</name>
      </input_file>
      <input_file id="fl-ed">
         <path>C:\ti\ccs901\ccs\tools\compiler\ti-cgt-arm_18.12.1.LTS\lib\</path>
         <kind>archive</kind>
         <file>rtsv7M4_T_le_v4SPD16_eabi.lib</file>
         <name>div0.asm.obj</name>
      </input_file>
      <input_file id="fl-ee">
         <path>C:\ti\ccs901\ccs\tools\compiler\ti-cgt-arm_18.12.1.LTS\lib\</path>
         <kind>archive</kind>
         <file>rtsv7M4_T_le_v4SPD16_eabi.lib</file>
         <name>autoinit.c.obj</name>
      </input_file>
      <input_file id="fl-ef">
         <path>C:\ti\ccs901\ccs\tools\compiler\ti-cgt-arm_18.12.1.LTS\lib\</path>
         <kind>archive</kind>
         <file>rtsv7M4_T_le_v4SPD16_eabi.lib</file>
         <name>pre_init.c.obj</name>
      </input_file>
      <input_file id="fl-f0">
         <path>C:\ti\ccs901\ccs\tools\compiler\ti-cgt-arm_18.12.1.LTS\lib\</path>
         <kind>archive</kind>
         <file>rtsv7M4_T_le_v4SPD16_eabi.lib</file>
         <name>cpy_tbl.c.obj</name>
      </input_file>
      <input_file id="fl-f1">
         <path>C:\ti\ccs901\ccs\tools\compiler\ti-cgt-arm_18.12.1.LTS\lib\</path>
         <kind>archive</kind>
         <file>rtsv7M4_T_le_v4SPD16_eabi.lib</file>
         <name>exit.c.obj</name>
      </input_file>
      <input_file id="fl-f2">
         <path>C:\ti\ccs901\ccs\tools\compiler\ti-cgt-arm_18.12.1.LTS\lib\</path>
         <kind>archive</kind>
         <file>rtsv7M4_T_le_v4SPD16_eabi.lib</file>
         <name>_lock.c.obj</name>
      </input_file>
      <input_file id="fl-f3">
         <path>C:\ti\ccs901\ccs\tools\compiler\ti-cgt-arm_18.12.1.LTS\lib\</path>
         <kind>archive</kind>
         <file>rtsv7M4_T_le_v4SPD16_eabi.lib</file>
         <name>args_main.c.obj</name>
      </input_file>
   </input_file_list>
   <object_component_list>
      <object_component id="oc-f">
         <name>.intvecs</name>
         <load_address>0x0</load_address>
         <run_address>0x0</run_address>
         <size>0x26c</size>
         <input_file_ref idref="fl-2"/>
      </object_component>
      <object_component id="oc-7c">
         <name>.text</name>
         <load_address>0x26c</load_address>
         <run_address>0x26c</run_address>
         <size>0x1908</size>
         <input_file_ref idref="fl-f"/>
      </object_component>
      <object_component id="oc-1d7">
         <name>.text</name>
         <load_address>0x1b74</load_address>
         <run_address>0x1b74</run_address>
         <size>0xce8</size>
         <input_file_ref idref="fl-d"/>
      </object_component>
      <object_component id="oc-157">
         <name>.text</name>
         <load_address>0x285c</load_address>
         <run_address>0x285c</run_address>
         <size>0xa7c</size>
         <input_file_ref idref="fl-11"/>
      </object_component>
      <object_component id="oc-f3">
         <name>.text</name>
         <load_address>0x32d8</load_address>
         <run_address>0x32d8</run_address>
         <size>0x594</size>
         <input_file_ref idref="fl-10"/>
      </object_component>
      <object_component id="oc-133">
         <name>.text</name>
         <load_address>0x386c</load_address>
         <run_address>0x386c</run_address>
         <size>0x4dc</size>
         <input_file_ref idref="fl-17"/>
      </object_component>
      <object_component id="oc-2bc">
         <name>.text:atan</name>
         <load_address>0x3d48</load_address>
         <run_address>0x3d48</run_address>
         <size>0x2ec</size>
         <input_file_ref idref="fl-dc"/>
      </object_component>
      <object_component id="oc-242">
         <name>.text</name>
         <load_address>0x4034</load_address>
         <run_address>0x4034</run_address>
         <size>0x2a4</size>
         <input_file_ref idref="fl-15"/>
      </object_component>
      <object_component id="oc-23c">
         <name>.text</name>
         <load_address>0x42d8</load_address>
         <run_address>0x42d8</run_address>
         <size>0x22c</size>
         <input_file_ref idref="fl-14"/>
      </object_component>
      <object_component id="oc-bf">
         <name>.text</name>
         <load_address>0x4504</load_address>
         <run_address>0x4504</run_address>
         <size>0x1f0</size>
         <input_file_ref idref="fl-4"/>
      </object_component>
      <object_component id="oc-2a1">
         <name>.text:atan2</name>
         <load_address>0x46f4</load_address>
         <run_address>0x46f4</run_address>
         <size>0x1d8</size>
         <input_file_ref idref="fl-da"/>
      </object_component>
      <object_component id="oc-db">
         <name>.text</name>
         <load_address>0x48cc</load_address>
         <run_address>0x48cc</run_address>
         <size>0x1b8</size>
         <input_file_ref idref="fl-9"/>
      </object_component>
      <object_component id="oc-2ac">
         <name>.text</name>
         <load_address>0x4a84</load_address>
         <run_address>0x4a84</run_address>
         <size>0x1b6</size>
         <input_file_ref idref="fl-dd"/>
      </object_component>
      <object_component id="oc-353">
         <name>.text</name>
         <load_address>0x4c3a</load_address>
         <run_address>0x4c3a</run_address>
         <size>0x2</size>
         <input_file_ref idref="fl-ed"/>
      </object_component>
      <object_component id="oc-248">
         <name>.text</name>
         <load_address>0x4c3c</load_address>
         <run_address>0x4c3c</run_address>
         <size>0x168</size>
         <input_file_ref idref="fl-6"/>
      </object_component>
      <object_component id="oc-151">
         <name>.text</name>
         <load_address>0x4da4</load_address>
         <run_address>0x4da4</run_address>
         <size>0x164</size>
         <input_file_ref idref="fl-5"/>
      </object_component>
      <object_component id="oc-2b1">
         <name>.text:sqrt</name>
         <load_address>0x4f08</load_address>
         <run_address>0x4f08</run_address>
         <size>0x158</size>
         <input_file_ref idref="fl-db"/>
      </object_component>
      <object_component id="oc-2f">
         <name>.text</name>
         <load_address>0x5060</load_address>
         <run_address>0x5060</run_address>
         <size>0x13c</size>
         <input_file_ref idref="fl-b"/>
      </object_component>
      <object_component id="oc-2b7">
         <name>.text</name>
         <load_address>0x519c</load_address>
         <run_address>0x519c</run_address>
         <size>0x136</size>
         <input_file_ref idref="fl-df"/>
      </object_component>
      <object_component id="oc-235">
         <name>.text:GPIOPadConfigSet</name>
         <load_address>0x52d2</load_address>
         <run_address>0x52d2</run_address>
         <size>0x132</size>
         <input_file_ref idref="fl-1d"/>
      </object_component>
      <object_component id="oc-e1">
         <name>.text</name>
         <load_address>0x5404</load_address>
         <run_address>0x5404</run_address>
         <size>0x12a</size>
         <input_file_ref idref="fl-a"/>
      </object_component>
      <object_component id="oc-26c">
         <name>.text:SysCtlClockGet</name>
         <load_address>0x5530</load_address>
         <run_address>0x5530</run_address>
         <size>0x110</size>
         <input_file_ref idref="fl-22"/>
      </object_component>
      <object_component id="oc-2a7">
         <name>.text</name>
         <load_address>0x5640</load_address>
         <run_address>0x5640</run_address>
         <size>0xfc</size>
         <input_file_ref idref="fl-e0"/>
      </object_component>
      <object_component id="oc-139">
         <name>.text:SysCtlClockSet</name>
         <load_address>0x573c</load_address>
         <run_address>0x573c</run_address>
         <size>0xf4</size>
         <input_file_ref idref="fl-22"/>
      </object_component>
      <object_component id="oc-2a">
         <name>.text</name>
         <load_address>0x5830</load_address>
         <run_address>0x5830</run_address>
         <size>0xda</size>
         <input_file_ref idref="fl-c"/>
      </object_component>
      <object_component id="oc-15d">
         <name>.text</name>
         <load_address>0x590c</load_address>
         <run_address>0x590c</run_address>
         <size>0xd8</size>
         <input_file_ref idref="fl-3"/>
      </object_component>
      <object_component id="oc-43">
         <name>.text</name>
         <load_address>0x59e4</load_address>
         <run_address>0x59e4</run_address>
         <size>0x9c</size>
         <input_file_ref idref="fl-e5"/>
      </object_component>
      <object_component id="oc-2c2">
         <name>.text:__aeabi_cdcmple</name>
         <load_address>0x5a80</load_address>
         <run_address>0x5a80</run_address>
         <size>0x86</size>
         <input_file_ref idref="fl-de"/>
      </object_component>
      <object_component id="oc-2c7">
         <name>.text:__aeabi_cdrcmple</name>
         <load_address>0x5b06</load_address>
         <run_address>0x5b06</run_address>
         <size>0x86</size>
         <input_file_ref idref="fl-de"/>
      </object_component>
      <object_component id="oc-b3">
         <name>.text</name>
         <load_address>0x5b8c</load_address>
         <run_address>0x5b8c</run_address>
         <size>0x7a</size>
         <input_file_ref idref="fl-e7"/>
      </object_component>
      <object_component id="oc-2cc">
         <name>.text</name>
         <load_address>0x5c06</load_address>
         <run_address>0x5c06</run_address>
         <size>0x6e</size>
         <input_file_ref idref="fl-e2"/>
      </object_component>
      <object_component id="oc-445">
         <name>.text:IntEnable</name>
         <load_address>0x5c74</load_address>
         <run_address>0x5c74</run_address>
         <size>0x68</size>
         <input_file_ref idref="fl-1f"/>
      </object_component>
      <object_component id="oc-12">
         <name>.text:decompress:lzss:__TI_decompress_lzss</name>
         <load_address>0x5cdc</load_address>
         <run_address>0x5cdc</run_address>
         <size>0x68</size>
         <input_file_ref idref="fl-ea"/>
      </object_component>
      <object_component id="oc-272">
         <name>.text:I2CMasterInitExpClk</name>
         <load_address>0x5d44</load_address>
         <run_address>0x5d44</run_address>
         <size>0x4c</size>
         <input_file_ref idref="fl-1e"/>
      </object_component>
      <object_component id="oc-145">
         <name>.text:GPIOPinConfigure</name>
         <load_address>0x5d90</load_address>
         <run_address>0x5d90</run_address>
         <size>0x48</size>
         <input_file_ref idref="fl-1d"/>
      </object_component>
      <object_component id="oc-439">
         <name>.text:_QEIIntNumberGet</name>
         <load_address>0x5dd8</load_address>
         <run_address>0x5dd8</run_address>
         <size>0x48</size>
         <input_file_ref idref="fl-21"/>
      </object_component>
      <object_component id="oc-2d6">
         <name>.text</name>
         <load_address>0x5e20</load_address>
         <run_address>0x5e20</run_address>
         <size>0x48</size>
         <input_file_ref idref="fl-e1"/>
      </object_component>
      <object_component id="oc-177">
         <name>.text:__TI_auto_init_nobinit_nopinit:__TI_auto_init_nobinit_nopinit</name>
         <load_address>0x5e68</load_address>
         <run_address>0x5e68</run_address>
         <size>0x44</size>
         <input_file_ref idref="fl-ee"/>
      </object_component>
      <object_component id="oc-212">
         <name>.text</name>
         <load_address>0x5eac</load_address>
         <run_address>0x5eac</run_address>
         <size>0x40</size>
         <input_file_ref idref="fl-e6"/>
      </object_component>
      <object_component id="oc-2d1">
         <name>.text</name>
         <load_address>0x5eec</load_address>
         <run_address>0x5eec</run_address>
         <size>0x38</size>
         <input_file_ref idref="fl-e3"/>
      </object_component>
      <object_component id="oc-43f">
         <name>.text:IntRegister</name>
         <load_address>0x5f24</load_address>
         <run_address>0x5f24</run_address>
         <size>0x34</size>
         <input_file_ref idref="fl-1f"/>
      </object_component>
      <object_component id="oc-13f">
         <name>.text:SysCtlPeripheralEnable</name>
         <load_address>0x5f58</load_address>
         <run_address>0x5f58</run_address>
         <size>0x34</size>
         <input_file_ref idref="fl-22"/>
      </object_component>
      <object_component id="oc-61">
         <name>.text:_c_int00_noargs:_c_int00_noargs</name>
         <load_address>0x5f8c</load_address>
         <run_address>0x5f8c</run_address>
         <size>0x34</size>
         <input_file_ref idref="fl-ec"/>
      </object_component>
      <object_component id="oc-29c">
         <name>.text</name>
         <load_address>0x5fc0</load_address>
         <run_address>0x5fc0</run_address>
         <size>0x2e</size>
         <input_file_ref idref="fl-e4"/>
      </object_component>
      <object_component id="oc-22f">
         <name>.text:GPIODirModeSet</name>
         <load_address>0x5fee</load_address>
         <run_address>0x5fee</run_address>
         <size>0x2a</size>
         <input_file_ref idref="fl-1d"/>
      </object_component>
      <object_component id="oc-377">
         <name>.text:PWMGenConfigure</name>
         <load_address>0x6018</load_address>
         <run_address>0x6018</run_address>
         <size>0x22</size>
         <input_file_ref idref="fl-20"/>
      </object_component>
      <object_component id="oc-38f">
         <name>.text:PWMPulseWidthSet</name>
         <load_address>0x603a</load_address>
         <run_address>0x603a</run_address>
         <size>0x1e</size>
         <input_file_ref idref="fl-20"/>
      </object_component>
      <object_component id="oc-296">
         <name>.text:GPIOPinTypeGPIOOutput</name>
         <load_address>0x6058</load_address>
         <run_address>0x6058</run_address>
         <size>0x18</size>
         <input_file_ref idref="fl-1d"/>
      </object_component>
      <object_component id="oc-39f">
         <name>.text:QEIIntRegister</name>
         <load_address>0x6070</load_address>
         <run_address>0x6070</run_address>
         <size>0x18</size>
         <input_file_ref idref="fl-21"/>
      </object_component>
      <object_component id="oc-371">
         <name>.text:SysCtlPWMClockSet</name>
         <load_address>0x6088</load_address>
         <run_address>0x6088</run_address>
         <size>0x14</size>
         <input_file_ref idref="fl-22"/>
      </object_component>
      <object_component id="oc-266">
         <name>.text:GPIOPinTypeI2C</name>
         <load_address>0x609c</load_address>
         <run_address>0x609c</run_address>
         <size>0x12</size>
         <input_file_ref idref="fl-1d"/>
      </object_component>
      <object_component id="oc-260">
         <name>.text:GPIOPinTypeI2CSCL</name>
         <load_address>0x60ae</load_address>
         <run_address>0x60ae</run_address>
         <size>0x12</size>
         <input_file_ref idref="fl-1d"/>
      </object_component>
      <object_component id="oc-36b">
         <name>.text:GPIOPinTypePWM</name>
         <load_address>0x60c0</load_address>
         <run_address>0x60c0</run_address>
         <size>0x12</size>
         <input_file_ref idref="fl-1d"/>
      </object_component>
      <object_component id="oc-14b">
         <name>.text:GPIOPinTypeUART</name>
         <load_address>0x60d2</load_address>
         <run_address>0x60d2</run_address>
         <size>0x12</size>
         <input_file_ref idref="fl-1d"/>
      </object_component>
      <object_component id="oc-395">
         <name>.text:PWMOutputState</name>
         <load_address>0x60e4</load_address>
         <run_address>0x60e4</run_address>
         <size>0x12</size>
         <input_file_ref idref="fl-20"/>
      </object_component>
      <object_component id="oc-37d">
         <name>.text:PWMGenPeriodSet</name>
         <load_address>0x60f6</load_address>
         <run_address>0x60f6</run_address>
         <size>0x10</size>
         <input_file_ref idref="fl-20"/>
      </object_component>
      <object_component id="oc-18">
         <name>.text:decompress:none:__TI_decompress_none</name>
         <load_address>0x6106</load_address>
         <run_address>0x6106</run_address>
         <size>0xe</size>
         <input_file_ref idref="fl-e9"/>
      </object_component>
      <object_component id="oc-383">
         <name>.text:PWMGenEnable</name>
         <load_address>0x6114</load_address>
         <run_address>0x6114</run_address>
         <size>0xc</size>
         <input_file_ref idref="fl-20"/>
      </object_component>
      <object_component id="oc-55">
         <name>.text:decompress:ZI:__TI_zero_init</name>
         <load_address>0x6120</load_address>
         <run_address>0x6120</run_address>
         <size>0xc</size>
         <input_file_ref idref="fl-e8"/>
      </object_component>
      <object_component id="oc-24">
         <name>.text</name>
         <load_address>0x612c</load_address>
         <run_address>0x612c</run_address>
         <size>0xc</size>
         <input_file_ref idref="fl-2"/>
      </object_component>
      <object_component id="oc-3bb">
         <name>.text:I2CMasterEnable</name>
         <load_address>0x6138</load_address>
         <run_address>0x6138</run_address>
         <size>0xa</size>
         <input_file_ref idref="fl-1e"/>
      </object_component>
      <object_component id="oc-28a">
         <name>.text:I2CMasterBusy</name>
         <load_address>0x6142</load_address>
         <run_address>0x6142</run_address>
         <size>0x8</size>
         <input_file_ref idref="fl-1e"/>
      </object_component>
      <object_component id="oc-278">
         <name>.text:I2CMasterSlaveAddrSet</name>
         <load_address>0x614a</load_address>
         <run_address>0x614a</run_address>
         <size>0x8</size>
         <input_file_ref idref="fl-1e"/>
      </object_component>
      <object_component id="oc-3d3">
         <name>.text:__aeabi_errno_addr</name>
         <load_address>0x6154</load_address>
         <run_address>0x6154</run_address>
         <size>0x8</size>
         <input_file_ref idref="fl-eb"/>
      </object_component>
      <object_component id="oc-389">
         <name>.text:GPIOPinWrite</name>
         <load_address>0x615c</load_address>
         <run_address>0x615c</run_address>
         <size>0x6</size>
         <input_file_ref idref="fl-1d"/>
      </object_component>
      <object_component id="oc-226">
         <name>.text:SysCtlDelay</name>
         <load_address>0x6162</load_address>
         <run_address>0x6162</run_address>
         <size>0x6</size>
         <input_file_ref idref="fl-22"/>
      </object_component>
      <object_component id="oc-12d">
         <name>.text:UARTClockSourceSet</name>
         <load_address>0x6168</load_address>
         <run_address>0x6168</run_address>
         <size>0x6</size>
         <input_file_ref idref="fl-23"/>
      </object_component>
      <object_component id="oc-284">
         <name>.text:I2CMasterControl</name>
         <load_address>0x616e</load_address>
         <run_address>0x616e</run_address>
         <size>0x4</size>
         <input_file_ref idref="fl-1e"/>
      </object_component>
      <object_component id="oc-290">
         <name>.text:I2CMasterDataGet</name>
         <load_address>0x6172</load_address>
         <run_address>0x6172</run_address>
         <size>0x4</size>
         <input_file_ref idref="fl-1e"/>
      </object_component>
      <object_component id="oc-27e">
         <name>.text:I2CMasterDataPut</name>
         <load_address>0x6176</load_address>
         <run_address>0x6176</run_address>
         <size>0x4</size>
         <input_file_ref idref="fl-1e"/>
      </object_component>
      <object_component id="oc-b9">
         <name>.text:_system_pre_init</name>
         <load_address>0x617a</load_address>
         <run_address>0x617a</run_address>
         <size>0x4</size>
         <input_file_ref idref="fl-ef"/>
      </object_component>
      <object_component id="oc-16b">
         <name>.text:abort:abort</name>
         <load_address>0x617e</load_address>
         <run_address>0x617e</run_address>
         <size>0x4</size>
         <input_file_ref idref="fl-f1"/>
      </object_component>
      <object_component id="oc-3dc">
         <name>.const:$O1$$</name>
         <load_address>0x6188</load_address>
         <run_address>0x6188</run_address>
         <size>0x98</size>
         <input_file_ref idref="fl-dc"/>
      </object_component>
      <object_component id="oc-22a">
         <name>.const:g_pui32GPIOBaseAddrs</name>
         <load_address>0x6220</load_address>
         <run_address>0x6220</run_address>
         <size>0x90</size>
         <input_file_ref idref="fl-1d"/>
      </object_component>
      <object_component id="oc-47f">
         <name>.const</name>
         <load_address>0x62b0</load_address>
         <run_address>0x62b0</run_address>
         <size>0x70</size>
         <input_file_ref idref="fl-1f"/>
      </object_component>
      <object_component id="oc-3b7">
         <name>.const:g_pui32Xtals</name>
         <load_address>0x6320</load_address>
         <run_address>0x6320</run_address>
         <size>0x6c</size>
         <input_file_ref idref="fl-22"/>
      </object_component>
      <object_component id="oc-24e">
         <name>.const:$P$T0$1</name>
         <load_address>0x638c</load_address>
         <run_address>0x638c</run_address>
         <size>0x34</size>
         <input_file_ref idref="fl-5"/>
      </object_component>
      <object_component id="oc-2f0">
         <name>.const:$P$T0$1</name>
         <load_address>0x63c0</load_address>
         <run_address>0x63c0</run_address>
         <size>0x34</size>
         <input_file_ref idref="fl-3"/>
      </object_component>
      <object_component id="oc-252">
         <name>.const:$P$T1$2</name>
         <load_address>0x63f4</load_address>
         <run_address>0x63f4</run_address>
         <size>0x34</size>
         <input_file_ref idref="fl-5"/>
      </object_component>
      <object_component id="oc-359">
         <name>.const:.string</name>
         <load_address>0x6428</load_address>
         <run_address>0x6428</run_address>
         <size>0x12</size>
         <input_file_ref idref="fl-17"/>
      </object_component>
      <object_component id="oc-20f">
         <name>.const:g_ui32UARTBase</name>
         <load_address>0x643c</load_address>
         <run_address>0x643c</run_address>
         <size>0xc</size>
         <input_file_ref idref="fl-17"/>
      </object_component>
      <object_component id="oc-209">
         <name>.const:g_ui32UARTPeriph</name>
         <load_address>0x6448</load_address>
         <run_address>0x6448</run_address>
         <size>0xc</size>
         <input_file_ref idref="fl-17"/>
      </object_component>
      <object_component id="oc-79">
         <name>.const</name>
         <load_address>0x6454</load_address>
         <run_address>0x6454</run_address>
         <size>0x4</size>
         <input_file_ref idref="fl-b"/>
      </object_component>
      <object_component id="oc-217">
         <name>.const</name>
         <load_address>0x6458</load_address>
         <run_address>0x6458</run_address>
         <size>0x4</size>
         <input_file_ref idref="fl-17"/>
      </object_component>
      <object_component id="oc-4bb">
         <name>.cinit..data.load</name>
         <load_address>0x6460</load_address>
         <run_address>0x6460</run_address>
         <size>0x25</size>
      </object_component>
      <object_component id="oc-4b8">
         <name>__TI_handler_table</name>
         <load_address>0x6488</load_address>
         <run_address>0x6488</run_address>
         <size>0xc</size>
      </object_component>
      <object_component id="oc-4bc">
         <name>.cinit..bss.load</name>
         <load_address>0x6498</load_address>
         <run_address>0x6498</run_address>
         <size>0x8</size>
      </object_component>
      <object_component id="oc-4ba">
         <name>.cinit..vtable.load</name>
         <load_address>0x64a0</load_address>
         <run_address>0x64a0</run_address>
         <size>0x8</size>
      </object_component>
      <object_component id="oc-4b9">
         <name>__TI_cinit_table</name>
         <load_address>0x64a8</load_address>
         <run_address>0x64a8</run_address>
         <size>0x18</size>
      </object_component>
      <object_component id="oc-47a">
         <name>.vtable</name>
         <uninitialized>true</uninitialized>
         <run_address>0x20000000</run_address>
         <size>0x26c</size>
         <input_file_ref idref="fl-1f"/>
      </object_component>
      <object_component id="oc-1bf">
         <name>.data</name>
         <load_address>0x20007d50</load_address>
         <run_address>0x20007d50</run_address>
         <size>0x8</size>
         <input_file_ref idref="fl-9"/>
      </object_component>
      <object_component id="oc-83">
         <name>.data</name>
         <load_address>0x20007d68</load_address>
         <run_address>0x20007d68</run_address>
         <size>0x4</size>
         <input_file_ref idref="fl-b"/>
      </object_component>
      <object_component id="oc-76">
         <name>.data</name>
         <load_address>0x20007cf8</load_address>
         <run_address>0x20007cf8</run_address>
         <size>0x34</size>
         <input_file_ref idref="fl-f"/>
      </object_component>
      <object_component id="oc-1dd">
         <name>.data</name>
         <load_address>0x20007d44</load_address>
         <run_address>0x20007d44</run_address>
         <size>0xc</size>
         <input_file_ref idref="fl-10"/>
      </object_component>
      <object_component id="oc-2e1">
         <name>.data</name>
         <load_address>0x20007d2c</load_address>
         <run_address>0x20007d2c</run_address>
         <size>0x18</size>
         <input_file_ref idref="fl-11"/>
      </object_component>
      <object_component id="oc-3a5">
         <name>.data</name>
         <load_address>0x20007d58</load_address>
         <run_address>0x20007d58</run_address>
         <size>0x8</size>
         <input_file_ref idref="fl-15"/>
      </object_component>
      <object_component id="oc-20c">
         <name>.data</name>
         <load_address>0x20007d60</load_address>
         <run_address>0x20007d60</run_address>
         <size>0x5</size>
         <input_file_ref idref="fl-17"/>
      </object_component>
      <object_component id="oc-45d">
         <name>.data</name>
         <load_address>0x20007d6c</load_address>
         <run_address>0x20007d6c</run_address>
         <size>0x4</size>
         <input_file_ref idref="fl-eb"/>
      </object_component>
      <object_component id="oc-2f1">
         <name>.bss</name>
         <uninitialized>true</uninitialized>
         <run_address>0x20007af0</run_address>
         <size>0x4</size>
         <input_file_ref idref="fl-3"/>
      </object_component>
      <object_component id="oc-256">
         <name>.bss:w_get</name>
         <uninitialized>true</uninitialized>
         <run_address>0x20007a80</run_address>
         <size>0x8</size>
         <input_file_ref idref="fl-5"/>
      </object_component>
      <object_component id="oc-259">
         <name>.bss:w_set</name>
         <uninitialized>true</uninitialized>
         <run_address>0x20007a90</run_address>
         <size>0x8</size>
         <input_file_ref idref="fl-5"/>
      </object_component>
      <object_component id="oc-25c">
         <name>.bss:w_run</name>
         <uninitialized>true</uninitialized>
         <run_address>0x20007a88</run_address>
         <size>0x8</size>
         <input_file_ref idref="fl-5"/>
      </object_component>
      <object_component id="oc-253">
         <name>.bss</name>
         <uninitialized>true</uninitialized>
         <run_address>0x20007ae8</run_address>
         <size>0x4</size>
         <input_file_ref idref="fl-5"/>
      </object_component>
      <object_component id="oc-1c8">
         <name>.bss:ucHeap</name>
         <uninitialized>true</uninitialized>
         <run_address>0x20000270</run_address>
         <size>0x7530</size>
         <input_file_ref idref="fl-9"/>
      </object_component>
      <object_component id="oc-1c2">
         <name>.bss:xStart</name>
         <uninitialized>true</uninitialized>
         <run_address>0x20007aa0</run_address>
         <size>0x8</size>
         <input_file_ref idref="fl-9"/>
      </object_component>
      <object_component id="oc-1c5">
         <name>.bss:xEnd</name>
         <uninitialized>true</uninitialized>
         <run_address>0x20007a98</run_address>
         <size>0x8</size>
         <input_file_ref idref="fl-9"/>
      </object_component>
      <object_component id="oc-e7">
         <name>.bss:pxReadyTasksLists</name>
         <uninitialized>true</uninitialized>
         <run_address>0x200077a0</run_address>
         <size>0x140</size>
         <input_file_ref idref="fl-f"/>
      </object_component>
      <object_component id="oc-fc">
         <name>.bss:xDelayedTaskList1</name>
         <uninitialized>true</uninitialized>
         <run_address>0x200079f4</run_address>
         <size>0x14</size>
         <input_file_ref idref="fl-f"/>
      </object_component>
      <object_component id="oc-ff">
         <name>.bss:xDelayedTaskList2</name>
         <uninitialized>true</uninitialized>
         <run_address>0x20007a08</run_address>
         <size>0x14</size>
         <input_file_ref idref="fl-f"/>
      </object_component>
      <object_component id="oc-ed">
         <name>.bss</name>
         <uninitialized>true</uninitialized>
         <run_address>0x20007a70</run_address>
         <size>0x8</size>
         <input_file_ref idref="fl-f"/>
      </object_component>
      <object_component id="oc-f9">
         <name>.bss:xPendingReadyList</name>
         <uninitialized>true</uninitialized>
         <run_address>0x20007a1c</run_address>
         <size>0x14</size>
         <input_file_ref idref="fl-f"/>
      </object_component>
      <object_component id="oc-ea">
         <name>.bss:xTasksWaitingTermination</name>
         <uninitialized>true</uninitialized>
         <run_address>0x20007a44</run_address>
         <size>0x14</size>
         <input_file_ref idref="fl-f"/>
      </object_component>
      <object_component id="oc-f0">
         <name>.bss:xSuspendedTaskList</name>
         <uninitialized>true</uninitialized>
         <run_address>0x20007a30</run_address>
         <size>0x14</size>
         <input_file_ref idref="fl-f"/>
      </object_component>
      <object_component id="oc-1e3">
         <name>.bss:xActiveTimerList1</name>
         <uninitialized>true</uninitialized>
         <run_address>0x200079cc</run_address>
         <size>0x14</size>
         <input_file_ref idref="fl-10"/>
      </object_component>
      <object_component id="oc-1e6">
         <name>.bss:xActiveTimerList2</name>
         <uninitialized>true</uninitialized>
         <run_address>0x200079e0</run_address>
         <size>0x14</size>
         <input_file_ref idref="fl-10"/>
      </object_component>
      <object_component id="oc-1e0">
         <name>.bss</name>
         <uninitialized>true</uninitialized>
         <run_address>0x20007a78</run_address>
         <size>0x8</size>
         <input_file_ref idref="fl-10"/>
      </object_component>
      <object_component id="oc-2e9">
         <name>.bss:f_P</name>
         <uninitialized>true</uninitialized>
         <run_address>0x20007a58</run_address>
         <size>0x10</size>
         <input_file_ref idref="fl-11"/>
      </object_component>
      <object_component id="oc-2db">
         <name>.bss</name>
         <uninitialized>true</uninitialized>
         <run_address>0x20007a68</run_address>
         <size>0x8</size>
         <input_file_ref idref="fl-11"/>
      </object_component>
      <object_component id="oc-39b">
         <name>.bss</name>
         <uninitialized>true</uninitialized>
         <run_address>0x20007aec</run_address>
         <size>0x4</size>
         <input_file_ref idref="fl-14"/>
      </object_component>
      <object_component id="oc-2ef">
         <name>.common:PID</name>
         <uninitialized>true</uninitialized>
         <run_address>0x20007998</run_address>
         <size>0x34</size>
      </object_component>
      <object_component id="oc-2ed">
         <name>.common:a_get</name>
         <uninitialized>true</uninitialized>
         <run_address>0x20007aa8</run_address>
         <size>0x8</size>
      </object_component>
      <object_component id="oc-2ee">
         <name>.common:a_out</name>
         <uninitialized>true</uninitialized>
         <run_address>0x20007ab0</run_address>
         <size>0x8</size>
      </object_component>
      <object_component id="oc-24f">
         <name>.common:PID_Velocity</name>
         <uninitialized>true</uninitialized>
         <run_address>0x200078e0</run_address>
         <size>0x68</size>
      </object_component>
      <object_component id="oc-33d">
         <name>.common:xQueueRegistry</name>
         <uninitialized>true</uninitialized>
         <run_address>0x20007948</run_address>
         <size>0x50</size>
      </object_component>
      <object_component id="oc-2e5">
         <name>.common:gyroXangle</name>
         <uninitialized>true</uninitialized>
         <run_address>0x20007ac8</run_address>
         <size>0x8</size>
      </object_component>
      <object_component id="oc-2e7">
         <name>.common:gyroYangle</name>
         <uninitialized>true</uninitialized>
         <run_address>0x20007ad0</run_address>
         <size>0x8</size>
      </object_component>
      <object_component id="oc-2e4">
         <name>.common:compAngleX</name>
         <uninitialized>true</uninitialized>
         <run_address>0x20007ab8</run_address>
         <size>0x8</size>
      </object_component>
      <object_component id="oc-2e8">
         <name>.common:compAngleY</name>
         <uninitialized>true</uninitialized>
         <run_address>0x20007ac0</run_address>
         <size>0x8</size>
      </object_component>
      <object_component id="oc-2de">
         <name>.common:kalAngleX</name>
         <uninitialized>true</uninitialized>
         <run_address>0x20007ad8</run_address>
         <size>0x8</size>
      </object_component>
      <object_component id="oc-2e6">
         <name>.common:kalAngleY</name>
         <uninitialized>true</uninitialized>
         <run_address>0x20007ae0</run_address>
         <size>0x8</size>
      </object_component>
      <object_component id="oc-21">
         <name>.stack</name>
         <uninitialized>true</uninitialized>
         <run_address>0x20007af8</run_address>
         <size>0x4</size>
         <input_file_ref idref="fl-ec"/>
      </object_component>
      <object_component id="oc-4bd">
         <name>.stack</name>
         <uninitialized>true</uninitialized>
         <run_address>0x20007af8</run_address>
         <size>0x0</size>
      </object_component>
      <object_component id="oc-37">
         <name>.debug_info</name>
         <load_address>0x0</load_address>
         <run_address>0x0</run_address>
         <size>0x315</size>
         <input_file_ref idref="fl-2"/>
      </object_component>
      <object_component id="oc-10">
         <name>.debug_info</name>
         <load_address>0x315</load_address>
         <run_address>0x315</run_address>
         <size>0xd4</size>
         <input_file_ref idref="fl-2"/>
      </object_component>
      <object_component id="oc-25">
         <name>.debug_info</name>
         <load_address>0x3e9</load_address>
         <run_address>0x3e9</run_address>
         <size>0x250</size>
         <input_file_ref idref="fl-2"/>
      </object_component>
      <object_component id="oc-94">
         <name>.debug_info</name>
         <load_address>0x639</load_address>
         <run_address>0x639</run_address>
         <size>0x26b</size>
         <input_file_ref idref="fl-2"/>
      </object_component>
      <object_component id="oc-3e">
         <name>.debug_info</name>
         <load_address>0x8a4</load_address>
         <run_address>0x8a4</run_address>
         <size>0x84</size>
         <input_file_ref idref="fl-2"/>
      </object_component>
      <object_component id="oc-118">
         <name>.debug_info</name>
         <load_address>0x928</load_address>
         <run_address>0x928</run_address>
         <size>0x297</size>
         <input_file_ref idref="fl-2"/>
      </object_component>
      <object_component id="oc-99">
         <name>.debug_info</name>
         <load_address>0xbbf</load_address>
         <run_address>0xbbf</run_address>
         <size>0xbb</size>
         <input_file_ref idref="fl-2"/>
      </object_component>
      <object_component id="oc-116">
         <name>.debug_info</name>
         <load_address>0xc7a</load_address>
         <run_address>0xc7a</run_address>
         <size>0x5ba</size>
         <input_file_ref idref="fl-3"/>
      </object_component>
      <object_component id="oc-2f2">
         <name>.debug_info</name>
         <load_address>0x1234</load_address>
         <run_address>0x1234</run_address>
         <size>0xe0</size>
         <input_file_ref idref="fl-3"/>
      </object_component>
      <object_component id="oc-15e">
         <name>.debug_info</name>
         <load_address>0x1314</load_address>
         <run_address>0x1314</run_address>
         <size>0x3d6</size>
         <input_file_ref idref="fl-3"/>
      </object_component>
      <object_component id="oc-d4">
         <name>.debug_info</name>
         <load_address>0x16ea</load_address>
         <run_address>0x16ea</run_address>
         <size>0x30c</size>
         <input_file_ref idref="fl-3"/>
      </object_component>
      <object_component id="oc-166">
         <name>.debug_info</name>
         <load_address>0x19f6</load_address>
         <run_address>0x19f6</run_address>
         <size>0x71</size>
         <input_file_ref idref="fl-3"/>
      </object_component>
      <object_component id="oc-1fd">
         <name>.debug_info</name>
         <load_address>0x1a67</load_address>
         <run_address>0x1a67</run_address>
         <size>0x48</size>
         <input_file_ref idref="fl-3"/>
      </object_component>
      <object_component id="oc-1f8">
         <name>.debug_info</name>
         <load_address>0x1aaf</load_address>
         <run_address>0x1aaf</run_address>
         <size>0x13a</size>
         <input_file_ref idref="fl-3"/>
      </object_component>
      <object_component id="oc-111">
         <name>.debug_info</name>
         <load_address>0x1be9</load_address>
         <run_address>0x1be9</run_address>
         <size>0x44c</size>
         <input_file_ref idref="fl-3"/>
      </object_component>
      <object_component id="oc-1ab">
         <name>.debug_info</name>
         <load_address>0x2035</load_address>
         <run_address>0x2035</run_address>
         <size>0x46</size>
         <input_file_ref idref="fl-3"/>
      </object_component>
      <object_component id="oc-88">
         <name>.debug_info</name>
         <load_address>0x207b</load_address>
         <run_address>0x207b</run_address>
         <size>0x2c</size>
         <input_file_ref idref="fl-3"/>
      </object_component>
      <object_component id="oc-107">
         <name>.debug_info</name>
         <load_address>0x20a7</load_address>
         <run_address>0x20a7</run_address>
         <size>0x53</size>
         <input_file_ref idref="fl-3"/>
      </object_component>
      <object_component id="oc-8d">
         <name>.debug_info</name>
         <load_address>0x20fa</load_address>
         <run_address>0x20fa</run_address>
         <size>0x53</size>
         <input_file_ref idref="fl-3"/>
      </object_component>
      <object_component id="oc-10c">
         <name>.debug_info</name>
         <load_address>0x214d</load_address>
         <run_address>0x214d</run_address>
         <size>0x14c</size>
         <input_file_ref idref="fl-3"/>
      </object_component>
      <object_component id="oc-164">
         <name>.debug_info</name>
         <load_address>0x2299</load_address>
         <run_address>0x2299</run_address>
         <size>0x6f6</size>
         <input_file_ref idref="fl-4"/>
      </object_component>
      <object_component id="oc-c2">
         <name>.debug_info</name>
         <load_address>0x298f</load_address>
         <run_address>0x298f</run_address>
         <size>0x6a9</size>
         <input_file_ref idref="fl-4"/>
      </object_component>
      <object_component id="oc-306">
         <name>.debug_info</name>
         <load_address>0x3038</load_address>
         <run_address>0x3038</run_address>
         <size>0x7a</size>
         <input_file_ref idref="fl-4"/>
      </object_component>
      <object_component id="oc-2f7">
         <name>.debug_info</name>
         <load_address>0x30b2</load_address>
         <run_address>0x30b2</run_address>
         <size>0x44c</size>
         <input_file_ref idref="fl-4"/>
      </object_component>
      <object_component id="oc-301">
         <name>.debug_info</name>
         <load_address>0x34fe</load_address>
         <run_address>0x34fe</run_address>
         <size>0x46</size>
         <input_file_ref idref="fl-4"/>
      </object_component>
      <object_component id="oc-2fc">
         <name>.debug_info</name>
         <load_address>0x3544</load_address>
         <run_address>0x3544</run_address>
         <size>0x2c</size>
         <input_file_ref idref="fl-4"/>
      </object_component>
      <object_component id="oc-124">
         <name>.debug_info</name>
         <load_address>0x3570</load_address>
         <run_address>0x3570</run_address>
         <size>0x2c</size>
         <input_file_ref idref="fl-4"/>
      </object_component>
      <object_component id="oc-221">
         <name>.debug_info</name>
         <load_address>0x359c</load_address>
         <run_address>0x359c</run_address>
         <size>0x2c</size>
         <input_file_ref idref="fl-4"/>
      </object_component>
      <object_component id="oc-250">
         <name>.debug_info</name>
         <load_address>0x35c8</load_address>
         <run_address>0x35c8</run_address>
         <size>0x5f2</size>
         <input_file_ref idref="fl-5"/>
      </object_component>
      <object_component id="oc-257">
         <name>.debug_info</name>
         <load_address>0x3bba</load_address>
         <run_address>0x3bba</run_address>
         <size>0xd4</size>
         <input_file_ref idref="fl-5"/>
      </object_component>
      <object_component id="oc-25a">
         <name>.debug_info</name>
         <load_address>0x3c8e</load_address>
         <run_address>0x3c8e</run_address>
         <size>0xd4</size>
         <input_file_ref idref="fl-5"/>
      </object_component>
      <object_component id="oc-25d">
         <name>.debug_info</name>
         <load_address>0x3d62</load_address>
         <run_address>0x3d62</run_address>
         <size>0xd4</size>
         <input_file_ref idref="fl-5"/>
      </object_component>
      <object_component id="oc-254">
         <name>.debug_info</name>
         <load_address>0x3e36</load_address>
         <run_address>0x3e36</run_address>
         <size>0xe8</size>
         <input_file_ref idref="fl-5"/>
      </object_component>
      <object_component id="oc-153">
         <name>.debug_info</name>
         <load_address>0x3f1e</load_address>
         <run_address>0x3f1e</run_address>
         <size>0x55e</size>
         <input_file_ref idref="fl-5"/>
      </object_component>
      <object_component id="oc-3aa">
         <name>.debug_info</name>
         <load_address>0x447c</load_address>
         <run_address>0x447c</run_address>
         <size>0x246</size>
         <input_file_ref idref="fl-6"/>
      </object_component>
      <object_component id="oc-24a">
         <name>.debug_info</name>
         <load_address>0x46c2</load_address>
         <run_address>0x46c2</run_address>
         <size>0x246</size>
         <input_file_ref idref="fl-6"/>
      </object_component>
      <object_component id="oc-32b">
         <name>.debug_info</name>
         <load_address>0x4908</load_address>
         <run_address>0x4908</run_address>
         <size>0x5f0</size>
         <input_file_ref idref="fl-8"/>
      </object_component>
      <object_component id="oc-1b0">
         <name>.debug_info</name>
         <load_address>0x4ef8</load_address>
         <run_address>0x4ef8</run_address>
         <size>0x110</size>
         <input_file_ref idref="fl-8"/>
      </object_component>
      <object_component id="oc-1ba">
         <name>.debug_info</name>
         <load_address>0x5008</load_address>
         <run_address>0x5008</run_address>
         <size>0x44c</size>
         <input_file_ref idref="fl-8"/>
      </object_component>
      <object_component id="oc-41c">
         <name>.debug_info</name>
         <load_address>0x5454</load_address>
         <run_address>0x5454</run_address>
         <size>0x39</size>
         <input_file_ref idref="fl-8"/>
      </object_component>
      <object_component id="oc-421">
         <name>.debug_info</name>
         <load_address>0x548d</load_address>
         <run_address>0x548d</run_address>
         <size>0x76</size>
         <input_file_ref idref="fl-8"/>
      </object_component>
      <object_component id="oc-1cc">
         <name>.debug_info</name>
         <load_address>0x5503</load_address>
         <run_address>0x5503</run_address>
         <size>0x3d7</size>
         <input_file_ref idref="fl-9"/>
      </object_component>
      <object_component id="oc-1c9">
         <name>.debug_info</name>
         <load_address>0x58da</load_address>
         <run_address>0x58da</run_address>
         <size>0xbe</size>
         <input_file_ref idref="fl-9"/>
      </object_component>
      <object_component id="oc-1c3">
         <name>.debug_info</name>
         <load_address>0x5998</load_address>
         <run_address>0x5998</run_address>
         <size>0xbe</size>
         <input_file_ref idref="fl-9"/>
      </object_component>
      <object_component id="oc-1c6">
         <name>.debug_info</name>
         <load_address>0x5a56</load_address>
         <run_address>0x5a56</run_address>
         <size>0xba</size>
         <input_file_ref idref="fl-9"/>
      </object_component>
      <object_component id="oc-1c0">
         <name>.debug_info</name>
         <load_address>0x5b10</load_address>
         <run_address>0x5b10</run_address>
         <size>0xd8</size>
         <input_file_ref idref="fl-9"/>
      </object_component>
      <object_component id="oc-df">
         <name>.debug_info</name>
         <load_address>0x5be8</load_address>
         <run_address>0x5be8</run_address>
         <size>0x58e</size>
         <input_file_ref idref="fl-9"/>
      </object_component>
      <object_component id="oc-330">
         <name>.debug_info</name>
         <load_address>0x6176</load_address>
         <run_address>0x6176</run_address>
         <size>0x62</size>
         <input_file_ref idref="fl-9"/>
      </object_component>
      <object_component id="oc-1ce">
         <name>.debug_info</name>
         <load_address>0x61d8</load_address>
         <run_address>0x61d8</run_address>
         <size>0x344</size>
         <input_file_ref idref="fl-a"/>
      </object_component>
      <object_component id="oc-e2">
         <name>.debug_info</name>
         <load_address>0x651c</load_address>
         <run_address>0x651c</run_address>
         <size>0x490</size>
         <input_file_ref idref="fl-a"/>
      </object_component>
      <object_component id="oc-87">
         <name>.debug_info</name>
         <load_address>0x69ac</load_address>
         <run_address>0x69ac</run_address>
         <size>0x3c3</size>
         <input_file_ref idref="fl-b"/>
      </object_component>
      <object_component id="oc-7a">
         <name>.debug_info</name>
         <load_address>0x6d6f</load_address>
         <run_address>0x6d6f</run_address>
         <size>0xeb</size>
         <input_file_ref idref="fl-b"/>
      </object_component>
      <object_component id="oc-84">
         <name>.debug_info</name>
         <load_address>0x6e5a</load_address>
         <run_address>0x6e5a</run_address>
         <size>0xd2</size>
         <input_file_ref idref="fl-b"/>
      </object_component>
      <object_component id="oc-33">
         <name>.debug_info</name>
         <load_address>0x6f2c</load_address>
         <run_address>0x6f2c</run_address>
         <size>0x522</size>
         <input_file_ref idref="fl-b"/>
      </object_component>
      <object_component id="oc-2b">
         <name>.debug_info</name>
         <load_address>0x744e</load_address>
         <run_address>0x744e</run_address>
         <size>0x220</size>
         <input_file_ref idref="fl-c"/>
      </object_component>
      <object_component id="oc-33e">
         <name>.debug_info</name>
         <load_address>0x766e</load_address>
         <run_address>0x766e</run_address>
         <size>0x861</size>
         <input_file_ref idref="fl-d"/>
      </object_component>
      <object_component id="oc-1d9">
         <name>.debug_info</name>
         <load_address>0x7ecf</load_address>
         <run_address>0x7ecf</run_address>
         <size>0x349a</size>
         <input_file_ref idref="fl-d"/>
      </object_component>
      <object_component id="oc-428">
         <name>.debug_info</name>
         <load_address>0xb369</load_address>
         <run_address>0xb369</run_address>
         <size>0x1cd</size>
         <input_file_ref idref="fl-d"/>
      </object_component>
      <object_component id="oc-d3">
         <name>.debug_info</name>
         <load_address>0xb536</load_address>
         <run_address>0xb536</run_address>
         <size>0x79e</size>
         <input_file_ref idref="fl-f"/>
      </object_component>
      <object_component id="oc-77">
         <name>.debug_info</name>
         <load_address>0xbcd4</load_address>
         <run_address>0xbcd4</run_address>
         <size>0x32d</size>
         <input_file_ref idref="fl-f"/>
      </object_component>
      <object_component id="oc-e8">
         <name>.debug_info</name>
         <load_address>0xc001</load_address>
         <run_address>0xc001</run_address>
         <size>0xd4</size>
         <input_file_ref idref="fl-f"/>
      </object_component>
      <object_component id="oc-fd">
         <name>.debug_info</name>
         <load_address>0xc0d5</load_address>
         <run_address>0xc0d5</run_address>
         <size>0xd4</size>
         <input_file_ref idref="fl-f"/>
      </object_component>
      <object_component id="oc-100">
         <name>.debug_info</name>
         <load_address>0xc1a9</load_address>
         <run_address>0xc1a9</run_address>
         <size>0xd4</size>
         <input_file_ref idref="fl-f"/>
      </object_component>
      <object_component id="oc-ee">
         <name>.debug_info</name>
         <load_address>0xc27d</load_address>
         <run_address>0xc27d</run_address>
         <size>0x117</size>
         <input_file_ref idref="fl-f"/>
      </object_component>
      <object_component id="oc-fa">
         <name>.debug_info</name>
         <load_address>0xc394</load_address>
         <run_address>0xc394</run_address>
         <size>0xd4</size>
         <input_file_ref idref="fl-f"/>
      </object_component>
      <object_component id="oc-eb">
         <name>.debug_info</name>
         <load_address>0xc468</load_address>
         <run_address>0xc468</run_address>
         <size>0xe2</size>
         <input_file_ref idref="fl-f"/>
      </object_component>
      <object_component id="oc-f1">
         <name>.debug_info</name>
         <load_address>0xc54a</load_address>
         <run_address>0xc54a</run_address>
         <size>0xd6</size>
         <input_file_ref idref="fl-f"/>
      </object_component>
      <object_component id="oc-7d">
         <name>.debug_info</name>
         <load_address>0xc620</load_address>
         <run_address>0xc620</run_address>
         <size>0x4acc</size>
         <input_file_ref idref="fl-f"/>
      </object_component>
      <object_component id="oc-1b5">
         <name>.debug_info</name>
         <load_address>0x110ec</load_address>
         <run_address>0x110ec</run_address>
         <size>0x146</size>
         <input_file_ref idref="fl-f"/>
      </object_component>
      <object_component id="oc-1ea">
         <name>.debug_info</name>
         <load_address>0x11232</load_address>
         <run_address>0x11232</run_address>
         <size>0x811</size>
         <input_file_ref idref="fl-10"/>
      </object_component>
      <object_component id="oc-1e4">
         <name>.debug_info</name>
         <load_address>0x11a43</load_address>
         <run_address>0x11a43</run_address>
         <size>0xd4</size>
         <input_file_ref idref="fl-10"/>
      </object_component>
      <object_component id="oc-1e7">
         <name>.debug_info</name>
         <load_address>0x11b17</load_address>
         <run_address>0x11b17</run_address>
         <size>0xd4</size>
         <input_file_ref idref="fl-10"/>
      </object_component>
      <object_component id="oc-1e1">
         <name>.debug_info</name>
         <load_address>0x11beb</load_address>
         <run_address>0x11beb</run_address>
         <size>0x10c</size>
         <input_file_ref idref="fl-10"/>
      </object_component>
      <object_component id="oc-1de">
         <name>.debug_info</name>
         <load_address>0x11cf7</load_address>
         <run_address>0x11cf7</run_address>
         <size>0xf8</size>
         <input_file_ref idref="fl-10"/>
      </object_component>
      <object_component id="oc-f5">
         <name>.debug_info</name>
         <load_address>0x11def</load_address>
         <run_address>0x11def</run_address>
         <size>0x1c55</size>
         <input_file_ref idref="fl-10"/>
      </object_component>
      <object_component id="oc-1eb">
         <name>.debug_info</name>
         <load_address>0x13a44</load_address>
         <run_address>0x13a44</run_address>
         <size>0x1ce</size>
         <input_file_ref idref="fl-10"/>
      </object_component>
      <object_component id="oc-2df">
         <name>.debug_info</name>
         <load_address>0x13c12</load_address>
         <run_address>0x13c12</run_address>
         <size>0x785</size>
         <input_file_ref idref="fl-11"/>
      </object_component>
      <object_component id="oc-2e2">
         <name>.debug_info</name>
         <load_address>0x14397</load_address>
         <run_address>0x14397</run_address>
         <size>0x160</size>
         <input_file_ref idref="fl-11"/>
      </object_component>
      <object_component id="oc-2ea">
         <name>.debug_info</name>
         <load_address>0x144f7</load_address>
         <run_address>0x144f7</run_address>
         <size>0xb8</size>
         <input_file_ref idref="fl-11"/>
      </object_component>
      <object_component id="oc-2dc">
         <name>.debug_info</name>
         <load_address>0x145af</load_address>
         <run_address>0x145af</run_address>
         <size>0xe6</size>
         <input_file_ref idref="fl-11"/>
      </object_component>
      <object_component id="oc-158">
         <name>.debug_info</name>
         <load_address>0x14695</load_address>
         <run_address>0x14695</run_address>
         <size>0x1b3a</size>
         <input_file_ref idref="fl-11"/>
      </object_component>
      <object_component id="oc-3ee">
         <name>.debug_info</name>
         <load_address>0x161cf</load_address>
         <run_address>0x161cf</run_address>
         <size>0x44c</size>
         <input_file_ref idref="fl-11"/>
      </object_component>
      <object_component id="oc-21b">
         <name>.debug_info</name>
         <load_address>0x1661b</load_address>
         <run_address>0x1661b</run_address>
         <size>0x8b</size>
         <input_file_ref idref="fl-11"/>
      </object_component>
      <object_component id="oc-3e9">
         <name>.debug_info</name>
         <load_address>0x166a6</load_address>
         <run_address>0x166a6</run_address>
         <size>0xcc</size>
         <input_file_ref idref="fl-11"/>
      </object_component>
      <object_component id="oc-39c">
         <name>.debug_info</name>
         <load_address>0x16772</load_address>
         <run_address>0x16772</run_address>
         <size>0xba</size>
         <input_file_ref idref="fl-14"/>
      </object_component>
      <object_component id="oc-23d">
         <name>.debug_info</name>
         <load_address>0x1682c</load_address>
         <run_address>0x1682c</run_address>
         <size>0x48a</size>
         <input_file_ref idref="fl-14"/>
      </object_component>
      <object_component id="oc-3a6">
         <name>.debug_info</name>
         <load_address>0x16cb6</load_address>
         <run_address>0x16cb6</run_address>
         <size>0xf4</size>
         <input_file_ref idref="fl-15"/>
      </object_component>
      <object_component id="oc-243">
         <name>.debug_info</name>
         <load_address>0x16daa</load_address>
         <run_address>0x16daa</run_address>
         <size>0x34a</size>
         <input_file_ref idref="fl-15"/>
      </object_component>
      <object_component id="oc-220">
         <name>.debug_info</name>
         <load_address>0x170f4</load_address>
         <run_address>0x170f4</run_address>
         <size>0x287</size>
         <input_file_ref idref="fl-17"/>
      </object_component>
      <object_component id="oc-20d">
         <name>.debug_info</name>
         <load_address>0x1737b</load_address>
         <run_address>0x1737b</run_address>
         <size>0xc8</size>
         <input_file_ref idref="fl-17"/>
      </object_component>
      <object_component id="oc-218">
         <name>.debug_info</name>
         <load_address>0x17443</load_address>
         <run_address>0x17443</run_address>
         <size>0xc2</size>
         <input_file_ref idref="fl-17"/>
      </object_component>
      <object_component id="oc-210">
         <name>.debug_info</name>
         <load_address>0x17505</load_address>
         <run_address>0x17505</run_address>
         <size>0xd0</size>
         <input_file_ref idref="fl-17"/>
      </object_component>
      <object_component id="oc-20a">
         <name>.debug_info</name>
         <load_address>0x175d5</load_address>
         <run_address>0x175d5</run_address>
         <size>0xd4</size>
         <input_file_ref idref="fl-17"/>
      </object_component>
      <object_component id="oc-137">
         <name>.debug_info</name>
         <load_address>0x176a9</load_address>
         <run_address>0x176a9</run_address>
         <size>0x750</size>
         <input_file_ref idref="fl-17"/>
      </object_component>
      <object_component id="oc-22e">
         <name>.debug_info</name>
         <load_address>0x17df9</load_address>
         <run_address>0x17df9</run_address>
         <size>0x240</size>
         <input_file_ref idref="fl-1d"/>
      </object_component>
      <object_component id="oc-22b">
         <name>.debug_info</name>
         <load_address>0x18039</load_address>
         <run_address>0x18039</run_address>
         <size>0x15b</size>
         <input_file_ref idref="fl-1d"/>
      </object_component>
      <object_component id="oc-38c">
         <name>.debug_info</name>
         <load_address>0x18194</load_address>
         <run_address>0x18194</run_address>
         <size>0x2a3</size>
         <input_file_ref idref="fl-1d"/>
      </object_component>
      <object_component id="oc-231">
         <name>.debug_info</name>
         <load_address>0x18437</load_address>
         <run_address>0x18437</run_address>
         <size>0x2b3</size>
         <input_file_ref idref="fl-1d"/>
      </object_component>
      <object_component id="oc-238">
         <name>.debug_info</name>
         <load_address>0x186ea</load_address>
         <run_address>0x186ea</run_address>
         <size>0x316</size>
         <input_file_ref idref="fl-1d"/>
      </object_component>
      <object_component id="oc-14d">
         <name>.debug_info</name>
         <load_address>0x18a00</load_address>
         <run_address>0x18a00</run_address>
         <size>0x27b</size>
         <input_file_ref idref="fl-1d"/>
      </object_component>
      <object_component id="oc-36e">
         <name>.debug_info</name>
         <load_address>0x18c7b</load_address>
         <run_address>0x18c7b</run_address>
         <size>0x279</size>
         <input_file_ref idref="fl-1d"/>
      </object_component>
      <object_component id="oc-263">
         <name>.debug_info</name>
         <load_address>0x18ef4</load_address>
         <run_address>0x18ef4</run_address>
         <size>0x27f</size>
         <input_file_ref idref="fl-1d"/>
      </object_component>
      <object_component id="oc-269">
         <name>.debug_info</name>
         <load_address>0x19173</load_address>
         <run_address>0x19173</run_address>
         <size>0x279</size>
         <input_file_ref idref="fl-1d"/>
      </object_component>
      <object_component id="oc-299">
         <name>.debug_info</name>
         <load_address>0x193ec</load_address>
         <run_address>0x193ec</run_address>
         <size>0x2b7</size>
         <input_file_ref idref="fl-1d"/>
      </object_component>
      <object_component id="oc-148">
         <name>.debug_info</name>
         <load_address>0x196a3</load_address>
         <run_address>0x196a3</run_address>
         <size>0x280</size>
         <input_file_ref idref="fl-1d"/>
      </object_component>
      <object_component id="oc-203">
         <name>.debug_info</name>
         <load_address>0x19923</load_address>
         <run_address>0x19923</run_address>
         <size>0x18b</size>
         <input_file_ref idref="fl-1d"/>
      </object_component>
      <object_component id="oc-3c2">
         <name>.debug_info</name>
         <load_address>0x19aae</load_address>
         <run_address>0x19aae</run_address>
         <size>0x231</size>
         <input_file_ref idref="fl-1e"/>
      </object_component>
      <object_component id="oc-27a">
         <name>.debug_info</name>
         <load_address>0x19cdf</load_address>
         <run_address>0x19cdf</run_address>
         <size>0x2ce</size>
         <input_file_ref idref="fl-1e"/>
      </object_component>
      <object_component id="oc-3bd">
         <name>.debug_info</name>
         <load_address>0x19fad</load_address>
         <run_address>0x19fad</run_address>
         <size>0x24e</size>
         <input_file_ref idref="fl-1e"/>
      </object_component>
      <object_component id="oc-274">
         <name>.debug_info</name>
         <load_address>0x1a1fb</load_address>
         <run_address>0x1a1fb</run_address>
         <size>0x2d5</size>
         <input_file_ref idref="fl-1e"/>
      </object_component>
      <object_component id="oc-280">
         <name>.debug_info</name>
         <load_address>0x1a4d0</load_address>
         <run_address>0x1a4d0</run_address>
         <size>0x27e</size>
         <input_file_ref idref="fl-1e"/>
      </object_component>
      <object_component id="oc-292">
         <name>.debug_info</name>
         <load_address>0x1a74e</load_address>
         <run_address>0x1a74e</run_address>
         <size>0x254</size>
         <input_file_ref idref="fl-1e"/>
      </object_component>
      <object_component id="oc-286">
         <name>.debug_info</name>
         <load_address>0x1a9a2</load_address>
         <run_address>0x1a9a2</run_address>
         <size>0x27e</size>
         <input_file_ref idref="fl-1e"/>
      </object_component>
      <object_component id="oc-28c">
         <name>.debug_info</name>
         <load_address>0x1ac20</load_address>
         <run_address>0x1ac20</run_address>
         <size>0x24e</size>
         <input_file_ref idref="fl-1e"/>
      </object_component>
      <object_component id="oc-47e">
         <name>.debug_info</name>
         <load_address>0x1ae6e</load_address>
         <run_address>0x1ae6e</run_address>
         <size>0x20e</size>
         <input_file_ref idref="fl-1f"/>
      </object_component>
      <object_component id="oc-480">
         <name>.debug_info</name>
         <load_address>0x1b07c</load_address>
         <run_address>0x1b07c</run_address>
         <size>0x210</size>
         <input_file_ref idref="fl-1f"/>
      </object_component>
      <object_component id="oc-47b">
         <name>.debug_info</name>
         <load_address>0x1b28c</load_address>
         <run_address>0x1b28c</run_address>
         <size>0x157</size>
         <input_file_ref idref="fl-1f"/>
      </object_component>
      <object_component id="oc-442">
         <name>.debug_info</name>
         <load_address>0x1b3e3</load_address>
         <run_address>0x1b3e3</run_address>
         <size>0x2c1</size>
         <input_file_ref idref="fl-1f"/>
      </object_component>
      <object_component id="oc-448">
         <name>.debug_info</name>
         <load_address>0x1b6a4</load_address>
         <run_address>0x1b6a4</run_address>
         <size>0x268</size>
         <input_file_ref idref="fl-1f"/>
      </object_component>
      <object_component id="oc-431">
         <name>.debug_info</name>
         <load_address>0x1b90c</load_address>
         <run_address>0x1b90c</run_address>
         <size>0x1ed</size>
         <input_file_ref idref="fl-20"/>
      </object_component>
      <object_component id="oc-391">
         <name>.debug_info</name>
         <load_address>0x1baf9</load_address>
         <run_address>0x1baf9</run_address>
         <size>0x2f6</size>
         <input_file_ref idref="fl-20"/>
      </object_component>
      <object_component id="oc-397">
         <name>.debug_info</name>
         <load_address>0x1bdef</load_address>
         <run_address>0x1bdef</run_address>
         <size>0x2c4</size>
         <input_file_ref idref="fl-20"/>
      </object_component>
      <object_component id="oc-37f">
         <name>.debug_info</name>
         <load_address>0x1c0b3</load_address>
         <run_address>0x1c0b3</run_address>
         <size>0x2b6</size>
         <input_file_ref idref="fl-20"/>
      </object_component>
      <object_component id="oc-385">
         <name>.debug_info</name>
         <load_address>0x1c369</load_address>
         <run_address>0x1c369</run_address>
         <size>0x276</size>
         <input_file_ref idref="fl-20"/>
      </object_component>
      <object_component id="oc-379">
         <name>.debug_info</name>
         <load_address>0x1c5df</load_address>
         <run_address>0x1c5df</run_address>
         <size>0x2b3</size>
         <input_file_ref idref="fl-20"/>
      </object_component>
      <object_component id="oc-44c">
         <name>.debug_info</name>
         <load_address>0x1c892</load_address>
         <run_address>0x1c892</run_address>
         <size>0x1e8</size>
         <input_file_ref idref="fl-21"/>
      </object_component>
      <object_component id="oc-43a">
         <name>.debug_info</name>
         <load_address>0x1ca7a</load_address>
         <run_address>0x1ca7a</run_address>
         <size>0x270</size>
         <input_file_ref idref="fl-21"/>
      </object_component>
      <object_component id="oc-3a0">
         <name>.debug_info</name>
         <load_address>0x1ccea</load_address>
         <run_address>0x1ccea</run_address>
         <size>0x2bd</size>
         <input_file_ref idref="fl-21"/>
      </object_component>
      <object_component id="oc-228">
         <name>.debug_info</name>
         <load_address>0x1cfa7</load_address>
         <run_address>0x1cfa7</run_address>
         <size>0x298</size>
         <input_file_ref idref="fl-22"/>
      </object_component>
      <object_component id="oc-3b8">
         <name>.debug_info</name>
         <load_address>0x1d23f</load_address>
         <run_address>0x1d23f</run_address>
         <size>0x14d</size>
         <input_file_ref idref="fl-22"/>
      </object_component>
      <object_component id="oc-142">
         <name>.debug_info</name>
         <load_address>0x1d38c</load_address>
         <run_address>0x1d38c</run_address>
         <size>0x27d</size>
         <input_file_ref idref="fl-22"/>
      </object_component>
      <object_component id="oc-373">
         <name>.debug_info</name>
         <load_address>0x1d609</load_address>
         <run_address>0x1d609</run_address>
         <size>0x263</size>
         <input_file_ref idref="fl-22"/>
      </object_component>
      <object_component id="oc-13b">
         <name>.debug_info</name>
         <load_address>0x1d86c</load_address>
         <run_address>0x1d86c</run_address>
         <size>0x2db</size>
         <input_file_ref idref="fl-22"/>
      </object_component>
      <object_component id="oc-26e">
         <name>.debug_info</name>
         <load_address>0x1db47</load_address>
         <run_address>0x1db47</run_address>
         <size>0x2b5</size>
         <input_file_ref idref="fl-22"/>
      </object_component>
      <object_component id="oc-360">
         <name>.debug_info</name>
[...]
         <value>0x993</value>
         <object_component_ref idref="oc-7c"/>
      </symbol>
      <symbol id="sm-509">
         <name>xTaskGetCurrentTaskHandle</name>
         <value>0x13bd</value>
         <object_component_ref idref="oc-7c"/>
      </symbol>
      <symbol id="sm-50a">
         <name>vTaskPlaceOnUnorderedEventList</name>
         <value>0xebb</value>
         <object_component_ref idref="oc-7c"/>
      </symbol>
      <symbol id="sm-50b">
         <name>xTaskRemoveFromEventList</name>
         <value>0xf1d</value>
         <object_component_ref idref="oc-7c"/>
      </symbol>
      <symbol id="sm-50c">
         <name>xTaskPriorityInherit</name>
         <value>0x1419</value>
         <object_component_ref idref="oc-7c"/>
      </symbol>
      <symbol id="sm-59a">
         <name>vTimerSetTimerNumber</name>
         <value>0x383f</value>
         <object_component_ref idref="oc-f3"/>
      </symbol>
      <symbol id="sm-59b">
         <name>xTimerGetTimerDaemonTaskHandle</name>
         <value>0x33e5</value>
         <object_component_ref idref="oc-f3"/>
      </symbol>
      <symbol id="sm-59c">
         <name>pcTimerGetName</name>
         <value>0x3413</value>
         <object_component_ref idref="oc-f3"/>
      </symbol>
      <symbol id="sm-59d">
         <name>xTimerCreateTimerTask</name>
         <value>0x32d9</value>
         <object_component_ref idref="oc-f3"/>
      </symbol>
      <symbol id="sm-59e">
         <name>xTimerGetExpiryTime</name>
         <value>0x33fd</value>
         <object_component_ref idref="oc-f3"/>
      </symbol>
      <symbol id="sm-59f">
         <name>uxTimerGetTimerNumber</name>
         <value>0x3831</value>
         <object_component_ref idref="oc-f3"/>
      </symbol>
      <symbol id="sm-5a0">
         <name>xTimerIsTimerActive</name>
         <value>0x37d1</value>
         <object_component_ref idref="oc-f3"/>
      </symbol>
      <symbol id="sm-5a1">
         <name>xTimerGetPeriod</name>
         <value>0x33eb</value>
         <object_component_ref idref="oc-f3"/>
      </symbol>
      <symbol id="sm-5a2">
         <name>xTimerCreate</name>
         <value>0x3305</value>
         <object_component_ref idref="oc-f3"/>
      </symbol>
      <symbol id="sm-5a3">
         <name>xTimerGenericCommand</name>
         <value>0x3379</value>
         <object_component_ref idref="oc-f3"/>
      </symbol>
      <symbol id="sm-5a4">
         <name>pvTimerGetTimerID</name>
         <value>0x37fd</value>
         <object_component_ref idref="oc-f3"/>
      </symbol>
      <symbol id="sm-5a5">
         <name>vTimerSetTimerID</name>
         <value>0x3817</value>
         <object_component_ref idref="oc-f3"/>
      </symbol>
      <symbol id="sm-653">
         <name>gyroXangle</name>
         <value>0x20007ac8</value>
      </symbol>
      <symbol id="sm-654">
         <name>gyroYangle</name>
         <value>0x20007ad0</value>
      </symbol>
      <symbol id="sm-655">
         <name>compAngleX</name>
         <value>0x20007ab8</value>
      </symbol>
      <symbol id="sm-656">
         <name>compAngleY</name>
         <value>0x20007ac0</value>
      </symbol>
      <symbol id="sm-657">
         <name>kalAngleX</name>
         <value>0x20007ad8</value>
      </symbol>
      <symbol id="sm-658">
         <name>kalAngleY</name>
         <value>0x20007ae0</value>
      </symbol>
      <symbol id="sm-659">
         <name>MPU6050_Get_Accel_Raw</name>
         <value>0x2b83</value>
         <object_component_ref idref="oc-157"/>
      </symbol>
      <symbol id="sm-65a">
         <name>Kalman_Set_Qbias</name>
         <value>0x3223</value>
         <object_component_ref idref="oc-157"/>
      </symbol>
      <symbol id="sm-65b">
         <name>MPU6050_Get_Gyro_Raw</name>
         <value>0x2bcd</value>
         <object_component_ref idref="oc-157"/>
      </symbol>
      <symbol id="sm-65c">
         <name>MPU6050_Init</name>
         <value>0x2aad</value>
         <object_component_ref idref="oc-157"/>
      </symbol>
      <symbol id="sm-65d">
         <name>Kalman_Filter_Process</name>
         <value>0x2c1d</value>
         <object_component_ref idref="oc-157"/>
      </symbol>
      <symbol id="sm-65e">
         <name>mpu_service_start</name>
         <value>0x328f</value>
         <object_component_ref idref="oc-157"/>
      </symbol>
      <symbol id="sm-65f">
         <name>Kalman_Set_Angle</name>
         <value>0x31ed</value>
         <object_component_ref idref="oc-157"/>
      </symbol>
      <symbol id="sm-660">
         <name>Kalman_Get_Rmeasure</name>
         <value>0x3269</value>
         <object_component_ref idref="oc-157"/>
      </symbol>
      <symbol id="sm-661">
         <name>Kalman_Get_Qbias</name>
         <value>0x3261</value>
         <object_component_ref idref="oc-157"/>
      </symbol>
      <symbol id="sm-662">
         <name>Kalman_Get_Qangle</name>
         <value>0x324f</value>
         <object_component_ref idref="oc-157"/>
      </symbol>
      <symbol id="sm-663">
         <name>Kalman_Set_Qangle</name>
         <value>0x3211</value>
         <object_component_ref idref="oc-157"/>
      </symbol>
      <symbol id="sm-664">
         <name>mpu_service_loop</name>
         <value>0x2aa5</value>
         <object_component_ref idref="oc-157"/>
      </symbol>
      <symbol id="sm-665">
         <name>Kalman_Get_Rate</name>
         <value>0x31ff</value>
         <object_component_ref idref="oc-157"/>
      </symbol>
      <symbol id="sm-666">
         <name>Kalman_Set_Rmeasure</name>
         <value>0x323d</value>
         <object_component_ref idref="oc-157"/>
      </symbol>
      <symbol id="sm-667">
         <name>mpu_service_init</name>
         <value>0x3271</value>
         <object_component_ref idref="oc-157"/>
      </symbol>
      <symbol id="sm-668">
         <name>MPU6050_Complimentary_Angle</name>
         <value>0x2f8b</value>
         <object_component_ref idref="oc-157"/>
      </symbol>
      <symbol id="sm-669">
         <name>MPU6050_Kalman_Angle</name>
         <value>0x2f69</value>
         <object_component_ref idref="oc-157"/>
      </symbol>
      <symbol id="sm-699">
         <name>motor_set_speed</name>
         <value>0x43d3</value>
         <object_component_ref idref="oc-23c"/>
      </symbol>
      <symbol id="sm-69a">
         <name>HBrigdeEnable</name>
         <value>0x437b</value>
         <object_component_ref idref="oc-23c"/>
      </symbol>
      <symbol id="sm-69b">
         <name>PWM_Init</name>
         <value>0x42d9</value>
         <object_component_ref idref="oc-23c"/>
      </symbol>
      <symbol id="sm-6d2">
         <name>QEI_Get</name>
         <value>0x4243</value>
         <object_component_ref idref="oc-242"/>
      </symbol>
      <symbol id="sm-6d3">
         <name>QEI_Init</name>
         <value>0x4035</value>
         <object_component_ref idref="oc-242"/>
      </symbol>
      <symbol id="sm-745">
         <name>UARTgetc</name>
         <value>0x39e5</value>
         <object_component_ref idref="oc-133"/>
      </symbol>
      <symbol id="sm-746">
         <name>UARTgets</name>
         <value>0x391f</value>
         <object_component_ref idref="oc-133"/>
      </symbol>
      <symbol id="sm-747">
         <name>UARTStdioConfig</name>
         <value>0x386d</value>
         <object_component_ref idref="oc-133"/>
      </symbol>
      <symbol id="sm-748">
         <name>UARTwrite</name>
         <value>0x38cd</value>
         <object_component_ref idref="oc-133"/>
      </symbol>
      <symbol id="sm-749">
         <name>UARTprintf</name>
         <value>0x3d13</value>
         <object_component_ref idref="oc-133"/>
      </symbol>
      <symbol id="sm-74a">
         <name>UARTvprintf</name>
         <value>0x3a19</value>
         <object_component_ref idref="oc-133"/>
      </symbol>
      <symbol id="sm-7a9">
         <name>GPIOPinTypePWM</name>
         <value>0x60c1</value>
         <object_component_ref idref="oc-36b"/>
      </symbol>
      <symbol id="sm-7aa">
         <name>GPIOPinConfigure</name>
         <value>0x5d91</value>
         <object_component_ref idref="oc-145"/>
      </symbol>
      <symbol id="sm-7ab">
         <name>GPIOPinTypeI2CSCL</name>
         <value>0x60af</value>
         <object_component_ref idref="oc-260"/>
      </symbol>
      <symbol id="sm-7ac">
         <name>GPIOPinTypeI2C</name>
         <value>0x609d</value>
         <object_component_ref idref="oc-266"/>
      </symbol>
      <symbol id="sm-7ad">
         <name>GPIOPinTypeUART</name>
         <value>0x60d3</value>
         <object_component_ref idref="oc-14b"/>
      </symbol>
      <symbol id="sm-7ae">
         <name>GPIOPinTypeGPIOOutput</name>
         <value>0x6059</value>
         <object_component_ref idref="oc-296"/>
      </symbol>
      <symbol id="sm-7af">
         <name>GPIODirModeSet</name>
         <value>0x5fef</value>
         <object_component_ref idref="oc-22f"/>
      </symbol>
      <symbol id="sm-7b0">
         <name>GPIOPinWrite</name>
         <value>0x615d</value>
         <object_component_ref idref="oc-389"/>
      </symbol>
      <symbol id="sm-7b1">
         <name>GPIOPadConfigSet</name>
         <value>0x52d3</value>
         <object_component_ref idref="oc-235"/>
      </symbol>
      <symbol id="sm-7f2">
         <name>I2CMasterDataPut</name>
         <value>0x6177</value>
         <object_component_ref idref="oc-27e"/>
      </symbol>
      <symbol id="sm-7f3">
         <name>I2CMasterInitExpClk</name>
         <value>0x5d45</value>
         <object_component_ref idref="oc-272"/>
      </symbol>
      <symbol id="sm-7f4">
         <name>I2CMasterSlaveAddrSet</name>
         <value>0x614b</value>
         <object_component_ref idref="oc-278"/>
      </symbol>
      <symbol id="sm-7f5">
         <name>I2CMasterDataGet</name>
         <value>0x6173</value>
         <object_component_ref idref="oc-290"/>
      </symbol>
      <symbol id="sm-7f6">
         <name>I2CMasterControl</name>
         <value>0x616f</value>
         <object_component_ref idref="oc-284"/>
      </symbol>
      <symbol id="sm-7f7">
         <name>I2CMasterBusy</name>
         <value>0x6143</value>
         <object_component_ref idref="oc-28a"/>
      </symbol>
      <symbol id="sm-7f8">
         <name>I2CMasterEnable</name>
         <value>0x6139</value>
         <object_component_ref idref="oc-3bb"/>
      </symbol>
      <symbol id="sm-831">
         <name>IntEnable</name>
         <value>0x5c75</value>
         <object_component_ref idref="oc-445"/>
      </symbol>
      <symbol id="sm-832">
         <name>IntRegister</name>
         <value>0x5f25</value>
         <object_component_ref idref="oc-43f"/>
      </symbol>
      <symbol id="sm-833">
         <name>g_pfnRAMVectors</name>
         <value>0x20000000</value>
         <object_component_ref idref="oc-47a"/>
      </symbol>
      <symbol id="sm-860">
         <name>PWMGenPeriodSet</name>
         <value>0x60f7</value>
         <object_component_ref idref="oc-37d"/>
      </symbol>
      <symbol id="sm-861">
         <name>PWMPulseWidthSet</name>
         <value>0x603b</value>
         <object_component_ref idref="oc-38f"/>
      </symbol>
      <symbol id="sm-862">
         <name>PWMOutputState</name>
         <value>0x60e5</value>
         <object_component_ref idref="oc-395"/>
      </symbol>
      <symbol id="sm-863">
         <name>PWMGenEnable</name>
         <value>0x6115</value>
         <object_component_ref idref="oc-383"/>
      </symbol>
      <symbol id="sm-864">
         <name>PWMGenConfigure</name>
         <value>0x6019</value>
         <object_component_ref idref="oc-377"/>
      </symbol>
      <symbol id="sm-883">
         <name>QEIIntRegister</name>
         <value>0x6071</value>
         <object_component_ref idref="oc-39f"/>
      </symbol>
      <symbol id="sm-8df">
         <name>SysCtlClockSet</name>
         <value>0x573d</value>
         <object_component_ref idref="oc-139"/>
      </symbol>
      <symbol id="sm-8e0">
         <name>SysCtlDelay</name>
         <value>0x6163</value>
         <object_component_ref idref="oc-226"/>
      </symbol>
      <symbol id="sm-8e1">
         <name>SysCtlPeripheralEnable</name>
         <value>0x5f59</value>
         <object_component_ref idref="oc-13f"/>
      </symbol>
      <symbol id="sm-8e2">
         <name>SysCtlClockGet</name>
         <value>0x5531</value>
         <object_component_ref idref="oc-26c"/>
      </symbol>
      <symbol id="sm-8e3">
         <name>SysCtlPWMClockSet</name>
         <value>0x6089</value>
         <object_component_ref idref="oc-371"/>
      </symbol>
      <symbol id="sm-8f0">
         <name>UARTClockSourceSet</name>
         <value>0x6169</value>
         <object_component_ref idref="oc-12d"/>
      </symbol>
      <symbol id="sm-933">
         <name>atan2</name>
         <value>0x46f5</value>
         <object_component_ref idref="oc-2a1"/>
      </symbol>
      <symbol id="sm-934">
         <name>atan2l</name>
         <value>0x46f5</value>
         <object_component_ref idref="oc-2a1"/>
      </symbol>
      <symbol id="sm-956">
         <name>sqrtl</name>
         <value>0x4f09</value>
         <object_component_ref idref="oc-2b1"/>
      </symbol>
      <symbol id="sm-957">
         <name>sqrt</name>
         <value>0x4f09</value>
         <object_component_ref idref="oc-2b1"/>
      </symbol>
      <symbol id="sm-98d">
         <name>atanl</name>
         <value>0x3d49</value>
         <object_component_ref idref="oc-2bc"/>
      </symbol>
      <symbol id="sm-98e">
         <name>atan</name>
         <value>0x3d49</value>
         <object_component_ref idref="oc-2bc"/>
      </symbol>
      <symbol id="sm-9a5">
         <name>__aeabi_dsub</name>
         <value>0x4a85</value>
         <object_component_ref idref="oc-2ac"/>
      </symbol>
      <symbol id="sm-9a6">
         <name>__aeabi_dadd</name>
         <value>0x4a8f</value>
         <object_component_ref idref="oc-2ac"/>
      </symbol>
      <symbol id="sm-9c8">
         <name>__aeabi_cdcmpeq</name>
         <value>0x5a81</value>
         <object_component_ref idref="oc-2c2"/>
      </symbol>
      <symbol id="sm-9c9">
         <name>__aeabi_cdcmple</name>
         <value>0x5a81</value>
         <object_component_ref idref="oc-2c2"/>
      </symbol>
      <symbol id="sm-9ca">
         <name>__aeabi_cdrcmple</name>
         <value>0x5b07</value>
         <object_component_ref idref="oc-2c7"/>
      </symbol>
      <symbol id="sm-9de">
         <name>__aeabi_ddiv</name>
         <value>0x519d</value>
         <object_component_ref idref="oc-2b7"/>
      </symbol>
      <symbol id="sm-9e9">
         <name>__aeabi_dmul</name>
         <value>0x5641</value>
         <object_component_ref idref="oc-2a7"/>
      </symbol>
      <symbol id="sm-9f3">
         <name>__aeabi_d2iz</name>
         <value>0x5e21</value>
         <object_component_ref idref="oc-2d6"/>
      </symbol>
      <symbol id="sm-9ff">
         <name>__aeabi_d2f</name>
         <value>0x5c07</value>
         <object_component_ref idref="oc-2cc"/>
      </symbol>
      <symbol id="sm-a0a">
         <name>__aeabi_f2d</name>
         <value>0x5eed</value>
         <object_component_ref idref="oc-2d1"/>
      </symbol>
      <symbol id="sm-a14">
         <name>__aeabi_i2d</name>
         <value>0x5fc1</value>
         <object_component_ref idref="oc-29c"/>
      </symbol>
      <symbol id="sm-a2f">
         <name>memcpy</name>
         <value>0x59e5</value>
         <object_component_ref idref="oc-43"/>
      </symbol>
      <symbol id="sm-a30">
         <name>__aeabi_memcpy</name>
         <value>0x59e5</value>
         <object_component_ref idref="oc-43"/>
      </symbol>
      <symbol id="sm-a31">
         <name>__aeabi_memcpy8</name>
         <value>0x59e5</value>
         <object_component_ref idref="oc-43"/>
      </symbol>
      <symbol id="sm-a32">
         <name>__aeabi_memcpy4</name>
         <value>0x59e5</value>
         <object_component_ref idref="oc-43"/>
      </symbol>
      <symbol id="sm-a41">
         <name>__aeabi_uidivmod</name>
         <value>0x5ead</value>
         <object_component_ref idref="oc-212"/>
      </symbol>
      <symbol id="sm-a42">
         <name>__aeabi_uidiv</name>
         <value>0x5ead</value>
         <object_component_ref idref="oc-212"/>
      </symbol>
      <symbol id="sm-a51">
         <name>__aeabi_memset</name>
         <value>0x5b8f</value>
         <object_component_ref idref="oc-b3"/>
      </symbol>
      <symbol id="sm-a52">
         <name>memset</name>
         <value>0x5b95</value>
         <object_component_ref idref="oc-b3"/>
      </symbol>
      <symbol id="sm-a53">
         <name>__aeabi_memset8</name>
         <value>0x5b8f</value>
         <object_component_ref idref="oc-b3"/>
      </symbol>
      <symbol id="sm-a54">
         <name>__aeabi_memset4</name>
         <value>0x5b8f</value>
         <object_component_ref idref="oc-b3"/>
      </symbol>
      <symbol id="sm-a55">
         <name>__aeabi_memclr8</name>
         <value>0x5b8d</value>
         <object_component_ref idref="oc-b3"/>
      </symbol>
      <symbol id="sm-a56">
         <name>__aeabi_memclr4</name>
         <value>0x5b8d</value>
         <object_component_ref idref="oc-b3"/>
      </symbol>
      <symbol id="sm-a57">
         <name>__aeabi_memclr</name>
         <value>0x5b8d</value>
         <object_component_ref idref="oc-b3"/>
      </symbol>
      <symbol id="sm-a69">
         <name>__TI_zero_init</name>
         <value>0x6121</value>
         <object_component_ref idref="oc-55"/>
      </symbol>
      <symbol id="sm-a80">
         <name>__TI_decompress_none</name>
         <value>0x6107</value>
         <object_component_ref idref="oc-18"/>
      </symbol>
      <symbol id="sm-aa3">
         <name>__TI_decompress_lzss</name>
         <value>0x5cdd</value>
         <object_component_ref idref="oc-12"/>
      </symbol>
      <symbol id="sm-ab9">
         <name>__aeabi_errno_addr</name>
         <value>0x6155</value>
         <object_component_ref idref="oc-3d3"/>
      </symbol>
      <symbol id="sm-aba">
         <name>errno</name>
         <value>0x20007d6c</value>
         <object_component_ref idref="oc-45d"/>
      </symbol>
      <symbol id="sm-acd">
         <name>__stack</name>
         <value>0x20007af8</value>
         <object_component_ref idref="oc-21"/>
      </symbol>
      <symbol id="sm-ace">
         <name>_c_int00_noargs</name>
         <value>0x5f8d</value>
         <object_component_ref idref="oc-61"/>
      </symbol>
      <symbol id="sm-ad8">
         <name>__aeabi_idiv0</name>
         <value>0x4c3b</value>
         <object_component_ref idref="oc-353"/>
      </symbol>
      <symbol id="sm-ad9">
         <name>__aeabi_ldiv0</name>
         <value>0x4c3b</value>
         <object_component_ref idref="oc-353"/>
      </symbol>
      <symbol id="sm-b01">
         <name>__TI_auto_init_nobinit_nopinit</name>
         <value>0x5e69</value>
         <object_component_ref idref="oc-177"/>
      </symbol>
      <symbol id="sm-b0b">
         <name>_system_pre_init</name>
         <value>0x617b</value>
         <object_component_ref idref="oc-b9"/>
      </symbol>
      <symbol id="sm-b17">
         <name>C$$EXIT</name>
         <value>0x617f</value>
         <object_component_ref idref="oc-16b"/>
      </symbol>
      <symbol id="sm-b18">
         <name>abort</name>
         <value>0x617f</value>
         <object_component_ref idref="oc-16b"/>
      </symbol>
      <symbol id="sm-b1b">
         <name>__TI_static_base__</name>
         <value>0x0</value>
      </symbol>
      <symbol id="sm-b1e">
         <name>__mpu_init</name>
         <value>0x0</value>
      </symbol>
      <symbol id="sm-b1f">
         <name>_system_post_cinit</name>
         <value>0x0</value>
      </symbol>
   </symbol_table>
   <title>Link successful</title>
</link_info>
