<?xml version="1.0" encoding="ISO-8859-1" ?>
<link_info>
   <banner>TI ARM Linker PC v18.12.1.LTS</banner>
   <copyright>Copyright (c) 1996-2018 Texas Instruments Incorporated</copyright>
   <link_time>0x5cfaf973</link_time>
   <link_errors>0x0</link_errors>
   <output_file>FreeRTOS_F.out</output_file>
   <entry_point>
      <name>_c_int00_noargs</name>
      <address>0x603d</address>
   </entry_point>
   <input_file_list>
      <input_file id="fl-2">
         <path>.\</path>
         <kind>object</kind>
         <file>tm4c123gh6pm_startup_ccs.obj</file>
         <name>tm4c123gh6pm_startup_ccs.obj</name>
      </input_file>
      <input_file id="fl-3">
         <path>.\Application\TwoWheel\</path>
         <kind>object</kind>
         <file>twowheel.obj</file>
         <name>twowheel.obj</name>
      </input_file>
      <input_file id="fl-4">
         <path>.\Application\</path>
         <kind>object</kind>
         <file>freertos_demo.obj</file>
         <name>freertos_demo.obj</name>
      </input_file>
      <input_file id="fl-5">
         <path>.\Application\motor_control\</path>
         <kind>object</kind>
         <file>motor_control.obj</file>
         <name>motor_control.obj</name>
      </input_file>
      <input_file id="fl-6">
         <path>.\Application\pid\</path>
         <kind>object</kind>
         <file>pid.obj</file>
         <name>pid.obj</name>
      </input_file>
      <input_file id="fl-7">
         <path>.\FreeRTOS\</path>
         <kind>object</kind>
         <file>croutine.obj</file>
         <name>croutine.obj</name>
      </input_file>
      <input_file id="fl-8">
         <path>.\FreeRTOS\</path>
         <kind>object</kind>
         <file>event_groups.obj</file>
         <name>event_groups.obj</name>
      </input_file>
      <input_file id="fl-9">
         <path>.\FreeRTOS\</path>
         <kind>object</kind>
         <file>heap_2.obj</file>
         <name>heap_2.obj</name>
      </input_file>
      <input_file id="fl-a">
         <path>.\FreeRTOS\</path>
         <kind>object</kind>
         <file>list.obj</file>
         <name>list.obj</name>
      </input_file>
      <input_file id="fl-b">
         <path>.\FreeRTOS\</path>
         <kind>object</kind>
         <file>port.obj</file>
         <name>port.obj</name>
      </input_file>
      <input_file id="fl-c">
         <path>.\FreeRTOS\</path>
         <kind>object</kind>
         <file>portasm.obj</file>
         <name>portasm.obj</name>
      </input_file>
      <input_file id="fl-d">
         <path>.\FreeRTOS\</path>
         <kind>object</kind>
         <file>queue.obj</file>
         <name>queue.obj</name>
      </input_file>
      <input_file id="fl-e">
         <path>.\FreeRTOS\</path>
         <kind>object</kind>
         <file>stream_buffer.obj</file>
         <name>stream_buffer.obj</name>
      </input_file>
      <input_file id="fl-f">
         <path>.\FreeRTOS\</path>
         <kind>object</kind>
         <file>tasks.obj</file>
         <name>tasks.obj</name>
      </input_file>
      <input_file id="fl-10">
         <path>.\FreeRTOS\</path>
         <kind>object</kind>
         <file>timers.obj</file>
         <name>timers.obj</name>
      </input_file>
      <input_file id="fl-11">
         <path>.\drivers\</path>
         <kind>object</kind>
         <file>MPU6050.obj</file>
         <name>MPU6050.obj</name>
      </input_file>
      <input_file id="fl-12">
         <path>.\drivers\</path>
         <kind>object</kind>
         <file>buttons.obj</file>
         <name>buttons.obj</name>
      </input_file>
      <input_file id="fl-13">
         <path>.\drivers\</path>
         <kind>object</kind>
         <file>led.obj</file>
         <name>led.obj</name>
      </input_file>
      <input_file id="fl-14">
         <path>.\drivers\</path>
         <kind>object</kind>
         <file>pwm.obj</file>
         <name>pwm.obj</name>
      </input_file>
      <input_file id="fl-15">
         <path>.\drivers\</path>
         <kind>object</kind>
         <file>qei.obj</file>
         <name>qei.obj</name>
      </input_file>
      <input_file id="fl-16">
         <path>.\drivers\</path>
         <kind>object</kind>
         <file>switches.obj</file>
         <name>switches.obj</name>
      </input_file>
      <input_file id="fl-17">
         <path>.\drivers\</path>
         <kind>object</kind>
         <file>uartstdio.obj</file>
         <name>uartstdio.obj</name>
      </input_file>
      <input_file id="fl-1c">
         <kind>object</kind>
         <file>&lt;internal&gt;</file>
         <name>&lt;internal&gt;</name>
      </input_file>
      <input_file id="fl-1d">
         <path>..\</path>
         <kind>archive</kind>
         <file>driverlib.lib</file>
         <name>gpio.obj</name>
      </input_file>
      <input_file id="fl-1e">
         <path>..\</path>
         <kind>archive</kind>
         <file>driverlib.lib</file>
         <name>i2c.obj</name>
      </input_file>
      <input_file id="fl-1f">
         <path>..\</path>
         <kind>archive</kind>
         <file>driverlib.lib</file>
         <name>interrupt.obj</name>
      </input_file>
      <input_file id="fl-20">
         <path>..\</path>
         <kind>archive</kind>
         <file>driverlib.lib</file>
         <name>pwm.obj</name>
      </input_file>
      <input_file id="fl-21">
         <path>..\</path>
         <kind>archive</kind>
         <file>driverlib.lib</file>
         <name>qei.obj</name>
      </input_file>
      <input_file id="fl-22">
         <path>..\</path>
         <kind>archive</kind>
         <file>driverlib.lib</file>
         <name>sysctl.obj</name>
      </input_file>
      <input_file id="fl-23">
         <path>..\</path>
         <kind>archive</kind>
         <file>driverlib.lib</file>
         <name>uart.obj</name>
      </input_file>
      <input_file id="fl-24">
         <path>..\</path>
         <kind>archive</kind>
         <file>driverlib.lib</file>
         <name>cpu.obj</name>
      </input_file>
      <input_file id="fl-da">
         <path>C:\ti\ccs901\ccs\tools\compiler\ti-cgt-arm_18.12.1.LTS\lib\</path>
         <kind>archive</kind>
         <file>rtsv7M4_T_le_v4SPD16_eabi.lib</file>
         <name>e_atan2.c.obj</name>
      </input_file>
      <input_file id="fl-db">
         <path>C:\ti\ccs901\ccs\tools\compiler\ti-cgt-arm_18.12.1.LTS\lib\</path>
         <kind>archive</kind>
         <file>rtsv7M4_T_le_v4SPD16_eabi.lib</file>
         <name>e_sqrt.c.obj</name>
      </input_file>
      <input_file id="fl-dc">
         <path>C:\ti\ccs901\ccs\tools\compiler\ti-cgt-arm_18.12.1.LTS\lib\</path>
         <kind>archive</kind>
         <file>rtsv7M4_T_le_v4SPD16_eabi.lib</file>
         <name>s_atan.c.obj</name>
      </input_file>
      <input_file id="fl-dd">
         <path>C:\ti\ccs901\ccs\tools\compiler\ti-cgt-arm_18.12.1.LTS\lib\</path>
         <kind>archive</kind>
         <file>rtsv7M4_T_le_v4SPD16_eabi.lib</file>
         <name>fd_add_t2.asm.obj</name>
      </input_file>
      <input_file id="fl-de">
         <path>C:\ti\ccs901\ccs\tools\compiler\ti-cgt-arm_18.12.1.LTS\lib\</path>
         <kind>archive</kind>
         <file>rtsv7M4_T_le_v4SPD16_eabi.lib</file>
         <name>fd_cmp_t2.asm.obj</name>
      </input_file>
      <input_file id="fl-df">
         <path>C:\ti\ccs901\ccs\tools\compiler\ti-cgt-arm_18.12.1.LTS\lib\</path>
         <kind>archive</kind>
         <file>rtsv7M4_T_le_v4SPD16_eabi.lib</file>
         <name>fd_div_t2.asm.obj</name>
      </input_file>
      <input_file id="fl-e0">
         <path>C:\ti\ccs901\ccs\tools\compiler\ti-cgt-arm_18.12.1.LTS\lib\</path>
         <kind>archive</kind>
         <file>rtsv7M4_T_le_v4SPD16_eabi.lib</file>
         <name>fd_mul_t2.asm.obj</name>
      </input_file>
      <input_file id="fl-e1">
         <path>C:\ti\ccs901\ccs\tools\compiler\ti-cgt-arm_18.12.1.LTS\lib\</path>
         <kind>archive</kind>
         <file>rtsv7M4_T_le_v4SPD16_eabi.lib</file>
         <name>fd_toi_t2.asm.obj</name>
      </input_file>
      <input_file id="fl-e2">
         <path>C:\ti\ccs901\ccs\tools\compiler\ti-cgt-arm_18.12.1.LTS\lib\</path>
         <kind>archive</kind>
         <file>rtsv7M4_T_le_v4SPD16_eabi.lib</file>
         <name>fd_tos_t2.asm.obj</name>
      </input_file>
      <input_file id="fl-e3">
         <path>C:\ti\ccs901\ccs\tools\compiler\ti-cgt-arm_18.12.1.LTS\lib\</path>
         <kind>archive</kind>
         <file>rtsv7M4_T_le_v4SPD16_eabi.lib</file>
         <name>fs_tod_t2.asm.obj</name>
      </input_file>
      <input_file id="fl-e4">
         <path>C:\ti\ccs901\ccs\tools\compiler\ti-cgt-arm_18.12.1.LTS\lib\</path>
         <kind>archive</kind>
         <file>rtsv7M4_T_le_v4SPD16_eabi.lib</file>
         <name>i_tofd_t2.asm.obj</name>
      </input_file>
      <input_file id="fl-e5">
         <path>C:\ti\ccs901\ccs\tools\compiler\ti-cgt-arm_18.12.1.LTS\lib\</path>
         <kind>archive</kind>
         <file>rtsv7M4_T_le_v4SPD16_eabi.lib</file>
         <name>memcpy_t2.asm.obj</name>
      </input_file>
      <input_file id="fl-e6">
         <path>C:\ti\ccs901\ccs\tools\compiler\ti-cgt-arm_18.12.1.LTS\lib\</path>
         <kind>archive</kind>
         <file>rtsv7M4_T_le_v4SPD16_eabi.lib</file>
         <name>u_divt2.asm.obj</name>
      </input_file>
      <input_file id="fl-e7">
         <path>C:\ti\ccs901\ccs\tools\compiler\ti-cgt-arm_18.12.1.LTS\lib\</path>
         <kind>archive</kind>
         <file>rtsv7M4_T_le_v4SPD16_eabi.lib</file>
         <name>memset_t2.asm.obj</name>
      </input_file>
      <input_file id="fl-e8">
         <path>C:\ti\ccs901\ccs\tools\compiler\ti-cgt-arm_18.12.1.LTS\lib\</path>
         <kind>archive</kind>
         <file>rtsv7M4_T_le_v4SPD16_eabi.lib</file>
         <name>copy_zero_init.c.obj</name>
      </input_file>
      <input_file id="fl-e9">
         <path>C:\ti\ccs901\ccs\tools\compiler\ti-cgt-arm_18.12.1.LTS\lib\</path>
         <kind>archive</kind>
         <file>rtsv7M4_T_le_v4SPD16_eabi.lib</file>
         <name>copy_decompress_none.c.obj</name>
      </input_file>
      <input_file id="fl-ea">
         <path>C:\ti\ccs901\ccs\tools\compiler\ti-cgt-arm_18.12.1.LTS\lib\</path>
         <kind>archive</kind>
         <file>rtsv7M4_T_le_v4SPD16_eabi.lib</file>
         <name>copy_decompress_lzss.c.obj</name>
      </input_file>
      <input_file id="fl-eb">
         <path>C:\ti\ccs901\ccs\tools\compiler\ti-cgt-arm_18.12.1.LTS\lib\</path>
         <kind>archive</kind>
         <file>rtsv7M4_T_le_v4SPD16_eabi.lib</file>
         <name>errno.c.obj</name>
      </input_file>
      <input_file id="fl-ec">
         <path>C:\ti\ccs901\ccs\tools\compiler\ti-cgt-arm_18.12.1.LTS\lib\</path>
         <kind>archive</kind>
         <file>rtsv7M4_T_le_v4SPD16_eabi.lib</file>
         <name>boot_cortex_m.c.obj</name>
      </input_file>
      <input_file id="fl-ed">
         <path>C:\ti\ccs901\ccs\tools\compiler\ti-cgt-arm_18.12.1.LTS\lib\</path>
         <kind>archive</kind>
         <file>rtsv7M4_T_le_v4SPD16_eabi.lib</file>
         <name>div0.asm.obj</name>
      </input_file>
      <input_file id="fl-ee">
         <path>C:\ti\ccs901\ccs\tools\compiler\ti-cgt-arm_18.12.1.LTS\lib\</path>
         <kind>archive</kind>
         <file>rtsv7M4_T_le_v4SPD16_eabi.lib</file>
         <name>autoinit.c.obj</name>
      </input_file>
      <input_file id="fl-ef">
         <path>C:\ti\ccs901\ccs\tools\compiler\ti-cgt-arm_18.12.1.LTS\lib\</path>
         <kind>archive</kind>
         <file>rtsv7M4_T_le_v4SPD16_eabi.lib</file>
         <name>pre_init.c.obj</name>
      </input_file>
      <input_file id="fl-f0">
         <path>C:\ti\ccs901\ccs\tools\compiler\ti-cgt-arm_18.12.1.LTS\lib\</path>
         <kind>archive</kind>
         <file>rtsv7M4_T_le_v4SPD16_eabi.lib</file>
         <name>cpy_tbl.c.obj</name>
      </input_file>
      <input_file id="fl-f1">
         <path>C:\ti\ccs901\ccs\tools\compiler\ti-cgt-arm_18.12.1.LTS\lib\</path>
         <kind>archive</kind>
         <file>rtsv7M4_T_le_v4SPD16_eabi.lib</file>
         <name>exit.c.obj</name>
      </input_file>
      <input_file id="fl-f2">
         <path>C:\ti\ccs901\ccs\tools\compiler\ti-cgt-arm_18.12.1.LTS\lib\</path>
         <kind>archive</kind>
         <file>rtsv7M4_T_le_v4SPD16_eabi.lib</file>
         <name>_lock.c.obj</name>
      </input_file>
      <input_file id="fl-f3">
         <path>C:\ti\ccs901\ccs\tools\compiler\ti-cgt-arm_18.12.1.LTS\lib\</path>
         <kind>archive</kind>
         <file>rtsv7M4_T_le_v4SPD16_eabi.lib</file>
         <name>args_main.c.obj</name>
      </input_file>
   </input_file_list>
   <object_component_list>
      <object_component id="oc-f">
         <name>.intvecs</name>
         <load_address>0x0</load_address>
         <run_address>0x0</run_address>
         <size>0x26c</size>
         <input_file_ref idref="fl-2"/>
      </object_component>
      <object_component id="oc-7c">
         <name>.text</name>
         <load_address>0x26c</load_address>
         <run_address>0x26c</run_address>
         <size>0x1908</size>
         <input_file_ref idref="fl-f"/>
      </object_component>
      <object_component id="oc-1d7">
         <name>.text</name>
         <load_address>0x1b74</load_address>
         <run_address>0x1b74</run_address>
         <size>0xce8</size>
         <input_file_ref idref="fl-d"/>
      </object_component>
      <object_component id="oc-157">
         <name>.text</name>
         <load_address>0x285c</load_address>
         <run_address>0x285c</run_address>
         <size>0xa68</size>
         <input_file_ref idref="fl-11"/>
      </object_component>
      <object_component id="oc-f3">
         <name>.text</name>
         <load_address>0x32c4</load_address>
         <run_address>0x32c4</run_address>
         <size>0x594</size>
         <input_file_ref idref="fl-10"/>
      </object_component>
      <object_component id="oc-133">
         <name>.text</name>
         <load_address>0x3858</load_address>
         <run_address>0x3858</run_address>
         <size>0x4dc</size>
         <input_file_ref idref="fl-17"/>
      </object_component>
      <object_component id="oc-2bc">
         <name>.text:atan</name>
         <load_address>0x3d34</load_address>
         <run_address>0x3d34</run_address>
         <size>0x2ec</size>
         <input_file_ref idref="fl-dc"/>
      </object_component>
      <object_component id="oc-242">
         <name>.text</name>
         <load_address>0x4020</load_address>
         <run_address>0x4020</run_address>
         <size>0x2a4</size>
         <input_file_ref idref="fl-15"/>
      </object_component>
      <object_component id="oc-23c">
         <name>.text</name>
         <load_address>0x42c4</load_address>
         <run_address>0x42c4</run_address>
         <size>0x22c</size>
         <input_file_ref idref="fl-14"/>
      </object_component>
      <object_component id="oc-248">
         <name>.text</name>
         <load_address>0x44f0</load_address>
         <run_address>0x44f0</run_address>
         <size>0x21c</size>
         <input_file_ref idref="fl-6"/>
      </object_component>
      <object_component id="oc-bf">
         <name>.text</name>
         <load_address>0x470c</load_address>
         <run_address>0x470c</run_address>
         <size>0x1f0</size>
         <input_file_ref idref="fl-4"/>
      </object_component>
      <object_component id="oc-2a1">
         <name>.text:atan2</name>
         <load_address>0x48fc</load_address>
         <run_address>0x48fc</run_address>
         <size>0x1d8</size>
         <input_file_ref idref="fl-da"/>
      </object_component>
      <object_component id="oc-db">
         <name>.text</name>
         <load_address>0x4ad4</load_address>
         <run_address>0x4ad4</run_address>
         <size>0x1b8</size>
         <input_file_ref idref="fl-9"/>
      </object_component>
      <object_component id="oc-2ac">
         <name>.text</name>
         <load_address>0x4c8c</load_address>
         <run_address>0x4c8c</run_address>
         <size>0x1b6</size>
         <input_file_ref idref="fl-dd"/>
      </object_component>
      <object_component id="oc-355">
         <name>.text</name>
         <load_address>0x4e42</load_address>
         <run_address>0x4e42</run_address>
         <size>0x2</size>
         <input_file_ref idref="fl-ed"/>
      </object_component>
      <object_component id="oc-151">
         <name>.text</name>
         <load_address>0x4e44</load_address>
         <run_address>0x4e44</run_address>
         <size>0x164</size>
         <input_file_ref idref="fl-5"/>
      </object_component>
      <object_component id="oc-2b1">
         <name>.text:sqrt</name>
         <load_address>0x4fa8</load_address>
         <run_address>0x4fa8</run_address>
         <size>0x158</size>
         <input_file_ref idref="fl-db"/>
      </object_component>
      <object_component id="oc-2f">
         <name>.text</name>
         <load_address>0x5100</load_address>
         <run_address>0x5100</run_address>
         <size>0x13c</size>
         <input_file_ref idref="fl-b"/>
      </object_component>
      <object_component id="oc-2b7">
         <name>.text</name>
         <load_address>0x523c</load_address>
         <run_address>0x523c</run_address>
         <size>0x136</size>
         <input_file_ref idref="fl-df"/>
      </object_component>
      <object_component id="oc-235">
         <name>.text:GPIOPadConfigSet</name>
         <load_address>0x5372</load_address>
         <run_address>0x5372</run_address>
         <size>0x132</size>
         <input_file_ref idref="fl-1d"/>
      </object_component>
      <object_component id="oc-e1">
         <name>.text</name>
         <load_address>0x54a4</load_address>
         <run_address>0x54a4</run_address>
         <size>0x12a</size>
         <input_file_ref idref="fl-a"/>
      </object_component>
      <object_component id="oc-26c">
         <name>.text:SysCtlClockGet</name>
         <load_address>0x55d0</load_address>
         <run_address>0x55d0</run_address>
         <size>0x110</size>
         <input_file_ref idref="fl-22"/>
      </object_component>
      <object_component id="oc-2a7">
         <name>.text</name>
         <load_address>0x56e0</load_address>
         <run_address>0x56e0</run_address>
         <size>0xfc</size>
         <input_file_ref idref="fl-e0"/>
      </object_component>
      <object_component id="oc-139">
         <name>.text:SysCtlClockSet</name>
         <load_address>0x57dc</load_address>
         <run_address>0x57dc</run_address>
         <size>0xf4</size>
         <input_file_ref idref="fl-22"/>
      </object_component>
      <object_component id="oc-15d">
         <name>.text</name>
         <load_address>0x58d0</load_address>
         <run_address>0x58d0</run_address>
         <size>0xe8</size>
         <input_file_ref idref="fl-3"/>
      </object_component>
      <object_component id="oc-2a">
         <name>.text</name>
         <load_address>0x59b8</load_address>
         <run_address>0x59b8</run_address>
         <size>0xda</size>
         <input_file_ref idref="fl-c"/>
      </object_component>
      <object_component id="oc-43">
         <name>.text</name>
         <load_address>0x5a92</load_address>
         <run_address>0x5a92</run_address>
         <size>0x9c</size>
         <input_file_ref idref="fl-e5"/>
      </object_component>
      <object_component id="oc-2c2">
         <name>.text:__aeabi_cdcmple</name>
         <load_address>0x5b2e</load_address>
         <run_address>0x5b2e</run_address>
         <size>0x86</size>
         <input_file_ref idref="fl-de"/>
      </object_component>
      <object_component id="oc-2c7">
         <name>.text:__aeabi_cdrcmple</name>
         <load_address>0x5bb4</load_address>
         <run_address>0x5bb4</run_address>
         <size>0x86</size>
         <input_file_ref idref="fl-de"/>
      </object_component>
      <object_component id="oc-b3">
         <name>.text</name>
         <load_address>0x5c3a</load_address>
         <run_address>0x5c3a</run_address>
         <size>0x7a</size>
         <input_file_ref idref="fl-e7"/>
      </object_component>
      <object_component id="oc-2cc">
         <name>.text</name>
         <load_address>0x5cb4</load_address>
         <run_address>0x5cb4</run_address>
         <size>0x6e</size>
         <input_file_ref idref="fl-e2"/>
      </object_component>
      <object_component id="oc-449">
         <name>.text:IntEnable</name>
         <load_address>0x5d24</load_address>
         <run_address>0x5d24</run_address>
         <size>0x68</size>
         <input_file_ref idref="fl-1f"/>
      </object_component>
      <object_component id="oc-12">
         <name>.text:decompress:lzss:__TI_decompress_lzss</name>
         <load_address>0x5d8c</load_address>
         <run_address>0x5d8c</run_address>
         <size>0x68</size>
         <input_file_ref idref="fl-ea"/>
      </object_component>
      <object_component id="oc-272">
         <name>.text:I2CMasterInitExpClk</name>
         <load_address>0x5df4</load_address>
         <run_address>0x5df4</run_address>
         <size>0x4c</size>
         <input_file_ref idref="fl-1e"/>
      </object_component>
      <object_component id="oc-145">
         <name>.text:GPIOPinConfigure</name>
         <load_address>0x5e40</load_address>
         <run_address>0x5e40</run_address>
         <size>0x48</size>
         <input_file_ref idref="fl-1d"/>
      </object_component>
      <object_component id="oc-43d">
         <name>.text:_QEIIntNumberGet</name>
         <load_address>0x5e88</load_address>
         <run_address>0x5e88</run_address>
         <size>0x48</size>
         <input_file_ref idref="fl-21"/>
      </object_component>
      <object_component id="oc-2d6">
         <name>.text</name>
         <load_address>0x5ed0</load_address>
         <run_address>0x5ed0</run_address>
         <size>0x48</size>
         <input_file_ref idref="fl-e1"/>
      </object_component>
      <object_component id="oc-177">
         <name>.text:__TI_auto_init_nobinit_nopinit:__TI_auto_init_nobinit_nopinit</name>
         <load_address>0x5f18</load_address>
         <run_address>0x5f18</run_address>
         <size>0x44</size>
         <input_file_ref idref="fl-ee"/>
      </object_component>
      <object_component id="oc-212">
         <name>.text</name>
         <load_address>0x5f5c</load_address>
         <run_address>0x5f5c</run_address>
         <size>0x40</size>
         <input_file_ref idref="fl-e6"/>
      </object_component>
      <object_component id="oc-2d1">
         <name>.text</name>
         <load_address>0x5f9c</load_address>
         <run_address>0x5f9c</run_address>
         <size>0x38</size>
         <input_file_ref idref="fl-e3"/>
      </object_component>
      <object_component id="oc-443">
         <name>.text:IntRegister</name>
         <load_address>0x5fd4</load_address>
         <run_address>0x5fd4</run_address>
         <size>0x34</size>
         <input_file_ref idref="fl-1f"/>
      </object_component>
      <object_component id="oc-13f">
         <name>.text:SysCtlPeripheralEnable</name>
         <load_address>0x6008</load_address>
         <run_address>0x6008</run_address>
         <size>0x34</size>
         <input_file_ref idref="fl-22"/>
      </object_component>
      <object_component id="oc-61">
         <name>.text:_c_int00_noargs:_c_int00_noargs</name>
         <load_address>0x603c</load_address>
         <run_address>0x603c</run_address>
         <size>0x34</size>
         <input_file_ref idref="fl-ec"/>
      </object_component>
      <object_component id="oc-29c">
         <name>.text</name>
         <load_address>0x6070</load_address>
         <run_address>0x6070</run_address>
         <size>0x2e</size>
         <input_file_ref idref="fl-e4"/>
      </object_component>
      <object_component id="oc-22f">
         <name>.text:GPIODirModeSet</name>
         <load_address>0x609e</load_address>
         <run_address>0x609e</run_address>
         <size>0x2a</size>
         <input_file_ref idref="fl-1d"/>
      </object_component>
      <object_component id="oc-379">
         <name>.text:PWMGenConfigure</name>
         <load_address>0x60c8</load_address>
         <run_address>0x60c8</run_address>
         <size>0x22</size>
         <input_file_ref idref="fl-20"/>
      </object_component>
      <object_component id="oc-391">
         <name>.text:PWMPulseWidthSet</name>
         <load_address>0x60ea</load_address>
         <run_address>0x60ea</run_address>
         <size>0x1e</size>
         <input_file_ref idref="fl-20"/>
      </object_component>
      <object_component id="oc-296">
         <name>.text:GPIOPinTypeGPIOOutput</name>
         <load_address>0x6108</load_address>
         <run_address>0x6108</run_address>
         <size>0x18</size>
         <input_file_ref idref="fl-1d"/>
      </object_component>
      <object_component id="oc-3a1">
         <name>.text:QEIIntRegister</name>
         <load_address>0x6120</load_address>
         <run_address>0x6120</run_address>
         <size>0x18</size>
         <input_file_ref idref="fl-21"/>
      </object_component>
      <object_component id="oc-373">
         <name>.text:SysCtlPWMClockSet</name>
         <load_address>0x6138</load_address>
         <run_address>0x6138</run_address>
         <size>0x14</size>
         <input_file_ref idref="fl-22"/>
      </object_component>
      <object_component id="oc-266">
         <name>.text:GPIOPinTypeI2C</name>
         <load_address>0x614c</load_address>
         <run_address>0x614c</run_address>
         <size>0x12</size>
         <input_file_ref idref="fl-1d"/>
      </object_component>
      <object_component id="oc-260">
         <name>.text:GPIOPinTypeI2CSCL</name>
         <load_address>0x615e</load_address>
         <run_address>0x615e</run_address>
         <size>0x12</size>
         <input_file_ref idref="fl-1d"/>
      </object_component>
      <object_component id="oc-36d">
         <name>.text:GPIOPinTypePWM</name>
         <load_address>0x6170</load_address>
         <run_address>0x6170</run_address>
         <size>0x12</size>
         <input_file_ref idref="fl-1d"/>
      </object_component>
      <object_component id="oc-14b">
         <name>.text:GPIOPinTypeUART</name>
         <load_address>0x6182</load_address>
         <run_address>0x6182</run_address>
         <size>0x12</size>
         <input_file_ref idref="fl-1d"/>
      </object_component>
      <object_component id="oc-397">
         <name>.text:PWMOutputState</name>
         <load_address>0x6194</load_address>
         <run_address>0x6194</run_address>
         <size>0x12</size>
         <input_file_ref idref="fl-20"/>
      </object_component>
      <object_component id="oc-37f">
         <name>.text:PWMGenPeriodSet</name>
         <load_address>0x61a6</load_address>
         <run_address>0x61a6</run_address>
         <size>0x10</size>
         <input_file_ref idref="fl-20"/>
      </object_component>
      <object_component id="oc-18">
         <name>.text:decompress:none:__TI_decompress_none</name>
         <load_address>0x61b6</load_address>
         <run_address>0x61b6</run_address>
         <size>0xe</size>
         <input_file_ref idref="fl-e9"/>
      </object_component>
      <object_component id="oc-385">
         <name>.text:PWMGenEnable</name>
         <load_address>0x61c4</load_address>
         <run_address>0x61c4</run_address>
         <size>0xc</size>
         <input_file_ref idref="fl-20"/>
      </object_component>
      <object_component id="oc-55">
         <name>.text:decompress:ZI:__TI_zero_init</name>
         <load_address>0x61d0</load_address>
         <run_address>0x61d0</run_address>
         <size>0xc</size>
         <input_file_ref idref="fl-e8"/>
      </object_component>
      <object_component id="oc-24">
         <name>.text</name>
         <load_address>0x61dc</load_address>
         <run_address>0x61dc</run_address>
         <size>0xc</size>
         <input_file_ref idref="fl-2"/>
      </object_component>
      <object_component id="oc-3bd">
         <name>.text:I2CMasterEnable</name>
         <load_address>0x61e8</load_address>
         <run_address>0x61e8</run_address>
         <size>0xa</size>
         <input_file_ref idref="fl-1e"/>
      </object_component>
      <object_component id="oc-28a">
         <name>.text:I2CMasterBusy</name>
         <load_address>0x61f2</load_address>
         <run_address>0x61f2</run_address>
         <size>0x8</size>
         <input_file_ref idref="fl-1e"/>
      </object_component>
      <object_component id="oc-278">
         <name>.text:I2CMasterSlaveAddrSet</name>
         <load_address>0x61fa</load_address>
         <run_address>0x61fa</run_address>
         <size>0x8</size>
         <input_file_ref idref="fl-1e"/>
      </object_component>
      <object_component id="oc-3d5">
         <name>.text:__aeabi_errno_addr</name>
         <load_address>0x6204</load_address>
         <run_address>0x6204</run_address>
         <size>0x8</size>
         <input_file_ref idref="fl-eb"/>
      </object_component>
      <object_component id="oc-38b">
         <name>.text:GPIOPinWrite</name>
         <load_address>0x620c</load_address>
         <run_address>0x620c</run_address>
         <size>0x6</size>
         <input_file_ref idref="fl-1d"/>
      </object_component>
      <object_component id="oc-226">
         <name>.text:SysCtlDelay</name>
         <load_address>0x6212</load_address>
         <run_address>0x6212</run_address>
         <size>0x6</size>
         <input_file_ref idref="fl-22"/>
      </object_component>
      <object_component id="oc-12d">
         <name>.text:UARTClockSourceSet</name>
         <load_address>0x6218</load_address>
         <run_address>0x6218</run_address>
         <size>0x6</size>
         <input_file_ref idref="fl-23"/>
      </object_component>
      <object_component id="oc-284">
         <name>.text:I2CMasterControl</name>
         <load_address>0x621e</load_address>
         <run_address>0x621e</run_address>
         <size>0x4</size>
         <input_file_ref idref="fl-1e"/>
      </object_component>
      <object_component id="oc-290">
         <name>.text:I2CMasterDataGet</name>
         <load_address>0x6222</load_address>
         <run_address>0x6222</run_address>
         <size>0x4</size>
         <input_file_ref idref="fl-1e"/>
      </object_component>
      <object_component id="oc-27e">
         <name>.text:I2CMasterDataPut</name>
         <load_address>0x6226</load_address>
         <run_address>0x6226</run_address>
         <size>0x4</size>
         <input_file_ref idref="fl-1e"/>
      </object_component>
      <object_component id="oc-b9">
         <name>.text:_system_pre_init</name>
         <load_address>0x622a</load_address>
         <run_address>0x622a</run_address>
         <size>0x4</size>
         <input_file_ref idref="fl-ef"/>
      </object_component>
      <object_component id="oc-16b">
         <name>.text:abort:abort</name>
         <load_address>0x622e</load_address>
         <run_address>0x622e</run_address>
         <size>0x4</size>
         <input_file_ref idref="fl-f1"/>
      </object_component>
      <object_component id="oc-3de">
         <name>.const:$O1$$</name>
         <load_address>0x6238</load_address>
         <run_address>0x6238</run_address>
         <size>0x98</size>
         <input_file_ref idref="fl-dc"/>
      </object_component>
      <object_component id="oc-22a">
         <name>.const:g_pui32GPIOBaseAddrs</name>
         <load_address>0x62d0</load_address>
         <run_address>0x62d0</run_address>
         <size>0x90</size>
         <input_file_ref idref="fl-1d"/>
      </object_component>
      <object_component id="oc-483">
         <name>.const</name>
         <load_address>0x6360</load_address>
         <run_address>0x6360</run_address>
         <size>0x70</size>
         <input_file_ref idref="fl-1f"/>
      </object_component>
      <object_component id="oc-3b9">
         <name>.const:g_pui32Xtals</name>
         <load_address>0x63d0</load_address>
         <run_address>0x63d0</run_address>
         <size>0x6c</size>
         <input_file_ref idref="fl-22"/>
      </object_component>
      <object_component id="oc-24e">
         <name>.const:$P$T0$1</name>
         <load_address>0x643c</load_address>
         <run_address>0x643c</run_address>
         <size>0x34</size>
         <input_file_ref idref="fl-5"/>
      </object_component>
      <object_component id="oc-252">
         <name>.const:$P$T1$2</name>
         <load_address>0x6470</load_address>
         <run_address>0x6470</run_address>
         <size>0x34</size>
         <input_file_ref idref="fl-5"/>
      </object_component>
      <object_component id="oc-2f0">
         <name>.const:$P$T1$1</name>
         <load_address>0x64a4</load_address>
         <run_address>0x64a4</run_address>
         <size>0x24</size>
         <input_file_ref idref="fl-3"/>
      </object_component>
      <object_component id="oc-35b">
         <name>.const:.string</name>
         <load_address>0x64c8</load_address>
         <run_address>0x64c8</run_address>
         <size>0x12</size>
         <input_file_ref idref="fl-17"/>
      </object_component>
      <object_component id="oc-20f">
         <name>.const:g_ui32UARTBase</name>
         <load_address>0x64dc</load_address>
         <run_address>0x64dc</run_address>
         <size>0xc</size>
         <input_file_ref idref="fl-17"/>
      </object_component>
      <object_component id="oc-209">
         <name>.const:g_ui32UARTPeriph</name>
         <load_address>0x64e8</load_address>
         <run_address>0x64e8</run_address>
         <size>0xc</size>
         <input_file_ref idref="fl-17"/>
      </object_component>
      <object_component id="oc-79">
         <name>.const</name>
         <load_address>0x64f4</load_address>
         <run_address>0x64f4</run_address>
         <size>0x4</size>
         <input_file_ref idref="fl-b"/>
      </object_component>
      <object_component id="oc-217">
         <name>.const</name>
         <load_address>0x64f8</load_address>
         <run_address>0x64f8</run_address>
         <size>0x4</size>
         <input_file_ref idref="fl-17"/>
      </object_component>
      <object_component id="oc-4bf">
         <name>.cinit..data.load</name>
         <load_address>0x6500</load_address>
         <run_address>0x6500</run_address>
         <size>0x25</size>
      </object_component>
      <object_component id="oc-4bc">
         <name>__TI_handler_table</name>
         <load_address>0x6528</load_address>
         <run_address>0x6528</run_address>
         <size>0xc</size>
      </object_component>
      <object_component id="oc-4c0">
         <name>.cinit..bss.load</name>
         <load_address>0x6538</load_address>
         <run_address>0x6538</run_address>
         <size>0x8</size>
      </object_component>
      <object_component id="oc-4be">
         <name>.cinit..vtable.load</name>
         <load_address>0x6540</load_address>
         <run_address>0x6540</run_address>
         <size>0x8</size>
      </object_component>
      <object_component id="oc-4bd">
         <name>__TI_cinit_table</name>
         <load_address>0x6548</load_address>
         <run_address>0x6548</run_address>
         <size>0x18</size>
      </object_component>
      <object_component id="oc-47e">
         <name>.vtable</name>
         <uninitialized>true</uninitialized>
         <run_address>0x20000000</run_address>
         <size>0x26c</size>
         <input_file_ref idref="fl-1f"/>
      </object_component>
      <object_component id="oc-1bf">
         <name>.data</name>
         <load_address>0x20007d40</load_address>
         <run_address>0x20007d40</run_address>
         <size>0x8</size>
         <input_file_ref idref="fl-9"/>
      </object_component>
      <object_component id="oc-83">
         <name>.data</name>
         <load_address>0x20007d58</load_address>
         <run_address>0x20007d58</run_address>
         <size>0x4</size>
         <input_file_ref idref="fl-b"/>
      </object_component>
      <object_component id="oc-76">
         <name>.data</name>
         <load_address>0x20007ce8</load_address>
         <run_address>0x20007ce8</run_address>
         <size>0x34</size>
         <input_file_ref idref="fl-f"/>
      </object_component>
      <object_component id="oc-1dd">
         <name>.data</name>
         <load_address>0x20007d34</load_address>
         <run_address>0x20007d34</run_address>
         <size>0xc</size>
         <input_file_ref idref="fl-10"/>
      </object_component>
      <object_component id="oc-2e1">
         <name>.data</name>
         <load_address>0x20007d1c</load_address>
         <run_address>0x20007d1c</run_address>
         <size>0x18</size>
         <input_file_ref idref="fl-11"/>
      </object_component>
      <object_component id="oc-3a7">
         <name>.data</name>
         <load_address>0x20007d48</load_address>
         <run_address>0x20007d48</run_address>
         <size>0x8</size>
         <input_file_ref idref="fl-15"/>
      </object_component>
      <object_component id="oc-20c">
         <name>.data</name>
         <load_address>0x20007d50</load_address>
         <run_address>0x20007d50</run_address>
         <size>0x5</size>
         <input_file_ref idref="fl-17"/>
      </object_component>
      <object_component id="oc-461">
         <name>.data</name>
         <load_address>0x20007d5c</load_address>
         <run_address>0x20007d5c</run_address>
         <size>0x4</size>
         <input_file_ref idref="fl-eb"/>
      </object_component>
      <object_component id="oc-2f3">
         <name>.bss</name>
         <uninitialized>true</uninitialized>
         <run_address>0x20007ae0</run_address>
         <size>0x4</size>
         <input_file_ref idref="fl-3"/>
      </object_component>
      <object_component id="oc-256">
         <name>.bss:w_get</name>
         <uninitialized>true</uninitialized>
         <run_address>0x20007a70</run_address>
         <size>0x8</size>
         <input_file_ref idref="fl-5"/>
      </object_component>
      <object_component id="oc-259">
         <name>.bss:w_set</name>
         <uninitialized>true</uninitialized>
         <run_address>0x20007a80</run_address>
         <size>0x8</size>
         <input_file_ref idref="fl-5"/>
      </object_component>
      <object_component id="oc-25c">
         <name>.bss:w_run</name>
         <uninitialized>true</uninitialized>
         <run_address>0x20007a78</run_address>
         <size>0x8</size>
         <input_file_ref idref="fl-5"/>
      </object_component>
      <object_component id="oc-253">
         <name>.bss</name>
         <uninitialized>true</uninitialized>
         <run_address>0x20007ad8</run_address>
         <size>0x4</size>
         <input_file_ref idref="fl-5"/>
      </object_component>
      <object_component id="oc-1c8">
         <name>.bss:ucHeap</name>
         <uninitialized>true</uninitialized>
         <run_address>0x20000270</run_address>
         <size>0x7530</size>
         <input_file_ref idref="fl-9"/>
      </object_component>
      <object_component id="oc-1c2">
         <name>.bss:xStart</name>
         <uninitialized>true</uninitialized>
         <run_address>0x20007a90</run_address>
         <size>0x8</size>
         <input_file_ref idref="fl-9"/>
      </object_component>
      <object_component id="oc-1c5">
         <name>.bss:xEnd</name>
         <uninitialized>true</uninitialized>
         <run_address>0x20007a88</run_address>
         <size>0x8</size>
         <input_file_ref idref="fl-9"/>
      </object_component>
      <object_component id="oc-e7">
         <name>.bss:pxReadyTasksLists</name>
         <uninitialized>true</uninitialized>
         <run_address>0x200077a0</run_address>
         <size>0x140</size>
         <input_file_ref idref="fl-f"/>
      </object_component>
      <object_component id="oc-fc">
         <name>.bss:xDelayedTaskList1</name>
         <uninitialized>true</uninitialized>
         <run_address>0x200079e4</run_address>
         <size>0x14</size>
         <input_file_ref idref="fl-f"/>
      </object_component>
      <object_component id="oc-ff">
         <name>.bss:xDelayedTaskList2</name>
         <uninitialized>true</uninitialized>
         <run_address>0x200079f8</run_address>
         <size>0x14</size>
         <input_file_ref idref="fl-f"/>
      </object_component>
      <object_component id="oc-ed">
         <name>.bss</name>
         <uninitialized>true</uninitialized>
         <run_address>0x20007a60</run_address>
         <size>0x8</size>
         <input_file_ref idref="fl-f"/>
      </object_component>
      <object_component id="oc-f9">
         <name>.bss:xPendingReadyList</name>
         <uninitialized>true</uninitialized>
         <run_address>0x20007a0c</run_address>
         <size>0x14</size>
         <input_file_ref idref="fl-f"/>
      </object_component>
      <object_component id="oc-ea">
         <name>.bss:xTasksWaitingTermination</name>
         <uninitialized>true</uninitialized>
         <run_address>0x20007a34</run_address>
         <size>0x14</size>
         <input_file_ref idref="fl-f"/>
      </object_component>
      <object_component id="oc-f0">
         <name>.bss:xSuspendedTaskList</name>
         <uninitialized>true</uninitialized>
         <run_address>0x20007a20</run_address>
         <size>0x14</size>
         <input_file_ref idref="fl-f"/>
      </object_component>
      <object_component id="oc-1e3">
         <name>.bss:xActiveTimerList1</name>
         <uninitialized>true</uninitialized>
         <run_address>0x200079bc</run_address>
         <size>0x14</size>
         <input_file_ref idref="fl-10"/>
      </object_component>
      <object_component id="oc-1e6">
         <name>.bss:xActiveTimerList2</name>
         <uninitialized>true</uninitialized>
         <run_address>0x200079d0</run_address>
         <size>0x14</size>
         <input_file_ref idref="fl-10"/>
      </object_component>
      <object_component id="oc-1e0">
         <name>.bss</name>
         <uninitialized>true</uninitialized>
         <run_address>0x20007a68</run_address>
         <size>0x8</size>
         <input_file_ref idref="fl-10"/>
      </object_component>
      <object_component id="oc-2e9">
         <name>.bss:f_P</name>
         <uninitialized>true</uninitialized>
         <run_address>0x20007a48</run_address>
         <size>0x10</size>
         <input_file_ref idref="fl-11"/>
      </object_component>
      <object_component id="oc-2db">
         <name>.bss</name>
         <uninitialized>true</uninitialized>
         <run_address>0x20007a58</run_address>
         <size>0x8</size>
         <input_file_ref idref="fl-11"/>
      </object_component>
      <object_component id="oc-39d">
         <name>.bss</name>
         <uninitialized>true</uninitialized>
         <run_address>0x20007adc</run_address>
         <size>0x4</size>
         <input_file_ref idref="fl-14"/>
      </object_component>
      <object_component id="oc-2ef">
         <name>.common:PID</name>
         <uninitialized>true</uninitialized>
         <run_address>0x20007998</run_address>
         <size>0x24</size>
      </object_component>
      <object_component id="oc-2ed">
         <name>.common:a_get</name>
         <uninitialized>true</uninitialized>
         <run_address>0x20007a98</run_address>
         <size>0x8</size>
      </object_component>
      <object_component id="oc-2ee">
         <name>.common:a_out</name>
         <uninitialized>true</uninitialized>
         <run_address>0x20007aa0</run_address>
         <size>0x8</size>
      </object_component>
      <object_component id="oc-24f">
         <name>.common:PID_Velocity</name>
         <uninitialized>true</uninitialized>
         <run_address>0x200078e0</run_address>
         <size>0x68</size>
      </object_component>
      <object_component id="oc-33f">
         <name>.common:xQueueRegistry</name>
         <uninitialized>true</uninitialized>
         <run_address>0x20007948</run_address>
         <size>0x50</size>
      </object_component>
      <object_component id="oc-2e5">
         <name>.common:gyroXangle</name>
         <uninitialized>true</uninitialized>
         <run_address>0x20007ab8</run_address>
         <size>0x8</size>
      </object_component>
      <object_component id="oc-2e7">
         <name>.common:gyroYangle</name>
         <uninitialized>true</uninitialized>
         <run_address>0x20007ac0</run_address>
         <size>0x8</size>
      </object_component>
      <object_component id="oc-2e4">
         <name>.common:compAngleX</name>
         <uninitialized>true</uninitialized>
         <run_address>0x20007aa8</run_address>
         <size>0x8</size>
      </object_component>
      <object_component id="oc-2e8">
         <name>.common:compAngleY</name>
         <uninitialized>true</uninitialized>
         <run_address>0x20007ab0</run_address>
         <size>0x8</size>
      </object_component>
      <object_component id="oc-2de">
         <name>.common:kalAngleX</name>
         <uninitialized>true</uninitialized>
         <run_address>0x20007ac8</run_address>
         <size>0x8</size>
      </object_component>
      <object_component id="oc-2e6">
         <name>.common:kalAngleY</name>
         <uninitialized>true</uninitialized>
         <run_address>0x20007ad0</run_address>
         <size>0x8</size>
      </object_component>
      <object_component id="oc-21">
         <name>.stack</name>
         <uninitialized>true</uninitialized>
         <run_address>0x20007ae8</run_address>
         <size>0x4</size>
         <input_file_ref idref="fl-ec"/>
      </object_component>
      <object_component id="oc-4c1">
         <name>.stack</name>
         <uninitialized>true</uninitialized>
         <run_address>0x20007ae8</run_address>
         <size>0x0</size>
      </object_component>
      <object_component id="oc-37">
         <name>.debug_info</name>
         <load_address>0x0</load_address>
         <run_address>0x0</run_address>
         <size>0x315</size>
         <input_file_ref idref="fl-2"/>
      </object_component>
      <object_component id="oc-10">
         <name>.debug_info</name>
         <load_address>0x315</load_address>
         <run_address>0x315</run_address>
         <size>0xd4</size>
         <input_file_ref idref="fl-2"/>
      </object_component>
      <object_component id="oc-25">
         <name>.debug_info</name>
         <load_address>0x3e9</load_address>
         <run_address>0x3e9</run_address>
         <size>0x250</size>
         <input_file_ref idref="fl-2"/>
      </object_component>
      <object_component id="oc-94">
         <name>.debug_info</name>
         <load_address>0x639</load_address>
         <run_address>0x639</run_address>
         <size>0x26b</size>
         <input_file_ref idref="fl-2"/>
      </object_component>
      <object_component id="oc-3e">
         <name>.debug_info</name>
         <load_address>0x8a4</load_address>
         <run_address>0x8a4</run_address>
         <size>0x84</size>
         <input_file_ref idref="fl-2"/>
      </object_component>
      <object_component id="oc-118">
         <name>.debug_info</name>
         <load_address>0x928</load_address>
         <run_address>0x928</run_address>
         <size>0x297</size>
         <input_file_ref idref="fl-2"/>
      </object_component>
      <object_component id="oc-99">
         <name>.debug_info</name>
         <load_address>0xbbf</load_address>
         <run_address>0xbbf</run_address>
         <size>0xbb</size>
         <input_file_ref idref="fl-2"/>
      </object_component>
      <object_component id="oc-116">
         <name>.debug_info</name>
         <load_address>0xc7a</load_address>
         <run_address>0xc7a</run_address>
         <size>0x5be</size>
         <input_file_ref idref="fl-3"/>
      </object_component>
      <object_component id="oc-2f4">
         <name>.debug_info</name>
         <load_address>0x1238</load_address>
         <run_address>0x1238</run_address>
         <size>0xe0</size>
         <input_file_ref idref="fl-3"/>
      </object_component>
      <object_component id="oc-2f1">
         <name>.debug_info</name>
         <load_address>0x1318</load_address>
         <run_address>0x1318</run_address>
         <size>0xce</size>
         <input_file_ref idref="fl-3"/>
      </object_component>
      <object_component id="oc-15e">
         <name>.debug_info</name>
         <load_address>0x13e6</load_address>
         <run_address>0x13e6</run_address>
         <size>0x3a3</size>
         <input_file_ref idref="fl-3"/>
      </object_component>
      <object_component id="oc-d4">
         <name>.debug_info</name>
         <load_address>0x1789</load_address>
         <run_address>0x1789</run_address>
         <size>0x30c</size>
         <input_file_ref idref="fl-3"/>
      </object_component>
      <object_component id="oc-166">
         <name>.debug_info</name>
         <load_address>0x1a95</load_address>
         <run_address>0x1a95</run_address>
         <size>0x71</size>
         <input_file_ref idref="fl-3"/>
      </object_component>
      <object_component id="oc-1fd">
         <name>.debug_info</name>
         <load_address>0x1b06</load_address>
         <run_address>0x1b06</run_address>
         <size>0x48</size>
         <input_file_ref idref="fl-3"/>
      </object_component>
      <object_component id="oc-1f8">
         <name>.debug_info</name>
         <load_address>0x1b4e</load_address>
         <run_address>0x1b4e</run_address>
         <size>0x205</size>
         <input_file_ref idref="fl-3"/>
      </object_component>
      <object_component id="oc-111">
         <name>.debug_info</name>
         <load_address>0x1d53</load_address>
         <run_address>0x1d53</run_address>
         <size>0x44c</size>
         <input_file_ref idref="fl-3"/>
      </object_component>
      <object_component id="oc-1ab">
         <name>.debug_info</name>
         <load_address>0x219f</load_address>
         <run_address>0x219f</run_address>
         <size>0x46</size>
         <input_file_ref idref="fl-3"/>
      </object_component>
      <object_component id="oc-88">
         <name>.debug_info</name>
         <load_address>0x21e5</load_address>
         <run_address>0x21e5</run_address>
         <size>0x2c</size>
         <input_file_ref idref="fl-3"/>
      </object_component>
      <object_component id="oc-107">
         <name>.debug_info</name>
         <load_address>0x2211</load_address>
         <run_address>0x2211</run_address>
         <size>0x53</size>
         <input_file_ref idref="fl-3"/>
      </object_component>
      <object_component id="oc-8d">
         <name>.debug_info</name>
         <load_address>0x2264</load_address>
         <run_address>0x2264</run_address>
         <size>0x53</size>
         <input_file_ref idref="fl-3"/>
      </object_component>
      <object_component id="oc-10c">
         <name>.debug_info</name>
         <load_address>0x22b7</load_address>
         <run_address>0x22b7</run_address>
         <size>0x14c</size>
         <input_file_ref idref="fl-3"/>
      </object_component>
      <object_component id="oc-164">
         <name>.debug_info</name>
         <load_address>0x2403</load_address>
         <run_address>0x2403</run_address>
         <size>0x6f6</size>
         <input_file_ref idref="fl-4"/>
      </object_component>
      <object_component id="oc-c0">
         <name>.debug_info</name>
         <load_address>0x2af9</load_address>
         <run_address>0x2af9</run_address>
         <size>0x6a9</size>
         <input_file_ref idref="fl-4"/>
      </object_component>
      <object_component id="oc-308">
         <name>.debug_info</name>
         <load_address>0x31a2</load_address>
         <run_address>0x31a2</run_address>
         <size>0x7a</size>
         <input_file_ref idref="fl-4"/>
      </object_component>
      <object_component id="oc-2f9">
         <name>.debug_info</name>
         <load_address>0x321c</load_address>
         <run_address>0x321c</run_address>
         <size>0x44c</size>
         <input_file_ref idref="fl-4"/>
      </object_component>
      <object_component id="oc-303">
         <name>.debug_info</name>
         <load_address>0x3668</load_address>
         <run_address>0x3668</run_address>
         <size>0x46</size>
         <input_file_ref idref="fl-4"/>
      </object_component>
      <object_component id="oc-2fe">
         <name>.debug_info</name>
         <load_address>0x36ae</load_address>
         <run_address>0x36ae</run_address>
         <size>0x2c</size>
         <input_file_ref idref="fl-4"/>
      </object_component>
      <object_component id="oc-124">
         <name>.debug_info</name>
         <load_address>0x36da</load_address>
         <run_address>0x36da</run_address>
         <size>0x2c</size>
         <input_file_ref idref="fl-4"/>
      </object_component>
      <object_component id="oc-221">
         <name>.debug_info</name>
         <load_address>0x3706</load_address>
         <run_address>0x3706</run_address>
         <size>0x2c</size>
         <input_file_ref idref="fl-4"/>
      </object_component>
      <object_component id="oc-250">
         <name>.debug_info</name>
         <load_address>0x3732</load_address>
         <run_address>0x3732</run_address>
         <size>0x5f2</size>
         <input_file_ref idref="fl-5"/>
      </object_component>
      <object_component id="oc-257">
         <name>.debug_info</name>
         <load_address>0x3d24</load_address>
         <run_address>0x3d24</run_address>
         <size>0xd4</size>
         <input_file_ref idref="fl-5"/>
      </object_component>
      <object_component id="oc-25a">
         <name>.debug_info</name>
         <load_address>0x3df8</load_address>
         <run_address>0x3df8</run_address>
         <size>0xd4</size>
         <input_file_ref idref="fl-5"/>
      </object_component>
      <object_component id="oc-25d">
         <name>.debug_info</name>
         <load_address>0x3ecc</load_address>
         <run_address>0x3ecc</run_address>
         <size>0xd4</size>
         <input_file_ref idref="fl-5"/>
      </object_component>
      <object_component id="oc-254">
         <name>.debug_info</name>
         <load_address>0x3fa0</load_address>
         <run_address>0x3fa0</run_address>
         <size>0xe8</size>
         <input_file_ref idref="fl-5"/>
      </object_component>
      <object_component id="oc-152">
         <name>.debug_info</name>
         <load_address>0x4088</load_address>
         <run_address>0x4088</run_address>
         <size>0x55e</size>
         <input_file_ref idref="fl-5"/>
      </object_component>
      <object_component id="oc-3ac">
         <name>.debug_info</name>
         <load_address>0x45e6</load_address>
         <run_address>0x45e6</run_address>
         <size>0x24c</size>
         <input_file_ref idref="fl-6"/>
      </object_component>
      <object_component id="oc-24b">
         <name>.debug_info</name>
         <load_address>0x4832</load_address>
         <run_address>0x4832</run_address>
         <size>0x318</size>
         <input_file_ref idref="fl-6"/>
      </object_component>
      <object_component id="oc-32d">
         <name>.debug_info</name>
         <load_address>0x4b4a</load_address>
         <run_address>0x4b4a</run_address>
         <size>0x5f0</size>
         <input_file_ref idref="fl-8"/>
      </object_component>
      <object_component id="oc-1b0">
         <name>.debug_info</name>
         <load_address>0x513a</load_address>
         <run_address>0x513a</run_address>
         <size>0x110</size>
         <input_file_ref idref="fl-8"/>
      </object_component>
      <object_component id="oc-1ba">
         <name>.debug_info</name>
         <load_address>0x524a</load_address>
         <run_address>0x524a</run_address>
         <size>0x44c</size>
         <input_file_ref idref="fl-8"/>
      </object_component>
      <object_component id="oc-420">
         <name>.debug_info</name>
         <load_address>0x5696</load_address>
         <run_address>0x5696</run_address>
         <size>0x39</size>
         <input_file_ref idref="fl-8"/>
      </object_component>
      <object_component id="oc-425">
         <name>.debug_info</name>
         <load_address>0x56cf</load_address>
         <run_address>0x56cf</run_address>
         <size>0x76</size>
         <input_file_ref idref="fl-8"/>
      </object_component>
      <object_component id="oc-1cc">
         <name>.debug_info</name>
         <load_address>0x5745</load_address>
         <run_address>0x5745</run_address>
         <size>0x3d7</size>
         <input_file_ref idref="fl-9"/>
      </object_component>
      <object_component id="oc-1c9">
         <name>.debug_info</name>
         <load_address>0x5b1c</load_address>
         <run_address>0x5b1c</run_address>
         <size>0xbe</size>
         <input_file_ref idref="fl-9"/>
      </object_component>
      <object_component id="oc-1c3">
         <name>.debug_info</name>
         <load_address>0x5bda</load_address>
         <run_address>0x5bda</run_address>
         <size>0xbe</size>
         <input_file_ref idref="fl-9"/>
      </object_component>
      <object_component id="oc-1c6">
         <name>.debug_info</name>
         <load_address>0x5c98</load_address>
         <run_address>0x5c98</run_address>
         <size>0xba</size>
         <input_file_ref idref="fl-9"/>
      </object_component>
      <object_component id="oc-1c0">
         <name>.debug_info</name>
         <load_address>0x5d52</load_address>
         <run_address>0x5d52</run_address>
         <size>0xd8</size>
         <input_file_ref idref="fl-9"/>
      </object_component>
      <object_component id="oc-dc">
         <name>.debug_info</name>
         <load_address>0x5e2a</load_address>
         <run_address>0x5e2a</run_address>
         <size>0x58e</size>
         <input_file_ref idref="fl-9"/>
      </object_component>
      <object_component id="oc-332">
         <name>.debug_info</name>
         <load_address>0x63b8</load_address>
         <run_address>0x63b8</run_address>
         <size>0x62</size>
         <input_file_ref idref="fl-9"/>
      </object_component>
      <object_component id="oc-1ce">
         <name>.debug_info</name>
         <load_address>0x641a</load_address>
         <run_address>0x641a</run_address>
         <size>0x344</size>
         <input_file_ref idref="fl-a"/>
      </object_component>
      <object_component id="oc-e4">
         <name>.debug_info</name>
         <load_address>0x675e</load_address>
         <run_address>0x675e</run_address>
         <size>0x490</size>
         <input_file_ref idref="fl-a"/>
      </object_component>
      <object_component id="oc-87">
         <name>.debug_info</name>
         <load_address>0x6bee</load_address>
         <run_address>0x6bee</run_address>
         <size>0x3c3</size>
         <input_file_ref idref="fl-b"/>
      </object_component>
      <object_component id="oc-7a">
         <name>.debug_info</name>
         <load_address>0x6fb1</load_address>
         <run_address>0x6fb1</run_address>
         <size>0xeb</size>
         <input_file_ref idref="fl-b"/>
      </object_component>
      <object_component id="oc-84">
         <name>.debug_info</name>
         <load_address>0x709c</load_address>
         <run_address>0x709c</run_address>
         <size>0xd2</size>
         <input_file_ref idref="fl-b"/>
      </object_component>
      <object_component id="oc-31">
         <name>.debug_info</name>
         <load_address>0x716e</load_address>
         <run_address>0x716e</run_address>
         <size>0x522</size>
         <input_file_ref idref="fl-b"/>
      </object_component>
      <object_component id="oc-2d">
         <name>.debug_info</name>
         <load_address>0x7690</load_address>
         <run_address>0x7690</run_address>
         <size>0x220</size>
         <input_file_ref idref="fl-c"/>
      </object_component>
      <object_component id="oc-340">
         <name>.debug_info</name>
         <load_address>0x78b0</load_address>
         <run_address>0x78b0</run_address>
         <size>0x861</size>
         <input_file_ref idref="fl-d"/>
      </object_component>
      <object_component id="oc-1d8">
         <name>.debug_info</name>
         <load_address>0x8111</load_address>
         <run_address>0x8111</run_address>
         <size>0x349a</size>
         <input_file_ref idref="fl-d"/>
      </object_component>
      <object_component id="oc-42c">
         <name>.debug_info</name>
         <load_address>0xb5ab</load_address>
         <run_address>0xb5ab</run_address>
         <size>0x1cd</size>
         <input_file_ref idref="fl-d"/>
      </object_component>
      <object_component id="oc-d3">
         <name>.debug_info</name>
         <load_address>0xb778</load_address>
         <run_address>0xb778</run_address>
         <size>0x79e</size>
         <input_file_ref idref="fl-f"/>
      </object_component>
      <object_component id="oc-77">
         <name>.debug_info</name>
         <load_address>0xbf16</load_address>
         <run_address>0xbf16</run_address>
         <size>0x32d</size>
         <input_file_ref idref="fl-f"/>
      </object_component>
      <object_component id="oc-e8">
         <name>.debug_info</name>
         <load_address>0xc243</load_address>
         <run_address>0xc243</run_address>
         <size>0xd4</size>
         <input_file_ref idref="fl-f"/>
      </object_component>
      <object_component id="oc-fd">
         <name>.debug_info</name>
         <load_address>0xc317</load_address>
         <run_address>0xc317</run_address>
         <size>0xd4</size>
         <input_file_ref idref="fl-f"/>
      </object_component>
      <object_component id="oc-100">
         <name>.debug_info</name>
         <load_address>0xc3eb</load_address>
         <run_address>0xc3eb</run_address>
         <size>0xd4</size>
         <input_file_ref idref="fl-f"/>
      </object_component>
      <object_component id="oc-ee">
         <name>.debug_info</name>
         <load_address>0xc4bf</load_address>
         <run_address>0xc4bf</run_address>
         <size>0x117</size>
         <input_file_ref idref="fl-f"/>
      </object_component>
      <object_component id="oc-fa">
         <name>.debug_info</name>
         <load_address>0xc5d6</load_address>
         <run_address>0xc5d6</run_address>
         <size>0xd4</size>
         <input_file_ref idref="fl-f"/>
      </object_component>
      <object_component id="oc-eb">
         <name>.debug_info</name>
         <load_address>0xc6aa</load_address>
         <run_address>0xc6aa</run_address>
         <size>0xe2</size>
         <input_file_ref idref="fl-f"/>
      </object_component>
      <object_component id="oc-f1">
         <name>.debug_info</name>
         <load_address>0xc78c</load_address>
         <run_address>0xc78c</run_address>
         <size>0xd6</size>
         <input_file_ref idref="fl-f"/>
      </object_component>
      <object_component id="oc-7e">
         <name>.debug_info</name>
         <load_address>0xc862</load_address>
         <run_address>0xc862</run_address>
         <size>0x4acc</size>
         <input_file_ref idref="fl-f"/>
      </object_component>
      <object_component id="oc-1b5">
         <name>.debug_info</name>
         <load_address>0x1132e</load_address>
         <run_address>0x1132e</run_address>
         <size>0x146</size>
         <input_file_ref idref="fl-f"/>
      </object_component>
      <object_component id="oc-1ea">
         <name>.debug_info</name>
         <load_address>0x11474</load_address>
         <run_address>0x11474</run_address>
         <size>0x811</size>
         <input_file_ref idref="fl-10"/>
      </object_component>
      <object_component id="oc-1e4">
         <name>.debug_info</name>
         <load_address>0x11c85</load_address>
         <run_address>0x11c85</run_address>
         <size>0xd4</size>
         <input_file_ref idref="fl-10"/>
      </object_component>
      <object_component id="oc-1e7">
         <name>.debug_info</name>
         <load_address>0x11d59</load_address>
         <run_address>0x11d59</run_address>
         <size>0xd4</size>
         <input_file_ref idref="fl-10"/>
      </object_component>
      <object_component id="oc-1e1">
         <name>.debug_info</name>
         <load_address>0x11e2d</load_address>
         <run_address>0x11e2d</run_address>
         <size>0x10c</size>
         <input_file_ref idref="fl-10"/>
      </object_component>
      <object_component id="oc-1de">
         <name>.debug_info</name>
         <load_address>0x11f39</load_address>
         <run_address>0x11f39</run_address>
         <size>0xf8</size>
         <input_file_ref idref="fl-10"/>
      </object_component>
      <object_component id="oc-f5">
         <name>.debug_info</name>
         <load_address>0x12031</load_address>
         <run_address>0x12031</run_address>
         <size>0x1c55</size>
         <input_file_ref idref="fl-10"/>
      </object_component>
      <object_component id="oc-1eb">
         <name>.debug_info</name>
         <load_address>0x13c86</load_address>
         <run_address>0x13c86</run_address>
         <size>0x1ce</size>
         <input_file_ref idref="fl-10"/>
      </object_component>
      <object_component id="oc-2df">
         <name>.debug_info</name>
         <load_address>0x13e54</load_address>
         <run_address>0x13e54</run_address>
         <size>0x785</size>
         <input_file_ref idref="fl-11"/>
      </object_component>
      <object_component id="oc-2e2">
         <name>.debug_info</name>
         <load_address>0x145d9</load_address>
         <run_address>0x145d9</run_address>
         <size>0x160</size>
         <input_file_ref idref="fl-11"/>
      </object_component>
      <object_component id="oc-2ea">
         <name>.debug_info</name>
         <load_address>0x14739</load_address>
         <run_address>0x14739</run_address>
         <size>0xb8</size>
         <input_file_ref idref="fl-11"/>
      </object_component>
      <object_component id="oc-2dc">
         <name>.debug_info</name>
         <load_address>0x147f1</load_address>
         <run_address>0x147f1</run_address>
         <size>0xe6</size>
         <input_file_ref idref="fl-11"/>
      </object_component>
      <object_component id="oc-158">
         <name>.debug_info</name>
         <load_address>0x148d7</load_address>
         <run_address>0x148d7</run_address>
         <size>0x1b3a</size>
         <input_file_ref idref="fl-11"/>
      </object_component>
      <object_component id="oc-3f0">
         <name>.debug_info</name>
         <load_address>0x16411</load_address>
         <run_address>0x16411</run_address>
         <size>0x44c</size>
         <input_file_ref idref="fl-11"/>
      </object_component>
      <object_component id="oc-21b">
         <name>.debug_info</name>
         <load_address>0x1685d</load_address>
         <run_address>0x1685d</run_address>
         <size>0x8b</size>
         <input_file_ref idref="fl-11"/>
      </object_component>
      <object_component id="oc-3eb">
         <name>.debug_info</name>
         <load_address>0x168e8</load_address>
         <run_address>0x168e8</run_address>
         <size>0xcc</size>
         <input_file_ref idref="fl-11"/>
      </object_component>
      <object_component id="oc-39e">
         <name>.debug_info</name>
         <load_address>0x169b4</load_address>
         <run_address>0x169b4</run_address>
         <size>0xba</size>
         <input_file_ref idref="fl-14"/>
      </object_component>
      <object_component id="oc-23f">
         <name>.debug_info</name>
         <load_address>0x16a6e</load_address>
         <run_address>0x16a6e</run_address>
         <size>0x48a</size>
         <input_file_ref idref="fl-14"/>
      </object_component>
      <object_component id="oc-3a8">
         <name>.debug_info</name>
         <load_address>0x16ef8</load_address>
         <run_address>0x16ef8</run_address>
         <size>0xf4</size>
         <input_file_ref idref="fl-15"/>
      </object_component>
      <object_component id="oc-244">
         <name>.debug_info</name>
         <load_address>0x16fec</load_address>
         <run_address>0x16fec</run_address>
         <size>0x34a</size>
         <input_file_ref idref="fl-15"/>
      </object_component>
      <object_component id="oc-220">
         <name>.debug_info</name>
         <load_address>0x17336</load_address>
         <run_address>0x17336</run_address>
         <size>0x287</size>
         <input_file_ref idref="fl-17"/>
      </object_component>
      <object_component id="oc-20d">
         <name>.debug_info</name>
         <load_address>0x175bd</load_address>
         <run_address>0x175bd</run_address>
         <size>0xc8</size>
         <input_file_ref idref="fl-17"/>
      </object_component>
      <object_component id="oc-218">
         <name>.debug_info</name>
         <load_address>0x17685</load_address>
         <run_address>0x17685</run_address>
         <size>0xc2</size>
         <input_file_ref idref="fl-17"/>
      </object_component>
      <object_component id="oc-210">
         <name>.debug_info</name>
         <load_address>0x17747</load_address>
         <run_address>0x17747</run_address>
         <size>0xd0</size>
         <input_file_ref idref="fl-17"/>
      </object_component>
      <object_component id="oc-20a">
         <name>.debug_info</name>
         <load_address>0x17817</load_address>
         <run_address>0x17817</run_address>
         <size>0xd4</size>
         <input_file_ref idref="fl-17"/>
      </object_component>
      <object_component id="oc-134">
         <name>.debug_info</name>
         <load_address>0x178eb</load_address>
         <run_address>0x178eb</run_address>
         <size>0x750</size>
         <input_file_ref idref="fl-17"/>
      </object_component>
      <object_component id="oc-22e">
         <name>.debug_info</name>
         <load_address>0x1803b</load_address>
         <run_address>0x1803b</run_address>
         <size>0x240</size>
         <input_file_ref idref="fl-1d"/>
      </object_component>
      <object_component id="oc-22b">
         <name>.debug_info</name>
         <load_address>0x1827b</load_address>
         <run_address>0x1827b</run_address>
         <size>0x15b</size>
         <input_file_ref idref="fl-1d"/>
      </object_component>
      <object_component id="oc-38c">
         <name>.debug_info</name>
         <load_address>0x183d6</load_address>
         <run_address>0x183d6</run_address>
         <size>0x2a3</size>
         <input_file_ref idref="fl-1d"/>
      </object_component>
      <object_component id="oc-230">
         <name>.debug_info</name>
         <load_address>0x18679</load_address>
         <run_address>0x18679</run_address>
         <size>0x2b3</size>
         <input_file_ref idref="fl-1d"/>
      </object_component>
      <object_component id="oc-236">
         <name>.debug_info</name>
         <load_address>0x1892c</load_address>
         <run_address>0x1892c</run_address>
         <size>0x316</size>
         <input_file_ref idref="fl-1d"/>
      </object_component>
      <object_component id="oc-14c">
         <name>.debug_info</name>
         <load_address>0x18c42</load_address>
         <run_address>0x18c42</run_address>
         <size>0x27b</size>
         <input_file_ref idref="fl-1d"/>
      </object_component>
      <object_component id="oc-36e">
         <name>.debug_info</name>
         <load_address>0x18ebd</load_address>
         <run_address>0x18ebd</run_address>
         <size>0x279</size>
         <input_file_ref idref="fl-1d"/>
      </object_component>
      <object_component id="oc-261">
         <name>.debug_info</name>
         <load_address>0x19136</load_address>
         <run_address>0x19136</run_address>
         <size>0x27f</size>
         <input_file_ref idref="fl-1d"/>
      </object_component>
      <object_component id="oc-267">
         <name>.debug_info</name>
         <load_address>0x193b5</load_address>
         <run_address>0x193b5</run_address>
         <size>0x279</size>
         <input_file_ref idref="fl-1d"/>
      </object_component>
      <object_component id="oc-297">
         <name>.debug_info</name>
         <load_address>0x1962e</load_address>
         <run_address>0x1962e</run_address>
         <size>0x2b7</size>
         <input_file_ref idref="fl-1d"/>
      </object_component>
      <object_component id="oc-146">
         <name>.debug_info</name>
         <load_address>0x198e5</load_address>
         <run_address>0x198e5</run_address>
         <size>0x280</size>
         <input_file_ref idref="fl-1d"/>
      </object_component>
      <object_component id="oc-203">
         <name>.debug_info</name>
         <load_address>0x19b65</load_address>
         <run_address>0x19b65</run_address>
         <size>0x18b</size>
         <input_file_ref idref="fl-1d"/>
      </object_component>
      <object_component id="oc-3c4">
         <name>.debug_info</name>
         <load_address>0x19cf0</load_address>
         <run_address>0x19cf0</run_address>
         <size>0x231</size>
         <input_file_ref idref="fl-1e"/>
      </object_component>
      <object_component id="oc-27a">
         <name>.debug_info</name>
         <load_address>0x19f21</load_address>
         <run_address>0x19f21</run_address>
         <size>0x2ce</size>
         <input_file_ref idref="fl-1e"/>
      </object_component>
      <object_component id="oc-3bf">
         <name>.debug_info</name>
         <load_address>0x1a1ef</load_address>
         <run_address>0x1a1ef</run_address>
         <size>0x24e</size>
         <input_file_ref idref="fl-1e"/>
      </object_component>
      <object_component id="oc-274">
         <name>.debug_info</name>
         <load_address>0x1a43d</load_address>
         <run_address>0x1a43d</run_address>
         <size>0x2d5</size>
         <input_file_ref idref="fl-1e"/>
      </object_component>
      <object_component id="oc-280">
         <name>.debug_info</name>
         <load_address>0x1a712</load_address>
         <run_address>0x1a712</run_address>
         <size>0x27e</size>
         <input_file_ref idref="fl-1e"/>
      </object_component>
      <object_component id="oc-292">
         <name>.debug_info</name>
         <load_address>0x1a990</load_address>
         <run_address>0x1a990</run_address>
         <size>0x254</size>
         <input_file_ref idref="fl-1e"/>
      </object_component>
      <object_component id="oc-286">
         <name>.debug_info</name>
         <load_address>0x1abe4</load_address>
         <run_address>0x1abe4</run_address>
         <size>0x27e</size>
         <input_file_ref idref="fl-1e"/>
      </object_component>
      <object_component id="oc-28c">
         <name>.debug_info</name>
         <load_address>0x1ae62</load_address>
         <run_address>0x1ae62</run_address>
         <size>0x24e</size>
         <input_file_ref idref="fl-1e"/>
      </object_component>
      <object_component id="oc-482">
         <name>.debug_info</name>
         <load_address>0x1b0b0</load_address>
         <run_address>0x1b0b0</run_address>
         <size>0x20e</size>
         <input_file_ref idref="fl-1f"/>
      </object_component>
      <object_component id="oc-484">
         <name>.debug_info</name>
         <load_address>0x1b2be</load_address>
         <run_address>0x1b2be</run_address>
         <size>0x210</size>
         <input_file_ref idref="fl-1f"/>
      </object_component>
      <object_component id="oc-47f">
         <name>.debug_info</name>
         <load_address>0x1b4ce</load_address>
         <run_address>0x1b4ce</run_address>
         <size>0x157</size>
         <input_file_ref idref="fl-1f"/>
      </object_component>
      <object_component id="oc-447">
         <name>.debug_info</name>
         <load_address>0x1b625</load_address>
         <run_address>0x1b625</run_address>
         <size>0x2c1</size>
         <input_file_ref idref="fl-1f"/>
      </object_component>
      <object_component id="oc-44d">
         <name>.debug_info</name>
         <load_address>0x1b8e6</load_address>
         <run_address>0x1b8e6</run_address>
         <size>0x268</size>
         <input_file_ref idref="fl-1f"/>
      </object_component>
      <object_component id="oc-435">
         <name>.debug_info</name>
         <load_address>0x1bb4e</load_address>
         <run_address>0x1bb4e</run_address>
         <size>0x1ed</size>
         <input_file_ref idref="fl-20"/>
      </object_component>
      <object_component id="oc-395">
         <name>.debug_info</name>
         <load_address>0x1bd3b</load_address>
         <run_address>0x1bd3b</run_address>
         <size>0x2f6</size>
         <input_file_ref idref="fl-20"/>
      </object_component>
      <object_component id="oc-39b">
         <name>.debug_info</name>
         <load_address>0x1c031</load_address>
         <run_address>0x1c031</run_address>
         <size>0x2c4</size>
         <input_file_ref idref="fl-20"/>
      </object_component>
      <object_component id="oc-381">
         <name>.debug_info</name>
         <load_address>0x1c2f5</load_address>
         <run_address>0x1c2f5</run_address>
         <size>0x2b6</size>
         <input_file_ref idref="fl-20"/>
      </object_component>
      <object_component id="oc-387">
         <name>.debug_info</name>
         <load_address>0x1c5ab</load_address>
         <run_address>0x1c5ab</run_address>
         <size>0x276</size>
         <input_file_ref idref="fl-20"/>
      </object_component>
      <object_component id="oc-37b">
         <name>.debug_info</name>
         <load_address>0x1c821</load_address>
         <run_address>0x1c821</run_address>
         <size>0x2b3</size>
         <input_file_ref idref="fl-20"/>
      </object_component>
      <object_component id="oc-450">
         <name>.debug_info</name>
         <load_address>0x1cad4</load_address>
         <run_address>0x1cad4</run_address>
         <size>0x1e8</size>
         <input_file_ref idref="fl-21"/>
      </object_component>
      <object_component id="oc-43f">
         <name>.debug_info</name>
         <load_address>0x1ccbc</load_address>
         <run_address>0x1ccbc</run_address>
         <size>0x270</size>
         <input_file_ref idref="fl-21"/>
      </object_component>
      <object_component id="oc-3a3">
         <name>.debug_info</name>
         <load_address>0x1cf2c</load_address>
         <run_address>0x1cf2c</run_address>
         <size>0x2bd</size>
         <input_file_ref idref="fl-21"/>
      </object_component>
      <object_component id="oc-228">
         <name>.debug_info</name>
         <load_address>0x1d1e9</load_address>
         <run_address>0x1d1e9</run_address>
         <size>0x298</size>
         <input_file_ref idref="fl-22"/>
      </object_component>
      <object_component id="oc-3ba">
         <name>.debug_info</name>
         <load_address>0x1d481</load_address>
         <run_address>0x1d481</run_address>
         <size>0x14d</size>
         <input_file_ref idref="fl-22"/>
      </object_component>
      <object_component id="oc-141">
         <name>.debug_info</name>
         <load_address>0x1d5ce</load_address>
         <run_address>0x1d5ce</run_address>
         <size>0x27d</size>
         <input_file_ref idref="fl-22"/>
      </object_component>
      <object_component id="oc-375">
         <name>.debug_info</name>
         <load_address>0x1d84b</load_address>
         <run_address>0x1d84b</run_address>
         <size>0x263</size>
         <input_file_ref idref="fl-22"/>
      </object_component>
      <object_component id="oc-13a">
         <name>.debug_info</name>
         <load_address>0x1daae</load_address>
         <run_address>0x1daae</run_address>
         <size>0x2db</size>
         <input_file_ref idref="fl-22"/>
      </object_component>
      <object_component id="oc-26d">
         <name>.debug_info</name>
[...]
         <value>0x993</value>
         <object_component_ref idref="oc-7c"/>
      </symbol>
      <symbol id="sm-50f">
         <name>xTaskGetCurrentTaskHandle</name>
         <value>0x13bd</value>
         <object_component_ref idref="oc-7c"/>
      </symbol>
      <symbol id="sm-510">
         <name>vTaskPlaceOnUnorderedEventList</name>
         <value>0xebb</value>
         <object_component_ref idref="oc-7c"/>
      </symbol>
      <symbol id="sm-511">
         <name>xTaskRemoveFromEventList</name>
         <value>0xf1d</value>
         <object_component_ref idref="oc-7c"/>
      </symbol>
      <symbol id="sm-512">
         <name>xTaskPriorityInherit</name>
         <value>0x1419</value>
         <object_component_ref idref="oc-7c"/>
      </symbol>
      <symbol id="sm-5a0">
         <name>vTimerSetTimerNumber</name>
         <value>0x382b</value>
         <object_component_ref idref="oc-f3"/>
      </symbol>
      <symbol id="sm-5a1">
         <name>xTimerGetTimerDaemonTaskHandle</name>
         <value>0x33d1</value>
         <object_component_ref idref="oc-f3"/>
      </symbol>
      <symbol id="sm-5a2">
         <name>pcTimerGetName</name>
         <value>0x33ff</value>
         <object_component_ref idref="oc-f3"/>
      </symbol>
      <symbol id="sm-5a3">
         <name>xTimerCreateTimerTask</name>
         <value>0x32c5</value>
         <object_component_ref idref="oc-f3"/>
      </symbol>
      <symbol id="sm-5a4">
         <name>xTimerGetExpiryTime</name>
         <value>0x33e9</value>
         <object_component_ref idref="oc-f3"/>
      </symbol>
      <symbol id="sm-5a5">
         <name>uxTimerGetTimerNumber</name>
         <value>0x381d</value>
         <object_component_ref idref="oc-f3"/>
      </symbol>
      <symbol id="sm-5a6">
         <name>xTimerIsTimerActive</name>
         <value>0x37bd</value>
         <object_component_ref idref="oc-f3"/>
      </symbol>
      <symbol id="sm-5a7">
         <name>xTimerGetPeriod</name>
         <value>0x33d7</value>
         <object_component_ref idref="oc-f3"/>
      </symbol>
      <symbol id="sm-5a8">
         <name>xTimerCreate</name>
         <value>0x32f1</value>
         <object_component_ref idref="oc-f3"/>
      </symbol>
      <symbol id="sm-5a9">
         <name>xTimerGenericCommand</name>
         <value>0x3365</value>
         <object_component_ref idref="oc-f3"/>
      </symbol>
      <symbol id="sm-5aa">
         <name>pvTimerGetTimerID</name>
         <value>0x37e9</value>
         <object_component_ref idref="oc-f3"/>
      </symbol>
      <symbol id="sm-5ab">
         <name>vTimerSetTimerID</name>
         <value>0x3803</value>
         <object_component_ref idref="oc-f3"/>
      </symbol>
      <symbol id="sm-656">
         <name>gyroXangle</name>
         <value>0x20007ab8</value>
      </symbol>
      <symbol id="sm-657">
         <name>gyroYangle</name>
         <value>0x20007ac0</value>
      </symbol>
      <symbol id="sm-658">
         <name>compAngleX</name>
         <value>0x20007aa8</value>
      </symbol>
      <symbol id="sm-659">
         <name>compAngleY</name>
         <value>0x20007ab0</value>
      </symbol>
      <symbol id="sm-65a">
         <name>kalAngleX</name>
         <value>0x20007ac8</value>
      </symbol>
      <symbol id="sm-65b">
         <name>kalAngleY</name>
         <value>0x20007ad0</value>
      </symbol>
      <symbol id="sm-65c">
         <name>MPU6050_Get_Accel_Raw</name>
         <value>0x2b83</value>
         <object_component_ref idref="oc-157"/>
      </symbol>
      <symbol id="sm-65d">
         <name>Kalman_Set_Qbias</name>
         <value>0x3211</value>
         <object_component_ref idref="oc-157"/>
      </symbol>
      <symbol id="sm-65e">
         <name>MPU6050_Get_Gyro_Raw</name>
         <value>0x2bcd</value>
         <object_component_ref idref="oc-157"/>
      </symbol>
      <symbol id="sm-65f">
         <name>MPU6050_Init</name>
         <value>0x2aad</value>
         <object_component_ref idref="oc-157"/>
      </symbol>
      <symbol id="sm-660">
         <name>Kalman_Filter_Process</name>
         <value>0x2c1d</value>
         <object_component_ref idref="oc-157"/>
      </symbol>
      <symbol id="sm-661">
         <name>mpu_service_start</name>
         <value>0x327b</value>
         <object_component_ref idref="oc-157"/>
      </symbol>
      <symbol id="sm-662">
         <name>Kalman_Set_Angle</name>
         <value>0x31e5</value>
         <object_component_ref idref="oc-157"/>
      </symbol>
      <symbol id="sm-663">
         <name>Kalman_Get_Rmeasure</name>
         <value>0x324d</value>
         <object_component_ref idref="oc-157"/>
      </symbol>
      <symbol id="sm-664">
         <name>Kalman_Get_Qbias</name>
         <value>0x3245</value>
         <object_component_ref idref="oc-157"/>
      </symbol>
      <symbol id="sm-665">
         <name>Kalman_Get_Qangle</name>
         <value>0x3235</value>
         <object_component_ref idref="oc-157"/>
      </symbol>
      <symbol id="sm-666">
         <name>Kalman_Set_Qangle</name>
         <value>0x31ff</value>
         <object_component_ref idref="oc-157"/>
      </symbol>
      <symbol id="sm-667">
         <name>mpu_service_loop</name>
         <value>0x2aa5</value>
         <object_component_ref idref="oc-157"/>
      </symbol>
      <symbol id="sm-668">
         <name>Kalman_Get_Rate</name>
         <value>0x31f7</value>
         <object_component_ref idref="oc-157"/>
      </symbol>
      <symbol id="sm-669">
         <name>Kalman_Set_Rmeasure</name>
         <value>0x3223</value>
         <object_component_ref idref="oc-157"/>
      </symbol>
      <symbol id="sm-66a">
         <name>mpu_service_init</name>
         <value>0x325d</value>
         <object_component_ref idref="oc-157"/>
      </symbol>
      <symbol id="sm-66b">
         <name>MPU6050_Complimentary_Angle</name>
         <value>0x2f8b</value>
         <object_component_ref idref="oc-157"/>
      </symbol>
      <symbol id="sm-66c">
         <name>MPU6050_Kalman_Angle</name>
         <value>0x2f69</value>
         <object_component_ref idref="oc-157"/>
      </symbol>
      <symbol id="sm-69c">
         <name>motor_set_speed</name>
         <value>0x43bf</value>
         <object_component_ref idref="oc-23c"/>
      </symbol>
      <symbol id="sm-69d">
         <name>HBrigdeEnable</name>
         <value>0x4367</value>
         <object_component_ref idref="oc-23c"/>
      </symbol>
      <symbol id="sm-69e">
         <name>PWM_Init</name>
         <value>0x42c5</value>
         <object_component_ref idref="oc-23c"/>
      </symbol>
      <symbol id="sm-6d5">
         <name>QEI_Get</name>
         <value>0x422f</value>
         <object_component_ref idref="oc-242"/>
      </symbol>
      <symbol id="sm-6d6">
         <name>QEI_Init</name>
         <value>0x4021</value>
         <object_component_ref idref="oc-242"/>
      </symbol>
      <symbol id="sm-748">
         <name>UARTgetc</name>
         <value>0x39d1</value>
         <object_component_ref idref="oc-133"/>
      </symbol>
      <symbol id="sm-749">
         <name>UARTgets</name>
         <value>0x390b</value>
         <object_component_ref idref="oc-133"/>
      </symbol>
      <symbol id="sm-74a">
         <name>UARTStdioConfig</name>
         <value>0x3859</value>
         <object_component_ref idref="oc-133"/>
      </symbol>
      <symbol id="sm-74b">
         <name>UARTwrite</name>
         <value>0x38b9</value>
         <object_component_ref idref="oc-133"/>
      </symbol>
      <symbol id="sm-74c">
         <name>UARTprintf</name>
         <value>0x3cff</value>
         <object_component_ref idref="oc-133"/>
      </symbol>
      <symbol id="sm-74d">
         <name>UARTvprintf</name>
         <value>0x3a05</value>
         <object_component_ref idref="oc-133"/>
      </symbol>
      <symbol id="sm-7ac">
         <name>GPIOPinTypePWM</name>
         <value>0x6171</value>
         <object_component_ref idref="oc-36d"/>
      </symbol>
      <symbol id="sm-7ad">
         <name>GPIOPinConfigure</name>
         <value>0x5e41</value>
         <object_component_ref idref="oc-145"/>
      </symbol>
      <symbol id="sm-7ae">
         <name>GPIOPinTypeI2CSCL</name>
         <value>0x615f</value>
         <object_component_ref idref="oc-260"/>
      </symbol>
      <symbol id="sm-7af">
         <name>GPIOPinTypeI2C</name>
         <value>0x614d</value>
         <object_component_ref idref="oc-266"/>
      </symbol>
      <symbol id="sm-7b0">
         <name>GPIOPinTypeUART</name>
         <value>0x6183</value>
         <object_component_ref idref="oc-14b"/>
      </symbol>
      <symbol id="sm-7b1">
         <name>GPIOPinTypeGPIOOutput</name>
         <value>0x6109</value>
         <object_component_ref idref="oc-296"/>
      </symbol>
      <symbol id="sm-7b2">
         <name>GPIODirModeSet</name>
         <value>0x609f</value>
         <object_component_ref idref="oc-22f"/>
      </symbol>
      <symbol id="sm-7b3">
         <name>GPIOPinWrite</name>
         <value>0x620d</value>
         <object_component_ref idref="oc-38b"/>
      </symbol>
      <symbol id="sm-7b4">
         <name>GPIOPadConfigSet</name>
         <value>0x5373</value>
         <object_component_ref idref="oc-235"/>
      </symbol>
      <symbol id="sm-7f5">
         <name>I2CMasterDataPut</name>
         <value>0x6227</value>
         <object_component_ref idref="oc-27e"/>
      </symbol>
      <symbol id="sm-7f6">
         <name>I2CMasterInitExpClk</name>
         <value>0x5df5</value>
         <object_component_ref idref="oc-272"/>
      </symbol>
      <symbol id="sm-7f7">
         <name>I2CMasterSlaveAddrSet</name>
         <value>0x61fb</value>
         <object_component_ref idref="oc-278"/>
      </symbol>
      <symbol id="sm-7f8">
         <name>I2CMasterDataGet</name>
         <value>0x6223</value>
         <object_component_ref idref="oc-290"/>
      </symbol>
      <symbol id="sm-7f9">
         <name>I2CMasterControl</name>
         <value>0x621f</value>
         <object_component_ref idref="oc-284"/>
      </symbol>
      <symbol id="sm-7fa">
         <name>I2CMasterBusy</name>
         <value>0x61f3</value>
         <object_component_ref idref="oc-28a"/>
      </symbol>
      <symbol id="sm-7fb">
         <name>I2CMasterEnable</name>
         <value>0x61e9</value>
         <object_component_ref idref="oc-3bd"/>
      </symbol>
      <symbol id="sm-834">
         <name>IntEnable</name>
         <value>0x5d25</value>
         <object_component_ref idref="oc-449"/>
      </symbol>
      <symbol id="sm-835">
         <name>IntRegister</name>
         <value>0x5fd5</value>
         <object_component_ref idref="oc-443"/>
      </symbol>
      <symbol id="sm-836">
         <name>g_pfnRAMVectors</name>
         <value>0x20000000</value>
         <object_component_ref idref="oc-47e"/>
      </symbol>
      <symbol id="sm-863">
         <name>PWMGenPeriodSet</name>
         <value>0x61a7</value>
         <object_component_ref idref="oc-37f"/>
      </symbol>
      <symbol id="sm-864">
         <name>PWMPulseWidthSet</name>
         <value>0x60eb</value>
         <object_component_ref idref="oc-391"/>
      </symbol>
      <symbol id="sm-865">
         <name>PWMOutputState</name>
         <value>0x6195</value>
         <object_component_ref idref="oc-397"/>
      </symbol>
      <symbol id="sm-866">
         <name>PWMGenEnable</name>
         <value>0x61c5</value>
         <object_component_ref idref="oc-385"/>
      </symbol>
      <symbol id="sm-867">
         <name>PWMGenConfigure</name>
         <value>0x60c9</value>
         <object_component_ref idref="oc-379"/>
      </symbol>
      <symbol id="sm-886">
         <name>QEIIntRegister</name>
         <value>0x6121</value>
         <object_component_ref idref="oc-3a1"/>
      </symbol>
      <symbol id="sm-8e2">
         <name>SysCtlClockSet</name>
         <value>0x57dd</value>
         <object_component_ref idref="oc-139"/>
      </symbol>
      <symbol id="sm-8e3">
         <name>SysCtlDelay</name>
         <value>0x6213</value>
         <object_component_ref idref="oc-226"/>
      </symbol>
      <symbol id="sm-8e4">
         <name>SysCtlPeripheralEnable</name>
         <value>0x6009</value>
         <object_component_ref idref="oc-13f"/>
      </symbol>
      <symbol id="sm-8e5">
         <name>SysCtlClockGet</name>
         <value>0x55d1</value>
         <object_component_ref idref="oc-26c"/>
      </symbol>
      <symbol id="sm-8e6">
         <name>SysCtlPWMClockSet</name>
         <value>0x6139</value>
         <object_component_ref idref="oc-373"/>
      </symbol>
      <symbol id="sm-8f3">
         <name>UARTClockSourceSet</name>
         <value>0x6219</value>
         <object_component_ref idref="oc-12d"/>
      </symbol>
      <symbol id="sm-936">
         <name>atan2</name>
         <value>0x48fd</value>
         <object_component_ref idref="oc-2a1"/>
      </symbol>
      <symbol id="sm-937">
         <name>atan2l</name>
         <value>0x48fd</value>
         <object_component_ref idref="oc-2a1"/>
      </symbol>
      <symbol id="sm-959">
         <name>sqrtl</name>
         <value>0x4fa9</value>
         <object_component_ref idref="oc-2b1"/>
      </symbol>
      <symbol id="sm-95a">
         <name>sqrt</name>
         <value>0x4fa9</value>
         <object_component_ref idref="oc-2b1"/>
      </symbol>
      <symbol id="sm-990">
         <name>atanl</name>
         <value>0x3d35</value>
         <object_component_ref idref="oc-2bc"/>
      </symbol>
      <symbol id="sm-991">
         <name>atan</name>
         <value>0x3d35</value>
         <object_component_ref idref="oc-2bc"/>
      </symbol>
      <symbol id="sm-9a8">
         <name>__aeabi_dsub</name>
         <value>0x4c8d</value>
         <object_component_ref idref="oc-2ac"/>
      </symbol>
      <symbol id="sm-9a9">
         <name>__aeabi_dadd</name>
         <value>0x4c97</value>
         <object_component_ref idref="oc-2ac"/>
      </symbol>
      <symbol id="sm-9cb">
         <name>__aeabi_cdcmpeq</name>
         <value>0x5b2f</value>
         <object_component_ref idref="oc-2c2"/>
      </symbol>
      <symbol id="sm-9cc">
         <name>__aeabi_cdcmple</name>
         <value>0x5b2f</value>
         <object_component_ref idref="oc-2c2"/>
      </symbol>
      <symbol id="sm-9cd">
         <name>__aeabi_cdrcmple</name>
         <value>0x5bb5</value>
         <object_component_ref idref="oc-2c7"/>
      </symbol>
      <symbol id="sm-9e1">
         <name>__aeabi_ddiv</name>
         <value>0x523d</value>
         <object_component_ref idref="oc-2b7"/>
      </symbol>
      <symbol id="sm-9ec">
         <name>__aeabi_dmul</name>
         <value>0x56e1</value>
         <object_component_ref idref="oc-2a7"/>
      </symbol>
      <symbol id="sm-9f6">
         <name>__aeabi_d2iz</name>
         <value>0x5ed1</value>
         <object_component_ref idref="oc-2d6"/>
      </symbol>
      <symbol id="sm-a02">
         <name>__aeabi_d2f</name>
         <value>0x5cb5</value>
         <object_component_ref idref="oc-2cc"/>
      </symbol>
      <symbol id="sm-a0d">
         <name>__aeabi_f2d</name>
         <value>0x5f9d</value>
         <object_component_ref idref="oc-2d1"/>
      </symbol>
      <symbol id="sm-a17">
         <name>__aeabi_i2d</name>
         <value>0x6071</value>
         <object_component_ref idref="oc-29c"/>
      </symbol>
      <symbol id="sm-a32">
         <name>memcpy</name>
         <value>0x5a93</value>
         <object_component_ref idref="oc-43"/>
      </symbol>
      <symbol id="sm-a33">
         <name>__aeabi_memcpy</name>
         <value>0x5a93</value>
         <object_component_ref idref="oc-43"/>
      </symbol>
      <symbol id="sm-a34">
         <name>__aeabi_memcpy8</name>
         <value>0x5a93</value>
         <object_component_ref idref="oc-43"/>
      </symbol>
      <symbol id="sm-a35">
         <name>__aeabi_memcpy4</name>
         <value>0x5a93</value>
         <object_component_ref idref="oc-43"/>
      </symbol>
      <symbol id="sm-a44">
         <name>__aeabi_uidivmod</name>
         <value>0x5f5d</value>
         <object_component_ref idref="oc-212"/>
      </symbol>
      <symbol id="sm-a45">
         <name>__aeabi_uidiv</name>
         <value>0x5f5d</value>
         <object_component_ref idref="oc-212"/>
      </symbol>
      <symbol id="sm-a54">
         <name>__aeabi_memset</name>
         <value>0x5c3d</value>
         <object_component_ref idref="oc-b3"/>
      </symbol>
      <symbol id="sm-a55">
         <name>memset</name>
         <value>0x5c43</value>
         <object_component_ref idref="oc-b3"/>
      </symbol>
      <symbol id="sm-a56">
         <name>__aeabi_memset8</name>
         <value>0x5c3d</value>
         <object_component_ref idref="oc-b3"/>
      </symbol>
      <symbol id="sm-a57">
         <name>__aeabi_memset4</name>
         <value>0x5c3d</value>
         <object_component_ref idref="oc-b3"/>
      </symbol>
      <symbol id="sm-a58">
         <name>__aeabi_memclr8</name>
         <value>0x5c3b</value>
         <object_component_ref idref="oc-b3"/>
      </symbol>
      <symbol id="sm-a59">
         <name>__aeabi_memclr4</name>
         <value>0x5c3b</value>
         <object_component_ref idref="oc-b3"/>
      </symbol>
      <symbol id="sm-a5a">
         <name>__aeabi_memclr</name>
         <value>0x5c3b</value>
         <object_component_ref idref="oc-b3"/>
      </symbol>
      <symbol id="sm-a6c">
         <name>__TI_zero_init</name>
         <value>0x61d1</value>
         <object_component_ref idref="oc-55"/>
      </symbol>
      <symbol id="sm-a83">
         <name>__TI_decompress_none</name>
         <value>0x61b7</value>
         <object_component_ref idref="oc-18"/>
      </symbol>
      <symbol id="sm-aa6">
         <name>__TI_decompress_lzss</name>
         <value>0x5d8d</value>
         <object_component_ref idref="oc-12"/>
      </symbol>
      <symbol id="sm-abc">
         <name>__aeabi_errno_addr</name>
         <value>0x6205</value>
         <object_component_ref idref="oc-3d5"/>
      </symbol>
      <symbol id="sm-abd">
         <name>errno</name>
         <value>0x20007d5c</value>
         <object_component_ref idref="oc-461"/>
      </symbol>
      <symbol id="sm-ad0">
         <name>__stack</name>
         <value>0x20007ae8</value>
         <object_component_ref idref="oc-21"/>
      </symbol>
      <symbol id="sm-ad1">
         <name>_c_int00_noargs</name>
         <value>0x603d</value>
         <object_component_ref idref="oc-61"/>
      </symbol>
      <symbol id="sm-adb">
         <name>__aeabi_idiv0</name>
         <value>0x4e43</value>
         <object_component_ref idref="oc-355"/>
      </symbol>
      <symbol id="sm-adc">
         <name>__aeabi_ldiv0</name>
         <value>0x4e43</value>
         <object_component_ref idref="oc-355"/>
      </symbol>
      <symbol id="sm-b04">
         <name>__TI_auto_init_nobinit_nopinit</name>
         <value>0x5f19</value>
         <object_component_ref idref="oc-177"/>
      </symbol>
      <symbol id="sm-b0e">
         <name>_system_pre_init</name>
         <value>0x622b</value>
         <object_component_ref idref="oc-b9"/>
      </symbol>
      <symbol id="sm-b1a">
         <name>C$$EXIT</name>
         <value>0x622f</value>
         <object_component_ref idref="oc-16b"/>
      </symbol>
      <symbol id="sm-b1b">
         <name>abort</name>
         <value>0x622f</value>
         <object_component_ref idref="oc-16b"/>
      </symbol>
      <symbol id="sm-b1e">
         <name>__TI_static_base__</name>
         <value>0x0</value>
      </symbol>
      <symbol id="sm-b21">
         <name>__mpu_init</name>
         <value>0x0</value>
      </symbol>
      <symbol id="sm-b22">
         <name>_system_post_cinit</name>
         <value>0x0</value>
      </symbol>
   </symbol_table>
   <title>Link successful</title>
</link_info>
