******************************************************************************
                  TI ARM Linker PC v18.12.1                    
******************************************************************************
>> Linked Sat Jun  8 00:28:57 2019

OUTPUT FILE NAME:   <FreeRTOS_F.out>
ENTRY POINT SYMBOL: "_c_int00_noargs"  address: 00005f8d


MEMORY CONFIGURATION

         name            origin    length      used     unused   attr    fill
----------------------  --------  ---------  --------  --------  ----  --------
  FLASH                 00000000   00040000  000064b6  00039b4a  R  X
  SRAM                  20000000   00008000  00007d68  00000298  RW X


SEGMENT ALLOCATION MAP

run origin  load origin   length   init length attrs members
----------  ----------- ---------- ----------- ----- -------
00000000    00000000    000064c0   000064c0    r-x
  00000000    00000000    0000026c   0000026c    r-- .intvecs
  0000026c    0000026c    00005f16   00005f16    r-x .text
  00006188    00006188    000002d4   000002d4    r-- .const
  00006460    00006460    00000060   00000060    r-- .cinit
20000000    20000000    00007d70   00000000    rw-
  20000000    20000000    0000026c   00000000    rw- .vtable
  20000270    20000270    00007884   00000000    rw- .bss
  20007af8    20007af8    00000200   00000000    rw- .stack
  20007cf8    20007cf8    00000078   00000000    rw- .data


SECTION ALLOCATION MAP

 output                                  attributes/
section   page    origin      length       input sections
--------  ----  ----------  ----------   ----------------
.intvecs   0    00000000    0000026c     
                  00000000    0000026c     tm4c123gh6pm_startup_ccs.obj (.intvecs)

.text      0    0000026c    00005f16     
                  0000026c    00001908     tasks.obj (.text)
                  00001b74    00000ce8     queue.obj (.text)
                  0000285c    00000a7c     MPU6050.obj (.text)
                  000032d8    00000594     timers.obj (.text)
                  0000386c    000004dc     uartstdio.obj (.text)
                  00003d48    000002ec     rtsv7M4_T_le_v4SPD16_eabi.lib : s_atan.c.obj (.text:atan)
                  00004034    000002a4     qei.obj (.text)
                  000042d8    0000022c     pwm.obj (.text)
                  00004504    000001f0     freertos_demo.obj (.text)
                  000046f4    000001d8     rtsv7M4_T_le_v4SPD16_eabi.lib : e_atan2.c.obj (.text:atan2)
                  000048cc    000001b8     heap_2.obj (.text)
                  00004a84    000001b6     rtsv7M4_T_le_v4SPD16_eabi.lib : fd_add_t2.asm.obj (.text)
                  00004c3a    00000002                                   : div0.asm.obj (.text)
                  00004c3c    00000168     pid.obj (.text)
                  00004da4    00000164     motor_control.obj (.text)
                  00004f08    00000158     rtsv7M4_T_le_v4SPD16_eabi.lib : e_sqrt.c.obj (.text:sqrt)
                  00005060    0000013c     port.obj (.text)
                  0000519c    00000136     rtsv7M4_T_le_v4SPD16_eabi.lib : fd_div_t2.asm.obj (.text)
                  000052d2    00000132     driverlib.lib : gpio.obj (.text:GPIOPadConfigSet)
                  00005404    0000012a     list.obj (.text)
                  0000552e    00000002     --HOLE-- [fill = 0]
                  00005530    00000110     driverlib.lib : sysctl.obj (.text:SysCtlClockGet)
                  00005640    000000fc     rtsv7M4_T_le_v4SPD16_eabi.lib : fd_mul_t2.asm.obj (.text)
                  0000573c    000000f4     driverlib.lib : sysctl.obj (.text:SysCtlClockSet)
                  00005830    000000da     portasm.obj (.text)
                  0000590a    00000002     --HOLE-- [fill = 0]
                  0000590c    000000d8     twowheel.obj (.text)
                  000059e4    0000009c     rtsv7M4_T_le_v4SPD16_eabi.lib : memcpy_t2.asm.obj (.text)
                  00005a80    00000086                                   : fd_cmp_t2.asm.obj (.text:__aeabi_cdcmple)
                  00005b06    00000086                                   : fd_cmp_t2.asm.obj (.text:__aeabi_cdrcmple)
                  00005b8c    0000007a                                   : memset_t2.asm.obj (.text)
                  00005c06    0000006e                                   : fd_tos_t2.asm.obj (.text)
                  00005c74    00000068     driverlib.lib : interrupt.obj (.text:IntEnable)
                  00005cdc    00000068     rtsv7M4_T_le_v4SPD16_eabi.lib : copy_decompress_lzss.c.obj (.text:decompress:lzss:__TI_decompress_lzss)
                  00005d44    0000004c     driverlib.lib : i2c.obj (.text:I2CMasterInitExpClk)
                  00005d90    00000048                   : gpio.obj (.text:GPIOPinConfigure)
                  00005dd8    00000048                   : qei.obj (.text:_QEIIntNumberGet)
                  00005e20    00000048     rtsv7M4_T_le_v4SPD16_eabi.lib : fd_toi_t2.asm.obj (.text)
                  00005e68    00000044                                   : autoinit.c.obj (.text:__TI_auto_init_nobinit_nopinit:__TI_auto_init_nobinit_nopinit)
                  00005eac    00000040                                   : u_divt2.asm.obj (.text)
                  00005eec    00000038                                   : fs_tod_t2.asm.obj (.text)
                  00005f24    00000034     driverlib.lib : interrupt.obj (.text:IntRegister)
                  00005f58    00000034                   : sysctl.obj (.text:SysCtlPeripheralEnable)
                  00005f8c    00000034     rtsv7M4_T_le_v4SPD16_eabi.lib : boot_cortex_m.c.obj (.text:_c_int00_noargs:_c_int00_noargs)
                  00005fc0    0000002e                                   : i_tofd_t2.asm.obj (.text)
                  00005fee    0000002a     driverlib.lib : gpio.obj (.text:GPIODirModeSet)
                  00006018    00000022                   : pwm.obj (.text:PWMGenConfigure)
                  0000603a    0000001e                   : pwm.obj (.text:PWMPulseWidthSet)
                  00006058    00000018                   : gpio.obj (.text:GPIOPinTypeGPIOOutput)
                  00006070    00000018                   : qei.obj (.text:QEIIntRegister)
                  00006088    00000014                   : sysctl.obj (.text:SysCtlPWMClockSet)
                  0000609c    00000012                   : gpio.obj (.text:GPIOPinTypeI2C)
                  000060ae    00000012                   : gpio.obj (.text:GPIOPinTypeI2CSCL)
                  000060c0    00000012                   : gpio.obj (.text:GPIOPinTypePWM)
                  000060d2    00000012                   : gpio.obj (.text:GPIOPinTypeUART)
                  000060e4    00000012                   : pwm.obj (.text:PWMOutputState)
                  000060f6    00000010                   : pwm.obj (.text:PWMGenPeriodSet)
                  00006106    0000000e     rtsv7M4_T_le_v4SPD16_eabi.lib : copy_decompress_none.c.obj (.text:decompress:none:__TI_decompress_none)
                  00006114    0000000c     driverlib.lib : pwm.obj (.text:PWMGenEnable)
                  00006120    0000000c     rtsv7M4_T_le_v4SPD16_eabi.lib : copy_zero_init.c.obj (.text:decompress:ZI:__TI_zero_init)
                  0000612c    0000000c     tm4c123gh6pm_startup_ccs.obj (.text)
                  00006138    0000000a     driverlib.lib : i2c.obj (.text:I2CMasterEnable)
                  00006142    00000008                   : i2c.obj (.text:I2CMasterBusy)
                  0000614a    00000008                   : i2c.obj (.text:I2CMasterSlaveAddrSet)
                  00006152    00000002     --HOLE-- [fill = 0]
                  00006154    00000008     rtsv7M4_T_le_v4SPD16_eabi.lib : errno.c.obj (.text:__aeabi_errno_addr)
                  0000615c    00000006     driverlib.lib : gpio.obj (.text:GPIOPinWrite)
                  00006162    00000006                   : sysctl.obj (.text:SysCtlDelay)
                  00006168    00000006                   : uart.obj (.text:UARTClockSourceSet)
                  0000616e    00000004                   : i2c.obj (.text:I2CMasterControl)
                  00006172    00000004                   : i2c.obj (.text:I2CMasterDataGet)
                  00006176    00000004                   : i2c.obj (.text:I2CMasterDataPut)
                  0000617a    00000004     rtsv7M4_T_le_v4SPD16_eabi.lib : pre_init.c.obj (.text:_system_pre_init)
                  0000617e    00000004                                   : exit.c.obj (.text:abort:abort)

.const     0    00006188    000002d4     
                  00006188    00000098     rtsv7M4_T_le_v4SPD16_eabi.lib : s_atan.c.obj (.const:$O1$$)
                  00006220    00000090     driverlib.lib : gpio.obj (.const:g_pui32GPIOBaseAddrs)
                  000062b0    00000070                   : interrupt.obj (.const)
                  00006320    0000006c                   : sysctl.obj (.const:g_pui32Xtals)
                  0000638c    00000034     motor_control.obj (.const:$P$T0$1)
                  000063c0    00000034     twowheel.obj (.const:$P$T0$1)
                  000063f4    00000034     motor_control.obj (.const:$P$T1$2)
                  00006428    00000012     uartstdio.obj (.const:.string)
                  0000643a    00000002     --HOLE-- [fill = 0]
                  0000643c    0000000c     uartstdio.obj (.const:g_ui32UARTBase)
                  00006448    0000000c     uartstdio.obj (.const:g_ui32UARTPeriph)
                  00006454    00000004     port.obj (.const)
                  00006458    00000004     uartstdio.obj (.const)

.cinit     0    00006460    00000060     
                  00006460    00000025     (.cinit..data.load) [load image, compression = lzss]
                  00006485    00000003     --HOLE-- [fill = 0]
                  00006488    0000000c     (__TI_handler_table)
                  00006494    00000004     --HOLE-- [fill = 0]
                  00006498    00000008     (.cinit..bss.load) [load image, compression = zero_init]
                  000064a0    00000008     (.cinit..vtable.load) [load image, compression = zero_init]
                  000064a8    00000018     (__TI_cinit_table)

.init_array 
*          0    00000000    00000000     UNINITIALIZED

.vtable    0    20000000    0000026c     UNINITIALIZED
                  20000000    0000026c     driverlib.lib : interrupt.obj (.vtable)

.bss       0    20000270    00007884     UNINITIALIZED
                  20000270    00007530     heap_2.obj (.bss:ucHeap)
                  200077a0    00000140     tasks.obj (.bss:pxReadyTasksLists)
                  200078e0    00000068     (.common:PID_Velocity)
                  20007948    00000050     (.common:xQueueRegistry)
                  20007998    00000034     (.common:PID)
                  200079cc    00000014     timers.obj (.bss:xActiveTimerList1)
                  200079e0    00000014     timers.obj (.bss:xActiveTimerList2)
                  200079f4    00000014     tasks.obj (.bss:xDelayedTaskList1)
                  20007a08    00000014     tasks.obj (.bss:xDelayedTaskList2)
                  20007a1c    00000014     tasks.obj (.bss:xPendingReadyList)
                  20007a30    00000014     tasks.obj (.bss:xSuspendedTaskList)
                  20007a44    00000014     tasks.obj (.bss:xTasksWaitingTermination)
                  20007a58    00000010     MPU6050.obj (.bss:f_P)
                  20007a68    00000008     MPU6050.obj (.bss)
                  20007a70    00000008     tasks.obj (.bss)
                  20007a78    00000008     timers.obj (.bss)
                  20007a80    00000008     motor_control.obj (.bss:w_get)
                  20007a88    00000008     motor_control.obj (.bss:w_run)
                  20007a90    00000008     motor_control.obj (.bss:w_set)
                  20007a98    00000008     heap_2.obj (.bss:xEnd)
                  20007aa0    00000008     heap_2.obj (.bss:xStart)
                  20007aa8    00000008     (.common:a_get)
                  20007ab0    00000008     (.common:a_out)
                  20007ab8    00000008     (.common:compAngleX)
                  20007ac0    00000008     (.common:compAngleY)
                  20007ac8    00000008     (.common:gyroXangle)
                  20007ad0    00000008     (.common:gyroYangle)
                  20007ad8    00000008     (.common:kalAngleX)
                  20007ae0    00000008     (.common:kalAngleY)
                  20007ae8    00000004     motor_control.obj (.bss)
                  20007aec    00000004     pwm.obj (.bss)
                  20007af0    00000004     twowheel.obj (.bss)

.data      0    20007cf8    00000078     UNINITIALIZED
                  20007cf8    00000034     tasks.obj (.data)
                  20007d2c    00000018     MPU6050.obj (.data)
                  20007d44    0000000c     timers.obj (.data)
                  20007d50    00000008     heap_2.obj (.data)
                  20007d58    00000008     qei.obj (.data)
                  20007d60    00000005     uartstdio.obj (.data)
                  20007d65    00000003     --HOLE--
                  20007d68    00000004     port.obj (.data)
                  20007d6c    00000004     rtsv7M4_T_le_v4SPD16_eabi.lib : errno.c.obj (.data)

.stack     0    20007af8    00000200     UNINITIALIZED
                  20007af8    00000004     rtsv7M4_T_le_v4SPD16_eabi.lib : boot_cortex_m.c.obj (.stack)
                  20007afc    000001fc     --HOLE--

MODULE SUMMARY

       Module                         code    ro data   rw data
       ------                         ----    -------   -------
    .\
       tm4c123gh6pm_startup_ccs.obj   12      620       0      
    +--+------------------------------+-------+---------+---------+
       Total:                         12      620       0      
                                                               
    .\Application\
       freertos_demo.obj              496     0         0      
    +--+------------------------------+-------+---------+---------+
       Total:                         496     0         0      
                                                               
    .\Application\TwoWheel\
       twowheel.obj                   216     52        72     
    +--+------------------------------+-------+---------+---------+
       Total:                         216     52        72     
                                                               
    .\Application\motor_control\
       motor_control.obj              356     104       132    
    +--+------------------------------+-------+---------+---------+
       Total:                         356     104       132    
                                                               
    .\Application\pid\
       pid.obj                        360     0         0      
    +--+------------------------------+-------+---------+---------+
       Total:                         360     0         0      
                                                               
    .\FreeRTOS\
       heap_2.obj                     440     0         30024  
       tasks.obj                      6408    0         480    
       queue.obj                      3304    0         80     
       timers.obj                     1428    0         60     
       port.obj                       316     4         4      
       list.obj                       298     0         0      
       portasm.obj                    218     0         0      
    +--+------------------------------+-------+---------+---------+
       Total:                         12412   4         30648  
                                                               
    .\drivers\
       MPU6050.obj                    2684    0         96     
       uartstdio.obj                  1244    46        5      
       qei.obj                        676     0         8      
       pwm.obj                        556     0         4      
    +--+------------------------------+-------+---------+---------+
       Total:                         5160    46        113    
                                                               
    ../driverlib.lib
       interrupt.obj                  156     112       620    
       sysctl.obj                     594     108       0      
       gpio.obj                       522     144       0      
       i2c.obj                        114     0         0      
       pwm.obj                        110     0         0      
       qei.obj                        96      0         0      
       uart.obj                       6       0         0      
    +--+------------------------------+-------+---------+---------+
       Total:                         1598    364       620    
                                                               
    C:\ti\ccs901\ccs\tools\compiler\ti-cgt-arm_18.12.1.LTS\lib\rtsv7M4_T_le_v4SPD16_eabi.lib
       s_atan.c.obj                   748     152       0      
       e_atan2.c.obj                  472     0         0      
       fd_add_t2.asm.obj              438     0         0      
       e_sqrt.c.obj                   344     0         0      
       fd_div_t2.asm.obj              310     0         0      
       fd_cmp_t2.asm.obj              268     0         0      
       fd_mul_t2.asm.obj              252     0         0      
       memcpy_t2.asm.obj              156     0         0      
       memset_t2.asm.obj              122     0         0      
       fd_tos_t2.asm.obj              110     0         0      
       copy_decompress_lzss.c.obj     104     0         0      
       fd_toi_t2.asm.obj              72      0         0      
       autoinit.c.obj                 68      0         0      
       u_divt2.asm.obj                64      0         0      
       fs_tod_t2.asm.obj              56      0         0      
       boot_cortex_m.c.obj            52      0         0      
       i_tofd_t2.asm.obj              46      0         0      
       copy_decompress_none.c.obj     14      0         0      
       copy_zero_init.c.obj           12      0         0      
       errno.c.obj                    8       0         4      
       exit.c.obj                     4       0         0      
       pre_init.c.obj                 4       0         0      
       div0.asm.obj                   2       0         0      
    +--+------------------------------+-------+---------+---------+
       Total:                         3726    152       4      
                                                               
       Stack:                         0       0         512    
       Linker Generated:              0       89        0      
    +--+------------------------------+-------+---------+---------+
       Grand Total:                   24336   1431      32101  


LINKER GENERATED COPY TABLES

__TI_cinit_table @ 000064a8 records: 3, size/record: 8, table size: 24
	.data: load addr=00006460, load size=00000025 bytes, run addr=20007cf8, run size=00000078 bytes, compression=lzss
	.bss: load addr=00006498, load size=00000008 bytes, run addr=20000270, run size=00007884 bytes, compression=zero_init
	.vtable: load addr=000064a0, load size=00000008 bytes, run addr=20000000, run size=0000026c bytes, compression=zero_init


LINKER GENERATED HANDLER TABLE

__TI_handler_table @ 00006488 records: 3, size/record: 4, table size: 12
	index: 0, handler: __TI_zero_init
	index: 1, handler: __TI_decompress_lzss
	index: 2, handler: __TI_decompress_none


GLOBAL SYMBOLS: SORTED ALPHABETICALLY BY Name 

address   name                               
-------   ----                               
0000617f  C$$EXIT                            
0000451b  ConfigureUART                      
00005fef  GPIODirModeSet                     
000052d3  GPIOPadConfigSet                   
00005d91  GPIOPinConfigure                   
00006059  GPIOPinTypeGPIOOutput              
0000609d  GPIOPinTypeI2C                     
000060af  GPIOPinTypeI2CSCL                  
000060c1  GPIOPinTypePWM                     
000060d3  GPIOPinTypeUART                    
0000615d  GPIOPinWrite                       
0000437b  HBrigdeEnable                      
00006143  I2CMasterBusy                      
0000616f  I2CMasterControl                   
00006173  I2CMasterDataGet                   
00006177  I2CMasterDataPut                   
00006139  I2CMasterEnable                    
00005d45  I2CMasterInitExpClk                
0000614b  I2CMasterSlaveAddrSet              
00005c75  IntEnable                          
00005f25  IntRegister                        
00002c1d  Kalman_Filter_Process              
0000324f  Kalman_Get_Qangle                  
00003261  Kalman_Get_Qbias                   
000031ff  Kalman_Get_Rate                    
00003269  Kalman_Get_Rmeasure                
000031ed  Kalman_Set_Angle                   
00003211  Kalman_Set_Qangle                  
00003223  Kalman_Set_Qbias                   
0000323d  Kalman_Set_Rmeasure                
00002f8b  MPU6050_Complimentary_Angle        
00002b83  MPU6050_Get_Accel_Raw              
00002bcd  MPU6050_Get_Gyro_Raw               
00002aad  MPU6050_Init                       
00002f69  MPU6050_Kalman_Angle               
20007998  PID                                
200078e0  PID_Velocity                       
00006019  PWMGenConfigure                    
00006115  PWMGenEnable                       
000060f7  PWMGenPeriodSet                    
000060e5  PWMOutputState                     
0000603b  PWMPulseWidthSet                   
000042d9  PWM_Init                           
00006071  QEIIntRegister                     
00004243  QEI_Get                            
00004035  QEI_Init                           
0000612d  ResetISR                           
00005531  SysCtlClockGet                     
0000573d  SysCtlClockSet                     
00006163  SysCtlDelay                        
00006089  SysCtlPWMClockSet                  
00005f59  SysCtlPeripheralEnable             
00006169  UARTClockSourceSet                 
0000386d  UARTStdioConfig                    
000039e5  UARTgetc                           
0000391f  UARTgets                           
00003d13  UARTprintf                         
00003a19  UARTvprintf                        
000038cd  UARTwrite                          
20007cf8  __STACK_END                        
00000200  __STACK_SIZE                       
20007cf8  __STACK_TOP                        
000064a8  __TI_CINIT_Base                    
000064c0  __TI_CINIT_Limit                   
00006488  __TI_Handler_Table_Base            
00006494  __TI_Handler_Table_Limit           
00005e69  __TI_auto_init_nobinit_nopinit     
00005cdd  __TI_decompress_lzss               
00006107  __TI_decompress_none               
ffffffff  __TI_pprof_out_hndl                
ffffffff  __TI_prof_data_size                
ffffffff  __TI_prof_data_start               
00000000  __TI_static_base__                 
00006121  __TI_zero_init                     
00005a81  __aeabi_cdcmpeq                    
00005a81  __aeabi_cdcmple                    
00005b07  __aeabi_cdrcmple                   
00005c07  __aeabi_d2f                        
00005e21  __aeabi_d2iz                       
00004a8f  __aeabi_dadd                       
0000519d  __aeabi_ddiv                       
00005641  __aeabi_dmul                       
00004a85  __aeabi_dsub                       
00006155  __aeabi_errno_addr                 
00005eed  __aeabi_f2d                        
00005fc1  __aeabi_i2d                        
00004c3b  __aeabi_idiv0                      
00004c3b  __aeabi_ldiv0                      
00005b8d  __aeabi_memclr                     
00005b8d  __aeabi_memclr4                    
00005b8d  __aeabi_memclr8                    
000059e5  __aeabi_memcpy                     
000059e5  __aeabi_memcpy4                    
000059e5  __aeabi_memcpy8                    
00005b8f  __aeabi_memset                     
00005b8f  __aeabi_memset4                    
00005b8f  __aeabi_memset8                    
00005ead  __aeabi_uidiv                      
00005ead  __aeabi_uidivmod                   
ffffffff  __binit__                          
ffffffff  __c_args__                         
00004505  __error__                          
UNDEFED   __mpu_init                         
20007af8  __stack                            
00005f8d  _c_int00_noargs                    
UNDEFED   _system_post_cinit                 
0000617b  _system_pre_init                   
20007aa8  a_get                              
20007ab0  a_out                              
0000617f  abort                              
00003d49  atan                               
000046f5  atan2                              
000046f5  atan2l                             
00003d49  atanl                              
ffffffff  binit                              
20007ab8  compAngleX                         
20007ac0  compAngleY                         
000005e1  eTaskGetState                      
20007d6c  errno                              
20000000  g_pfnRAMVectors                    
00000000  g_pfnVectors                       
20007ac8  gyroXangle                         
20007ad0  gyroYangle                         
20007ad8  kalAngleX                          
20007ae0  kalAngleY                          
00004573  main                               
000059e5  memcpy                             
00005b95  memset                             
00004da5  motor_control_serivce_init         
00004e33  motor_control_service_loop         
00004e17  motor_control_service_start        
00004eb1  motor_set                          
000043d3  motor_set_speed                    
00003271  mpu_service_init                   
00002aa5  mpu_service_loop                   
0000328f  mpu_service_start                  
00002773  pcQueueGetName                     
00000bbb  pcTaskGetName                      
00003413  pcTimerGetName                     
00004c53  pid_compute                        
00004c3d  pid_init                           
000048cd  pvPortMalloc                       
00001695  pvTaskIncrementMutexHeldCount      
000037fd  pvTimerGetTimerID                  
20007cf8  pxCurrentTCB                       
00005061  pxPortInitialiseStack              
00004f09  sqrt                               
00004f09  sqrtl                              
00005955  twowheel_service_control_init      
0000590d  twowheel_service_control_loop      
00005989  twowheel_service_control_start     
000024d5  ucQueueGetQueueType                
00006454  ulMaxSyscallInterruptPriority      
00005841  ulPortGetIPSR                      
000016b1  ulTaskNotifyTake                   
000054e7  uxListRemove                       
000024b5  uxQueueGetQueueNumber              
00002457  uxQueueMessagesWaiting             
0000248d  uxQueueMessagesWaitingFromISR      
0000246d  uxQueueSpacesAvailable             
00000bb5  uxTaskGetNumberOfTasks             
00001349  uxTaskGetStackHighWaterMark        
00000be1  uxTaskGetSystemState               
000010d7  uxTaskGetTaskNumber                
00000675  uxTaskPriorityGet                  
000006a5  uxTaskPriorityGetFromISR           
0000166b  uxTaskResetEventItemValue          
00003831  uxTimerGetTimerNumber              
00004601  vApplicationIdleHook               
00004511  vApplicationStackOverflowHook      
0000460b  vApplicationTickHook               
00005405  vListInitialise                    
00005435  vListInitialiseItem                
00005481  vListInsert                        
00005445  vListInsertEnd                     
000058fd  vPortEnableVFP                     
00005101  vPortEndScheduler                  
00005103  vPortEnterCritical                 
00005123  vPortExitCritical                  
000049c5  vPortFree                          
00004a29  vPortInitialiseBlocks              
000058b9  vPortSVCHandler                    
0000515f  vPortSetupTimerInterrupt           
000058d9  vPortStartFirstTask                
00002731  vQueueAddToRegistry                
0000249f  vQueueDelete                       
000024c3  vQueueSetQueueNumber               
000027b3  vQueueUnregisterQueue              
000027f7  vQueueWaitForMessageRestricted     
000005a5  vTaskDelay                         
00000515  vTaskDelayUntil                    
00000467  vTaskDelete                        
00000a7d  vTaskEndScheduler                  
000011b9  vTaskGetInfo                       
00001025  vTaskInternalSetTimeOutState       
000010cf  vTaskMissedYield                   
000019cd  vTaskNotifyGiveFromISR             
00000e9f  vTaskPlaceOnEventList              
00000eed  vTaskPlaceOnEventListRestricted    
00000ebb  vTaskPlaceOnUnorderedEventList     
0000159d  vTaskPriorityDisinheritAfterTimeout
000006f1  vTaskPrioritySet                   
00000fa5  vTaskRemoveFromUnorderedEventList  
00000919  vTaskResume                        
000010fd  vTaskSetTaskNumber                 
00001007  vTaskSetTimeOutState               
00000a21  vTaskStartScheduler                
00000809  vTaskSuspend                       
00000a99  vTaskSuspendAll                    
00000dfd  vTaskSwitchContext                 
00003817  vTimerSetTimerID                   
0000383f  vTimerSetTimerNumber               
00004a23  xPortGetFreeHeapSize               
00005859  xPortPendSVHandler                 
000050cb  xPortStartScheduler                
00005139  xPortSysTickHandler                
00001ccd  xQueueCreateMutex                  
00001c13  xQueueGenericCreate                
00001b75  xQueueGenericReset                 
00001d79  xQueueGenericSend                  
00001ea7  xQueueGenericSendFromISR           
00001f41  xQueueGiveFromISR                  
00001cf9  xQueueGiveMutexRecursive           
000026cd  xQueueIsQueueEmptyFromISR          
0000270f  xQueueIsQueueFullFromISR           
0000224b  xQueuePeek                         
00002405  xQueuePeekFromISR                  
00001fd3  xQueueReceive                      
0000236d  xQueueReceiveFromISR               
20007948  xQueueRegistry                     
000020f1  xQueueSemaphoreTake                
00001d35  xQueueTakeMutexRecursive           
00001051  xTaskCheckForTimeOut               
0000026d  xTaskCreate                        
000017d3  xTaskGenericNotify                 
000018bd  xTaskGenericNotifyFromISR          
000013bd  xTaskGetCurrentTaskHandle          
000013e1  xTaskGetSchedulerState             
00000b91  xTaskGetTickCount                  
00000ba1  xTaskGetTickCountFromISR           
00000cd5  xTaskIncrementTick                 
00001a7b  xTaskNotifyStateClear              
00001731  xTaskNotifyWait                    
000014f9  xTaskPriorityDisinherit            
00001419  xTaskPriorityInherit               
00000f1d  xTaskRemoveFromEventList           
00000aad  xTaskResumeAll                     
00000993  xTaskResumeFromISR                 
00003305  xTimerCreate                       
000032d9  xTimerCreateTimerTask              
00003379  xTimerGenericCommand               
000033fd  xTimerGetExpiryTime                
000033eb  xTimerGetPeriod                    
000033e5  xTimerGetTimerDaemonTaskHandle     
000037d1  xTimerIsTimerActive                


GLOBAL SYMBOLS: SORTED BY Symbol Address 

address   name                               
-------   ----                               
00000000  __TI_static_base__                 
00000000  g_pfnVectors                       
00000200  __STACK_SIZE                       
0000026d  xTaskCreate                        
00000467  vTaskDelete                        
00000515  vTaskDelayUntil                    
000005a5  vTaskDelay                         
000005e1  eTaskGetState                      
00000675  uxTaskPriorityGet                  
000006a5  uxTaskPriorityGetFromISR           
000006f1  vTaskPrioritySet                   
00000809  vTaskSuspend                       
00000919  vTaskResume                        
00000993  xTaskResumeFromISR                 
00000a21  vTaskStartScheduler                
00000a7d  vTaskEndScheduler                  
00000a99  vTaskSuspendAll                    
00000aad  xTaskResumeAll                     
00000b91  xTaskGetTickCount                  
00000ba1  xTaskGetTickCountFromISR           
00000bb5  uxTaskGetNumberOfTasks             
00000bbb  pcTaskGetName                      
00000be1  uxTaskGetSystemState               
00000cd5  xTaskIncrementTick                 
00000dfd  vTaskSwitchContext                 
00000e9f  vTaskPlaceOnEventList              
00000ebb  vTaskPlaceOnUnorderedEventList     
00000eed  vTaskPlaceOnEventListRestricted    
00000f1d  xTaskRemoveFromEventList           
00000fa5  vTaskRemoveFromUnorderedEventList  
00001007  vTaskSetTimeOutState               
00001025  vTaskInternalSetTimeOutState       
00001051  xTaskCheckForTimeOut               
000010cf  vTaskMissedYield                   
000010d7  uxTaskGetTaskNumber                
000010fd  vTaskSetTaskNumber                 
000011b9  vTaskGetInfo                       
00001349  uxTaskGetStackHighWaterMark        
000013bd  xTaskGetCurrentTaskHandle          
000013e1  xTaskGetSchedulerState             
00001419  xTaskPriorityInherit               
000014f9  xTaskPriorityDisinherit            
0000159d  vTaskPriorityDisinheritAfterTimeout
0000166b  uxTaskResetEventItemValue          
00001695  pvTaskIncrementMutexHeldCount      
000016b1  ulTaskNotifyTake                   
00001731  xTaskNotifyWait                    
000017d3  xTaskGenericNotify                 
000018bd  xTaskGenericNotifyFromISR          
000019cd  vTaskNotifyGiveFromISR             
00001a7b  xTaskNotifyStateClear              
00001b75  xQueueGenericReset                 
00001c13  xQueueGenericCreate                
00001ccd  xQueueCreateMutex                  
00001cf9  xQueueGiveMutexRecursive           
00001d35  xQueueTakeMutexRecursive           
00001d79  xQueueGenericSend                  
00001ea7  xQueueGenericSendFromISR           
00001f41  xQueueGiveFromISR                  
00001fd3  xQueueReceive                      
000020f1  xQueueSemaphoreTake                
0000224b  xQueuePeek                         
0000236d  xQueueReceiveFromISR               
00002405  xQueuePeekFromISR                  
00002457  uxQueueMessagesWaiting             
0000246d  uxQueueSpacesAvailable             
0000248d  uxQueueMessagesWaitingFromISR      
0000249f  vQueueDelete                       
000024b5  uxQueueGetQueueNumber              
000024c3  vQueueSetQueueNumber               
000024d5  ucQueueGetQueueType                
000026cd  xQueueIsQueueEmptyFromISR          
0000270f  xQueueIsQueueFullFromISR           
00002731  vQueueAddToRegistry                
00002773  pcQueueGetName                     
000027b3  vQueueUnregisterQueue              
000027f7  vQueueWaitForMessageRestricted     
00002aa5  mpu_service_loop                   
00002aad  MPU6050_Init                       
00002b83  MPU6050_Get_Accel_Raw              
00002bcd  MPU6050_Get_Gyro_Raw               
00002c1d  Kalman_Filter_Process              
00002f69  MPU6050_Kalman_Angle               
00002f8b  MPU6050_Complimentary_Angle        
000031ed  Kalman_Set_Angle                   
000031ff  Kalman_Get_Rate                    
00003211  Kalman_Set_Qangle                  
00003223  Kalman_Set_Qbias                   
0000323d  Kalman_Set_Rmeasure                
0000324f  Kalman_Get_Qangle                  
00003261  Kalman_Get_Qbias                   
00003269  Kalman_Get_Rmeasure                
00003271  mpu_service_init                   
0000328f  mpu_service_start                  
000032d9  xTimerCreateTimerTask              
00003305  xTimerCreate                       
00003379  xTimerGenericCommand               
000033e5  xTimerGetTimerDaemonTaskHandle     
000033eb  xTimerGetPeriod                    
000033fd  xTimerGetExpiryTime                
00003413  pcTimerGetName                     
000037d1  xTimerIsTimerActive                
000037fd  pvTimerGetTimerID                  
00003817  vTimerSetTimerID                   
00003831  uxTimerGetTimerNumber              
0000383f  vTimerSetTimerNumber               
0000386d  UARTStdioConfig                    
000038cd  UARTwrite                          
0000391f  UARTgets                           
000039e5  UARTgetc                           
00003a19  UARTvprintf                        
00003d13  UARTprintf                         
00003d49  atan                               
00003d49  atanl                              
00004035  QEI_Init                           
00004243  QEI_Get                            
000042d9  PWM_Init                           
0000437b  HBrigdeEnable                      
000043d3  motor_set_speed                    
00004505  __error__                          
00004511  vApplicationStackOverflowHook      
0000451b  ConfigureUART                      
00004573  main                               
00004601  vApplicationIdleHook               
0000460b  vApplicationTickHook               
000046f5  atan2                              
000046f5  atan2l                             
000048cd  pvPortMalloc                       
000049c5  vPortFree                          
00004a23  xPortGetFreeHeapSize               
00004a29  vPortInitialiseBlocks              
00004a85  __aeabi_dsub                       
00004a8f  __aeabi_dadd                       
00004c3b  __aeabi_idiv0                      
00004c3b  __aeabi_ldiv0                      
00004c3d  pid_init                           
00004c53  pid_compute                        
00004da5  motor_control_serivce_init         
00004e17  motor_control_service_start        
00004e33  motor_control_service_loop         
00004eb1  motor_set                          
00004f09  sqrt                               
00004f09  sqrtl                              
00005061  pxPortInitialiseStack              
000050cb  xPortStartScheduler                
00005101  vPortEndScheduler                  
00005103  vPortEnterCritical                 
00005123  vPortExitCritical                  
00005139  xPortSysTickHandler                
0000515f  vPortSetupTimerInterrupt           
0000519d  __aeabi_ddiv                       
000052d3  GPIOPadConfigSet                   
00005405  vListInitialise                    
00005435  vListInitialiseItem                
00005445  vListInsertEnd                     
00005481  vListInsert                        
000054e7  uxListRemove                       
00005531  SysCtlClockGet                     
00005641  __aeabi_dmul                       
0000573d  SysCtlClockSet                     
00005841  ulPortGetIPSR                      
00005859  xPortPendSVHandler                 
000058b9  vPortSVCHandler                    
000058d9  vPortStartFirstTask                
000058fd  vPortEnableVFP                     
0000590d  twowheel_service_control_loop      
00005955  twowheel_service_control_init      
00005989  twowheel_service_control_start     
000059e5  __aeabi_memcpy                     
000059e5  __aeabi_memcpy4                    
000059e5  __aeabi_memcpy8                    
000059e5  memcpy                             
00005a81  __aeabi_cdcmpeq                    
00005a81  __aeabi_cdcmple                    
00005b07  __aeabi_cdrcmple                   
00005b8d  __aeabi_memclr                     
00005b8d  __aeabi_memclr4                    
00005b8d  __aeabi_memclr8                    
00005b8f  __aeabi_memset                     
00005b8f  __aeabi_memset4                    
00005b8f  __aeabi_memset8                    
00005b95  memset                             
00005c07  __aeabi_d2f                        
00005c75  IntEnable                          
00005cdd  __TI_decompress_lzss               
00005d45  I2CMasterInitExpClk                
00005d91  GPIOPinConfigure                   
00005e21  __aeabi_d2iz                       
00005e69  __TI_auto_init_nobinit_nopinit     
00005ead  __aeabi_uidiv                      
00005ead  __aeabi_uidivmod                   
00005eed  __aeabi_f2d                        
00005f25  IntRegister                        
00005f59  SysCtlPeripheralEnable             
00005f8d  _c_int00_noargs                    
00005fc1  __aeabi_i2d                        
00005fef  GPIODirModeSet                     
00006019  PWMGenConfigure                    
0000603b  PWMPulseWidthSet                   
00006059  GPIOPinTypeGPIOOutput              
00006071  QEIIntRegister                     
00006089  SysCtlPWMClockSet                  
0000609d  GPIOPinTypeI2C                     
000060af  GPIOPinTypeI2CSCL                  
000060c1  GPIOPinTypePWM                     
000060d3  GPIOPinTypeUART                    
000060e5  PWMOutputState                     
000060f7  PWMGenPeriodSet                    
00006107  __TI_decompress_none               
00006115  PWMGenEnable                       
00006121  __TI_zero_init                     
0000612d  ResetISR                           
00006139  I2CMasterEnable                    
00006143  I2CMasterBusy                      
0000614b  I2CMasterSlaveAddrSet              
00006155  __aeabi_errno_addr                 
0000615d  GPIOPinWrite                       
00006163  SysCtlDelay                        
00006169  UARTClockSourceSet                 
0000616f  I2CMasterControl                   
00006173  I2CMasterDataGet                   
00006177  I2CMasterDataPut                   
0000617b  _system_pre_init                   
0000617f  C$$EXIT                            
0000617f  abort                              
00006454  ulMaxSyscallInterruptPriority      
00006488  __TI_Handler_Table_Base            
00006494  __TI_Handler_Table_Limit           
000064a8  __TI_CINIT_Base                    
000064c0  __TI_CINIT_Limit                   
20000000  g_pfnRAMVectors                    
200078e0  PID_Velocity                       
20007948  xQueueRegistry                     
20007998  PID                                
20007aa8  a_get                              
20007ab0  a_out                              
20007ab8  compAngleX                         
20007ac0  compAngleY                         
20007ac8  gyroXangle                         
20007ad0  gyroYangle                         
20007ad8  kalAngleX                          
20007ae0  kalAngleY                          
20007af8  __stack                            
20007cf8  __STACK_END                        
20007cf8  __STACK_TOP                        
20007cf8  pxCurrentTCB                       
20007d6c  errno                              
ffffffff  __TI_pprof_out_hndl                
ffffffff  __TI_prof_data_size                
ffffffff  __TI_prof_data_start               
ffffffff  __binit__                          
ffffffff  __c_args__                         
ffffffff  binit                              
UNDEFED   __mpu_init                         
UNDEFED   _system_post_cinit                 

[255 symbols]
