******************************************************************************
                  TI ARM Linker PC v18.12.1                    
******************************************************************************
>> Linked Sat Jun  8 06:55:31 2019

OUTPUT FILE NAME:   <FreeRTOS_F.out>
ENTRY POINT SYMBOL: "_c_int00_noargs"  address: 0000603d


MEMORY CONFIGURATION

         name            origin    length      used     unused   attr    fill
----------------------  --------  ---------  --------  --------  ----  --------
  FLASH                 00000000   00040000  00006556  00039aaa  R  X
  SRAM                  20000000   00008000  00007d58  000002a8  RW X


SEGMENT ALLOCATION MAP

run origin  load origin   length   init length attrs members
----------  ----------- ---------- ----------- ----- -------
00000000    00000000    00006560   00006560    r-x
  00000000    00000000    0000026c   0000026c    r-- .intvecs
  0000026c    0000026c    00005fc6   00005fc6    r-x .text
  00006238    00006238    000002c4   000002c4    r-- .const
  00006500    00006500    00000060   00000060    r-- .cinit
20000000    20000000    00007d60   00000000    rw-
  20000000    20000000    0000026c   00000000    rw- .vtable
  20000270    20000270    00007874   00000000    rw- .bss
  20007ae8    20007ae8    00000200   00000000    rw- .stack
  20007ce8    20007ce8    00000078   00000000    rw- .data


SECTION ALLOCATION MAP

 output                                  attributes/
section   page    origin      length       input sections
--------  ----  ----------  ----------   ----------------
.intvecs   0    00000000    0000026c     
                  00000000    0000026c     tm4c123gh6pm_startup_ccs.obj (.intvecs)

.text      0    0000026c    00005fc6     
                  0000026c    00001908     tasks.obj (.text)
                  00001b74    00000ce8     queue.obj (.text)
                  0000285c    00000a68     MPU6050.obj (.text)
                  000032c4    00000594     timers.obj (.text)
                  00003858    000004dc     uartstdio.obj (.text)
                  00003d34    000002ec     rtsv7M4_T_le_v4SPD16_eabi.lib : s_atan.c.obj (.text:atan)
                  00004020    000002a4     qei.obj (.text)
                  000042c4    0000022c     pwm.obj (.text)
                  000044f0    0000021c     pid.obj (.text)
                  0000470c    000001f0     freertos_demo.obj (.text)
                  000048fc    000001d8     rtsv7M4_T_le_v4SPD16_eabi.lib : e_atan2.c.obj (.text:atan2)
                  00004ad4    000001b8     heap_2.obj (.text)
                  00004c8c    000001b6     rtsv7M4_T_le_v4SPD16_eabi.lib : fd_add_t2.asm.obj (.text)
                  00004e42    00000002                                   : div0.asm.obj (.text)
                  00004e44    00000164     motor_control.obj (.text)
                  00004fa8    00000158     rtsv7M4_T_le_v4SPD16_eabi.lib : e_sqrt.c.obj (.text:sqrt)
                  00005100    0000013c     port.obj (.text)
                  0000523c    00000136     rtsv7M4_T_le_v4SPD16_eabi.lib : fd_div_t2.asm.obj (.text)
                  00005372    00000132     driverlib.lib : gpio.obj (.text:GPIOPadConfigSet)
                  000054a4    0000012a     list.obj (.text)
                  000055ce    00000002     --HOLE-- [fill = 0]
                  000055d0    00000110     driverlib.lib : sysctl.obj (.text:SysCtlClockGet)
                  000056e0    000000fc     rtsv7M4_T_le_v4SPD16_eabi.lib : fd_mul_t2.asm.obj (.text)
                  000057dc    000000f4     driverlib.lib : sysctl.obj (.text:SysCtlClockSet)
                  000058d0    000000e8     twowheel.obj (.text)
                  000059b8    000000da     portasm.obj (.text)
                  00005a92    0000009c     rtsv7M4_T_le_v4SPD16_eabi.lib : memcpy_t2.asm.obj (.text)
                  00005b2e    00000086                                   : fd_cmp_t2.asm.obj (.text:__aeabi_cdcmple)
                  00005bb4    00000086                                   : fd_cmp_t2.asm.obj (.text:__aeabi_cdrcmple)
                  00005c3a    0000007a                                   : memset_t2.asm.obj (.text)
                  00005cb4    0000006e                                   : fd_tos_t2.asm.obj (.text)
                  00005d22    00000002     --HOLE-- [fill = 0]
                  00005d24    00000068     driverlib.lib : interrupt.obj (.text:IntEnable)
                  00005d8c    00000068     rtsv7M4_T_le_v4SPD16_eabi.lib : copy_decompress_lzss.c.obj (.text:decompress:lzss:__TI_decompress_lzss)
                  00005df4    0000004c     driverlib.lib : i2c.obj (.text:I2CMasterInitExpClk)
                  00005e40    00000048                   : gpio.obj (.text:GPIOPinConfigure)
                  00005e88    00000048                   : qei.obj (.text:_QEIIntNumberGet)
                  00005ed0    00000048     rtsv7M4_T_le_v4SPD16_eabi.lib : fd_toi_t2.asm.obj (.text)
                  00005f18    00000044                                   : autoinit.c.obj (.text:__TI_auto_init_nobinit_nopinit:__TI_auto_init_nobinit_nopinit)
                  00005f5c    00000040                                   : u_divt2.asm.obj (.text)
                  00005f9c    00000038                                   : fs_tod_t2.asm.obj (.text)
                  00005fd4    00000034     driverlib.lib : interrupt.obj (.text:IntRegister)
                  00006008    00000034                   : sysctl.obj (.text:SysCtlPeripheralEnable)
                  0000603c    00000034     rtsv7M4_T_le_v4SPD16_eabi.lib : boot_cortex_m.c.obj (.text:_c_int00_noargs:_c_int00_noargs)
                  00006070    0000002e                                   : i_tofd_t2.asm.obj (.text)
                  0000609e    0000002a     driverlib.lib : gpio.obj (.text:GPIODirModeSet)
                  000060c8    00000022                   : pwm.obj (.text:PWMGenConfigure)
                  000060ea    0000001e                   : pwm.obj (.text:PWMPulseWidthSet)
                  00006108    00000018                   : gpio.obj (.text:GPIOPinTypeGPIOOutput)
                  00006120    00000018                   : qei.obj (.text:QEIIntRegister)
                  00006138    00000014                   : sysctl.obj (.text:SysCtlPWMClockSet)
                  0000614c    00000012                   : gpio.obj (.text:GPIOPinTypeI2C)
                  0000615e    00000012                   : gpio.obj (.text:GPIOPinTypeI2CSCL)
                  00006170    00000012                   : gpio.obj (.text:GPIOPinTypePWM)
                  00006182    00000012                   : gpio.obj (.text:GPIOPinTypeUART)
                  00006194    00000012                   : pwm.obj (.text:PWMOutputState)
                  000061a6    00000010                   : pwm.obj (.text:PWMGenPeriodSet)
                  000061b6    0000000e     rtsv7M4_T_le_v4SPD16_eabi.lib : copy_decompress_none.c.obj (.text:decompress:none:__TI_decompress_none)
                  000061c4    0000000c     driverlib.lib : pwm.obj (.text:PWMGenEnable)
                  000061d0    0000000c     rtsv7M4_T_le_v4SPD16_eabi.lib : copy_zero_init.c.obj (.text:decompress:ZI:__TI_zero_init)
                  000061dc    0000000c     tm4c123gh6pm_startup_ccs.obj (.text)
                  000061e8    0000000a     driverlib.lib : i2c.obj (.text:I2CMasterEnable)
                  000061f2    00000008                   : i2c.obj (.text:I2CMasterBusy)
                  000061fa    00000008                   : i2c.obj (.text:I2CMasterSlaveAddrSet)
                  00006202    00000002     --HOLE-- [fill = 0]
                  00006204    00000008     rtsv7M4_T_le_v4SPD16_eabi.lib : errno.c.obj (.text:__aeabi_errno_addr)
                  0000620c    00000006     driverlib.lib : gpio.obj (.text:GPIOPinWrite)
                  00006212    00000006                   : sysctl.obj (.text:SysCtlDelay)
                  00006218    00000006                   : uart.obj (.text:UARTClockSourceSet)
                  0000621e    00000004                   : i2c.obj (.text:I2CMasterControl)
                  00006222    00000004                   : i2c.obj (.text:I2CMasterDataGet)
                  00006226    00000004                   : i2c.obj (.text:I2CMasterDataPut)
                  0000622a    00000004     rtsv7M4_T_le_v4SPD16_eabi.lib : pre_init.c.obj (.text:_system_pre_init)
                  0000622e    00000004                                   : exit.c.obj (.text:abort:abort)

.const     0    00006238    000002c4     
                  00006238    00000098     rtsv7M4_T_le_v4SPD16_eabi.lib : s_atan.c.obj (.const:$O1$$)
                  000062d0    00000090     driverlib.lib : gpio.obj (.const:g_pui32GPIOBaseAddrs)
                  00006360    00000070                   : interrupt.obj (.const)
                  000063d0    0000006c                   : sysctl.obj (.const:g_pui32Xtals)
                  0000643c    00000034     motor_control.obj (.const:$P$T0$1)
                  00006470    00000034     motor_control.obj (.const:$P$T1$2)
                  000064a4    00000024     twowheel.obj (.const:$P$T1$1)
                  000064c8    00000012     uartstdio.obj (.const:.string)
                  000064da    00000002     --HOLE-- [fill = 0]
                  000064dc    0000000c     uartstdio.obj (.const:g_ui32UARTBase)
                  000064e8    0000000c     uartstdio.obj (.const:g_ui32UARTPeriph)
                  000064f4    00000004     port.obj (.const)
                  000064f8    00000004     uartstdio.obj (.const)

.cinit     0    00006500    00000060     
                  00006500    00000025     (.cinit..data.load) [load image, compression = lzss]
                  00006525    00000003     --HOLE-- [fill = 0]
                  00006528    0000000c     (__TI_handler_table)
                  00006534    00000004     --HOLE-- [fill = 0]
                  00006538    00000008     (.cinit..bss.load) [load image, compression = zero_init]
                  00006540    00000008     (.cinit..vtable.load) [load image, compression = zero_init]
                  00006548    00000018     (__TI_cinit_table)

.init_array 
*          0    00000000    00000000     UNINITIALIZED

.vtable    0    20000000    0000026c     UNINITIALIZED
                  20000000    0000026c     driverlib.lib : interrupt.obj (.vtable)

.bss       0    20000270    00007874     UNINITIALIZED
                  20000270    00007530     heap_2.obj (.bss:ucHeap)
                  200077a0    00000140     tasks.obj (.bss:pxReadyTasksLists)
                  200078e0    00000068     (.common:PID_Velocity)
                  20007948    00000050     (.common:xQueueRegistry)
                  20007998    00000024     (.common:PID)
                  200079bc    00000014     timers.obj (.bss:xActiveTimerList1)
                  200079d0    00000014     timers.obj (.bss:xActiveTimerList2)
                  200079e4    00000014     tasks.obj (.bss:xDelayedTaskList1)
                  200079f8    00000014     tasks.obj (.bss:xDelayedTaskList2)
                  20007a0c    00000014     tasks.obj (.bss:xPendingReadyList)
                  20007a20    00000014     tasks.obj (.bss:xSuspendedTaskList)
                  20007a34    00000014     tasks.obj (.bss:xTasksWaitingTermination)
                  20007a48    00000010     MPU6050.obj (.bss:f_P)
                  20007a58    00000008     MPU6050.obj (.bss)
                  20007a60    00000008     tasks.obj (.bss)
                  20007a68    00000008     timers.obj (.bss)
                  20007a70    00000008     motor_control.obj (.bss:w_get)
                  20007a78    00000008     motor_control.obj (.bss:w_run)
                  20007a80    00000008     motor_control.obj (.bss:w_set)
                  20007a88    00000008     heap_2.obj (.bss:xEnd)
                  20007a90    00000008     heap_2.obj (.bss:xStart)
                  20007a98    00000008     (.common:a_get)
                  20007aa0    00000008     (.common:a_out)
                  20007aa8    00000008     (.common:compAngleX)
                  20007ab0    00000008     (.common:compAngleY)
                  20007ab8    00000008     (.common:gyroXangle)
                  20007ac0    00000008     (.common:gyroYangle)
                  20007ac8    00000008     (.common:kalAngleX)
                  20007ad0    00000008     (.common:kalAngleY)
                  20007ad8    00000004     motor_control.obj (.bss)
                  20007adc    00000004     pwm.obj (.bss)
                  20007ae0    00000004     twowheel.obj (.bss)

.data      0    20007ce8    00000078     UNINITIALIZED
                  20007ce8    00000034     tasks.obj (.data)
                  20007d1c    00000018     MPU6050.obj (.data)
                  20007d34    0000000c     timers.obj (.data)
                  20007d40    00000008     heap_2.obj (.data)
                  20007d48    00000008     qei.obj (.data)
                  20007d50    00000005     uartstdio.obj (.data)
                  20007d55    00000003     --HOLE--
                  20007d58    00000004     port.obj (.data)
                  20007d5c    00000004     rtsv7M4_T_le_v4SPD16_eabi.lib : errno.c.obj (.data)

.stack     0    20007ae8    00000200     UNINITIALIZED
                  20007ae8    00000004     rtsv7M4_T_le_v4SPD16_eabi.lib : boot_cortex_m.c.obj (.stack)
                  20007aec    000001fc     --HOLE--

MODULE SUMMARY

       Module                         code    ro data   rw data
       ------                         ----    -------   -------
    .\
       tm4c123gh6pm_startup_ccs.obj   12      620       0      
    +--+------------------------------+-------+---------+---------+
       Total:                         12      620       0      
                                                               
    .\Application\
       freertos_demo.obj              496     0         0      
    +--+------------------------------+-------+---------+---------+
       Total:                         496     0         0      
                                                               
    .\Application\TwoWheel\
       twowheel.obj                   232     36        56     
    +--+------------------------------+-------+---------+---------+
       Total:                         232     36        56     
                                                               
    .\Application\motor_control\
       motor_control.obj              356     104       132    
    +--+------------------------------+-------+---------+---------+
       Total:                         356     104       132    
                                                               
    .\Application\pid\
       pid.obj                        540     0         0      
    +--+------------------------------+-------+---------+---------+
       Total:                         540     0         0      
                                                               
    .\FreeRTOS\
       heap_2.obj                     440     0         30024  
       tasks.obj                      6408    0         480    
       queue.obj                      3304    0         80     
       timers.obj                     1428    0         60     
       port.obj                       316     4         4      
       list.obj                       298     0         0      
       portasm.obj                    218     0         0      
    +--+------------------------------+-------+---------+---------+
       Total:                         12412   4         30648  
                                                               
    .\drivers\
       MPU6050.obj                    2664    0         96     
       uartstdio.obj                  1244    46        5      
       qei.obj                        676     0         8      
       pwm.obj                        556     0         4      
    +--+------------------------------+-------+---------+---------+
       Total:                         5140    46        113    
                                                               
    ../driverlib.lib
       interrupt.obj                  156     112       620    
       sysctl.obj                     594     108       0      
       gpio.obj                       522     144       0      
       i2c.obj                        114     0         0      
       pwm.obj                        110     0         0      
       qei.obj                        96      0         0      
       uart.obj                       6       0         0      
    +--+------------------------------+-------+---------+---------+
       Total:                         1598    364       620    
                                                               
    C:\ti\ccs901\ccs\tools\compiler\ti-cgt-arm_18.12.1.LTS\lib\rtsv7M4_T_le_v4SPD16_eabi.lib
       s_atan.c.obj                   748     152       0      
       e_atan2.c.obj                  472     0         0      
       fd_add_t2.asm.obj              438     0         0      
       e_sqrt.c.obj                   344     0         0      
       fd_div_t2.asm.obj              310     0         0      
       fd_cmp_t2.asm.obj              268     0         0      
       fd_mul_t2.asm.obj              252     0         0      
       memcpy_t2.asm.obj              156     0         0      
       memset_t2.asm.obj              122     0         0      
       fd_tos_t2.asm.obj              110     0         0      
       copy_decompress_lzss.c.obj     104     0         0      
       fd_toi_t2.asm.obj              72      0         0      
       autoinit.c.obj                 68      0         0      
       u_divt2.asm.obj                64      0         0      
       fs_tod_t2.asm.obj              56      0         0      
       boot_cortex_m.c.obj            52      0         0      
       i_tofd_t2.asm.obj              46      0         0      
       copy_decompress_none.c.obj     14      0         0      
       copy_zero_init.c.obj           12      0         0      
       errno.c.obj                    8       0         4      
       exit.c.obj                     4       0         0      
       pre_init.c.obj                 4       0         0      
       div0.asm.obj                   2       0         0      
    +--+------------------------------+-------+---------+---------+
       Total:                         3726    152       4      
                                                               
       Stack:                         0       0         512    
       Linker Generated:              0       89        0      
    +--+------------------------------+-------+---------+---------+
       Grand Total:                   24512   1415      32085  


LINKER GENERATED COPY TABLES

__TI_cinit_table @ 00006548 records: 3, size/record: 8, table size: 24
	.data: load addr=00006500, load size=00000025 bytes, run addr=20007ce8, run size=00000078 bytes, compression=lzss
	.bss: load addr=00006538, load size=00000008 bytes, run addr=20000270, run size=00007874 bytes, compression=zero_init
	.vtable: load addr=00006540, load size=00000008 bytes, run addr=20000000, run size=0000026c bytes, compression=zero_init


LINKER GENERATED HANDLER TABLE

__TI_handler_table @ 00006528 records: 3, size/record: 4, table size: 12
	index: 0, handler: __TI_zero_init
	index: 1, handler: __TI_decompress_lzss
	index: 2, handler: __TI_decompress_none


GLOBAL SYMBOLS: SORTED ALPHABETICALLY BY Name 

address   name                               
-------   ----                               
0000622f  C$$EXIT                            
00004723  ConfigureUART                      
0000609f  GPIODirModeSet                     
00005373  GPIOPadConfigSet                   
00005e41  GPIOPinConfigure                   
00006109  GPIOPinTypeGPIOOutput              
0000614d  GPIOPinTypeI2C                     
0000615f  GPIOPinTypeI2CSCL                  
00006171  GPIOPinTypePWM                     
00006183  GPIOPinTypeUART                    
0000620d  GPIOPinWrite                       
00004367  HBrigdeEnable                      
000061f3  I2CMasterBusy                      
0000621f  I2CMasterControl                   
00006223  I2CMasterDataGet                   
00006227  I2CMasterDataPut                   
000061e9  I2CMasterEnable                    
00005df5  I2CMasterInitExpClk                
000061fb  I2CMasterSlaveAddrSet              
00005d25  IntEnable                          
00005fd5  IntRegister                        
00002c1d  Kalman_Filter_Process              
00003235  Kalman_Get_Qangle                  
00003245  Kalman_Get_Qbias                   
000031f7  Kalman_Get_Rate                    
0000324d  Kalman_Get_Rmeasure                
000031e5  Kalman_Set_Angle                   
000031ff  Kalman_Set_Qangle                  
00003211  Kalman_Set_Qbias                   
00003223  Kalman_Set_Rmeasure                
00002f8b  MPU6050_Complimentary_Angle        
00002b83  MPU6050_Get_Accel_Raw              
00002bcd  MPU6050_Get_Gyro_Raw               
00002aad  MPU6050_Init                       
00002f69  MPU6050_Kalman_Angle               
20007998  PID                                
200078e0  PID_Velocity                       
000060c9  PWMGenConfigure                    
000061c5  PWMGenEnable                       
000061a7  PWMGenPeriodSet                    
00006195  PWMOutputState                     
000060eb  PWMPulseWidthSet                   
000042c5  PWM_Init                           
00006121  QEIIntRegister                     
0000422f  QEI_Get                            
00004021  QEI_Init                           
000061dd  ResetISR                           
000055d1  SysCtlClockGet                     
000057dd  SysCtlClockSet                     
00006213  SysCtlDelay                        
00006139  SysCtlPWMClockSet                  
00006009  SysCtlPeripheralEnable             
00006219  UARTClockSourceSet                 
00003859  UARTStdioConfig                    
000039d1  UARTgetc                           
0000390b  UARTgets                           
00003cff  UARTprintf                         
00003a05  UARTvprintf                        
000038b9  UARTwrite                          
20007ce8  __STACK_END                        
00000200  __STACK_SIZE                       
20007ce8  __STACK_TOP                        
00006548  __TI_CINIT_Base                    
00006560  __TI_CINIT_Limit                   
00006528  __TI_Handler_Table_Base            
00006534  __TI_Handler_Table_Limit           
00005f19  __TI_auto_init_nobinit_nopinit     
00005d8d  __TI_decompress_lzss               
000061b7  __TI_decompress_none               
ffffffff  __TI_pprof_out_hndl                
ffffffff  __TI_prof_data_size                
ffffffff  __TI_prof_data_start               
00000000  __TI_static_base__                 
000061d1  __TI_zero_init                     
00005b2f  __aeabi_cdcmpeq                    
00005b2f  __aeabi_cdcmple                    
00005bb5  __aeabi_cdrcmple                   
00005cb5  __aeabi_d2f                        
00005ed1  __aeabi_d2iz                       
00004c97  __aeabi_dadd                       
0000523d  __aeabi_ddiv                       
000056e1  __aeabi_dmul                       
00004c8d  __aeabi_dsub                       
00006205  __aeabi_errno_addr                 
00005f9d  __aeabi_f2d                        
00006071  __aeabi_i2d                        
00004e43  __aeabi_idiv0                      
00004e43  __aeabi_ldiv0                      
00005c3b  __aeabi_memclr                     
00005c3b  __aeabi_memclr4                    
00005c3b  __aeabi_memclr8                    
00005a93  __aeabi_memcpy                     
00005a93  __aeabi_memcpy4                    
00005a93  __aeabi_memcpy8                    
00005c3d  __aeabi_memset                     
00005c3d  __aeabi_memset4                    
00005c3d  __aeabi_memset8                    
00005f5d  __aeabi_uidiv                      
00005f5d  __aeabi_uidivmod                   
ffffffff  __binit__                          
ffffffff  __c_args__                         
0000470d  __error__                          
UNDEFED   __mpu_init                         
20007ae8  __stack                            
0000603d  _c_int00_noargs                    
UNDEFED   _system_post_cinit                 
0000622b  _system_pre_init                   
20007a98  a_get                              
20007aa0  a_out                              
0000622f  abort                              
00003d35  atan                               
000048fd  atan2                              
000048fd  atan2l                             
00003d35  atanl                              
ffffffff  binit                              
20007aa8  compAngleX                         
20007ab0  compAngleY                         
000005e1  eTaskGetState                      
20007d5c  errno                              
20000000  g_pfnRAMVectors                    
00000000  g_pfnVectors                       
20007ab8  gyroXangle                         
20007ac0  gyroYangle                         
20007ac8  kalAngleX                          
20007ad0  kalAngleY                          
0000477b  main                               
00005a93  memcpy                             
00005c43  memset                             
00004e45  motor_control_serivce_init         
00004ed3  motor_control_service_loop         
00004eb7  motor_control_service_start        
00004f51  motor_set                          
000043bf  motor_set_speed                    
0000325d  mpu_service_init                   
00002aa5  mpu_service_loop                   
0000327b  mpu_service_start                  
00002773  pcQueueGetName                     
00000bbb  pcTaskGetName                      
000033ff  pcTimerGetName                     
00004507  pid_compute                        
00004653  pid_compute_2                      
000044f1  pid_init                           
00004ad5  pvPortMalloc                       
00001695  pvTaskIncrementMutexHeldCount      
000037e9  pvTimerGetTimerID                  
20007ce8  pxCurrentTCB                       
00005101  pxPortInitialiseStack              
00004fa9  sqrt                               
00004fa9  sqrtl                              
00005919  twowheel_service_control_init      
000058d1  twowheel_service_control_loop      
0000595d  twowheel_service_control_start     
000024d5  ucQueueGetQueueType                
000064f4  ulMaxSyscallInterruptPriority      
000059c9  ulPortGetIPSR                      
000016b1  ulTaskNotifyTake                   
00005587  uxListRemove                       
000024b5  uxQueueGetQueueNumber              
00002457  uxQueueMessagesWaiting             
0000248d  uxQueueMessagesWaitingFromISR      
0000246d  uxQueueSpacesAvailable             
00000bb5  uxTaskGetNumberOfTasks             
00001349  uxTaskGetStackHighWaterMark        
00000be1  uxTaskGetSystemState               
000010d7  uxTaskGetTaskNumber                
00000675  uxTaskPriorityGet                  
000006a5  uxTaskPriorityGetFromISR           
0000166b  uxTaskResetEventItemValue          
0000381d  uxTimerGetTimerNumber              
00004809  vApplicationIdleHook               
00004719  vApplicationStackOverflowHook      
00004813  vApplicationTickHook               
000054a5  vListInitialise                    
000054d5  vListInitialiseItem                
00005521  vListInsert                        
000054e5  vListInsertEnd                     
00005a85  vPortEnableVFP                     
000051a1  vPortEndScheduler                  
000051a3  vPortEnterCritical                 
000051c3  vPortExitCritical                  
00004bcd  vPortFree                          
00004c31  vPortInitialiseBlocks              
00005a41  vPortSVCHandler                    
000051ff  vPortSetupTimerInterrupt           
00005a61  vPortStartFirstTask                
00002731  vQueueAddToRegistry                
0000249f  vQueueDelete                       
000024c3  vQueueSetQueueNumber               
000027b3  vQueueUnregisterQueue              
000027f7  vQueueWaitForMessageRestricted     
000005a5  vTaskDelay                         
00000515  vTaskDelayUntil                    
00000467  vTaskDelete                        
00000a7d  vTaskEndScheduler                  
000011b9  vTaskGetInfo                       
00001025  vTaskInternalSetTimeOutState       
000010cf  vTaskMissedYield                   
000019cd  vTaskNotifyGiveFromISR             
00000e9f  vTaskPlaceOnEventList              
00000eed  vTaskPlaceOnEventListRestricted    
00000ebb  vTaskPlaceOnUnorderedEventList     
0000159d  vTaskPriorityDisinheritAfterTimeout
000006f1  vTaskPrioritySet                   
00000fa5  vTaskRemoveFromUnorderedEventList  
00000919  vTaskResume                        
000010fd  vTaskSetTaskNumber                 
00001007  vTaskSetTimeOutState               
00000a21  vTaskStartScheduler                
00000809  vTaskSuspend                       
00000a99  vTaskSuspendAll                    
00000dfd  vTaskSwitchContext                 
00003803  vTimerSetTimerID                   
0000382b  vTimerSetTimerNumber               
00004c2b  xPortGetFreeHeapSize               
000059e1  xPortPendSVHandler                 
0000516b  xPortStartScheduler                
000051d9  xPortSysTickHandler                
00001ccd  xQueueCreateMutex                  
00001c13  xQueueGenericCreate                
00001b75  xQueueGenericReset                 
00001d79  xQueueGenericSend                  
00001ea7  xQueueGenericSendFromISR           
00001f41  xQueueGiveFromISR                  
00001cf9  xQueueGiveMutexRecursive           
000026cd  xQueueIsQueueEmptyFromISR          
0000270f  xQueueIsQueueFullFromISR           
0000224b  xQueuePeek                         
00002405  xQueuePeekFromISR                  
00001fd3  xQueueReceive                      
0000236d  xQueueReceiveFromISR               
20007948  xQueueRegistry                     
000020f1  xQueueSemaphoreTake                
00001d35  xQueueTakeMutexRecursive           
00001051  xTaskCheckForTimeOut               
0000026d  xTaskCreate                        
000017d3  xTaskGenericNotify                 
000018bd  xTaskGenericNotifyFromISR          
000013bd  xTaskGetCurrentTaskHandle          
000013e1  xTaskGetSchedulerState             
00000b91  xTaskGetTickCount                  
00000ba1  xTaskGetTickCountFromISR           
00000cd5  xTaskIncrementTick                 
00001a7b  xTaskNotifyStateClear              
00001731  xTaskNotifyWait                    
000014f9  xTaskPriorityDisinherit            
00001419  xTaskPriorityInherit               
00000f1d  xTaskRemoveFromEventList           
00000aad  xTaskResumeAll                     
00000993  xTaskResumeFromISR                 
000032f1  xTimerCreate                       
000032c5  xTimerCreateTimerTask              
00003365  xTimerGenericCommand               
000033e9  xTimerGetExpiryTime                
000033d7  xTimerGetPeriod                    
000033d1  xTimerGetTimerDaemonTaskHandle     
000037bd  xTimerIsTimerActive                


GLOBAL SYMBOLS: SORTED BY Symbol Address 

address   name                               
-------   ----                               
00000000  __TI_static_base__                 
00000000  g_pfnVectors                       
00000200  __STACK_SIZE                       
0000026d  xTaskCreate                        
00000467  vTaskDelete                        
00000515  vTaskDelayUntil                    
000005a5  vTaskDelay                         
000005e1  eTaskGetState                      
00000675  uxTaskPriorityGet                  
000006a5  uxTaskPriorityGetFromISR           
000006f1  vTaskPrioritySet                   
00000809  vTaskSuspend                       
00000919  vTaskResume                        
00000993  xTaskResumeFromISR                 
00000a21  vTaskStartScheduler                
00000a7d  vTaskEndScheduler                  
00000a99  vTaskSuspendAll                    
00000aad  xTaskResumeAll                     
00000b91  xTaskGetTickCount                  
00000ba1  xTaskGetTickCountFromISR           
00000bb5  uxTaskGetNumberOfTasks             
00000bbb  pcTaskGetName                      
00000be1  uxTaskGetSystemState               
00000cd5  xTaskIncrementTick                 
00000dfd  vTaskSwitchContext                 
00000e9f  vTaskPlaceOnEventList              
00000ebb  vTaskPlaceOnUnorderedEventList     
00000eed  vTaskPlaceOnEventListRestricted    
00000f1d  xTaskRemoveFromEventList           
00000fa5  vTaskRemoveFromUnorderedEventList  
00001007  vTaskSetTimeOutState               
00001025  vTaskInternalSetTimeOutState       
00001051  xTaskCheckForTimeOut               
000010cf  vTaskMissedYield                   
000010d7  uxTaskGetTaskNumber                
000010fd  vTaskSetTaskNumber                 
000011b9  vTaskGetInfo                       
00001349  uxTaskGetStackHighWaterMark        
000013bd  xTaskGetCurrentTaskHandle          
000013e1  xTaskGetSchedulerState             
00001419  xTaskPriorityInherit               
000014f9  xTaskPriorityDisinherit            
0000159d  vTaskPriorityDisinheritAfterTimeout
0000166b  uxTaskResetEventItemValue          
00001695  pvTaskIncrementMutexHeldCount      
000016b1  ulTaskNotifyTake                   
00001731  xTaskNotifyWait                    
000017d3  xTaskGenericNotify                 
000018bd  xTaskGenericNotifyFromISR          
000019cd  vTaskNotifyGiveFromISR             
00001a7b  xTaskNotifyStateClear              
00001b75  xQueueGenericReset                 
00001c13  xQueueGenericCreate                
00001ccd  xQueueCreateMutex                  
00001cf9  xQueueGiveMutexRecursive           
00001d35  xQueueTakeMutexRecursive           
00001d79  xQueueGenericSend                  
00001ea7  xQueueGenericSendFromISR           
00001f41  xQueueGiveFromISR                  
00001fd3  xQueueReceive                      
000020f1  xQueueSemaphoreTake                
0000224b  xQueuePeek                         
0000236d  xQueueReceiveFromISR               
00002405  xQueuePeekFromISR                  
00002457  uxQueueMessagesWaiting             
0000246d  uxQueueSpacesAvailable             
0000248d  uxQueueMessagesWaitingFromISR      
0000249f  vQueueDelete                       
000024b5  uxQueueGetQueueNumber              
000024c3  vQueueSetQueueNumber               
000024d5  ucQueueGetQueueType                
000026cd  xQueueIsQueueEmptyFromISR          
0000270f  xQueueIsQueueFullFromISR           
00002731  vQueueAddToRegistry                
00002773  pcQueueGetName                     
000027b3  vQueueUnregisterQueue              
000027f7  vQueueWaitForMessageRestricted     
00002aa5  mpu_service_loop                   
00002aad  MPU6050_Init                       
00002b83  MPU6050_Get_Accel_Raw              
00002bcd  MPU6050_Get_Gyro_Raw               
00002c1d  Kalman_Filter_Process              
00002f69  MPU6050_Kalman_Angle               
00002f8b  MPU6050_Complimentary_Angle        
000031e5  Kalman_Set_Angle                   
000031f7  Kalman_Get_Rate                    
000031ff  Kalman_Set_Qangle                  
00003211  Kalman_Set_Qbias                   
00003223  Kalman_Set_Rmeasure                
00003235  Kalman_Get_Qangle                  
00003245  Kalman_Get_Qbias                   
0000324d  Kalman_Get_Rmeasure                
0000325d  mpu_service_init                   
0000327b  mpu_service_start                  
000032c5  xTimerCreateTimerTask              
000032f1  xTimerCreate                       
00003365  xTimerGenericCommand               
000033d1  xTimerGetTimerDaemonTaskHandle     
000033d7  xTimerGetPeriod                    
000033e9  xTimerGetExpiryTime                
000033ff  pcTimerGetName                     
000037bd  xTimerIsTimerActive                
000037e9  pvTimerGetTimerID                  
00003803  vTimerSetTimerID                   
0000381d  uxTimerGetTimerNumber              
0000382b  vTimerSetTimerNumber               
00003859  UARTStdioConfig                    
000038b9  UARTwrite                          
0000390b  UARTgets                           
000039d1  UARTgetc                           
00003a05  UARTvprintf                        
00003cff  UARTprintf                         
00003d35  atan                               
00003d35  atanl                              
00004021  QEI_Init                           
0000422f  QEI_Get                            
000042c5  PWM_Init                           
00004367  HBrigdeEnable                      
000043bf  motor_set_speed                    
000044f1  pid_init                           
00004507  pid_compute                        
00004653  pid_compute_2                      
0000470d  __error__                          
00004719  vApplicationStackOverflowHook      
00004723  ConfigureUART                      
0000477b  main                               
00004809  vApplicationIdleHook               
00004813  vApplicationTickHook               
000048fd  atan2                              
000048fd  atan2l                             
00004ad5  pvPortMalloc                       
00004bcd  vPortFree                          
00004c2b  xPortGetFreeHeapSize               
00004c31  vPortInitialiseBlocks              
00004c8d  __aeabi_dsub                       
00004c97  __aeabi_dadd                       
00004e43  __aeabi_idiv0                      
00004e43  __aeabi_ldiv0                      
00004e45  motor_control_serivce_init         
00004eb7  motor_control_service_start        
00004ed3  motor_control_service_loop         
00004f51  motor_set                          
00004fa9  sqrt                               
00004fa9  sqrtl                              
00005101  pxPortInitialiseStack              
0000516b  xPortStartScheduler                
000051a1  vPortEndScheduler                  
000051a3  vPortEnterCritical                 
000051c3  vPortExitCritical                  
000051d9  xPortSysTickHandler                
000051ff  vPortSetupTimerInterrupt           
0000523d  __aeabi_ddiv                       
00005373  GPIOPadConfigSet                   
000054a5  vListInitialise                    
000054d5  vListInitialiseItem                
000054e5  vListInsertEnd                     
00005521  vListInsert                        
00005587  uxListRemove                       
000055d1  SysCtlClockGet                     
000056e1  __aeabi_dmul                       
000057dd  SysCtlClockSet                     
000058d1  twowheel_service_control_loop      
00005919  twowheel_service_control_init      
0000595d  twowheel_service_control_start     
000059c9  ulPortGetIPSR                      
000059e1  xPortPendSVHandler                 
00005a41  vPortSVCHandler                    
00005a61  vPortStartFirstTask                
00005a85  vPortEnableVFP                     
00005a93  __aeabi_memcpy                     
00005a93  __aeabi_memcpy4                    
00005a93  __aeabi_memcpy8                    
00005a93  memcpy                             
00005b2f  __aeabi_cdcmpeq                    
00005b2f  __aeabi_cdcmple                    
00005bb5  __aeabi_cdrcmple                   
00005c3b  __aeabi_memclr                     
00005c3b  __aeabi_memclr4                    
00005c3b  __aeabi_memclr8                    
00005c3d  __aeabi_memset                     
00005c3d  __aeabi_memset4                    
00005c3d  __aeabi_memset8                    
00005c43  memset                             
00005cb5  __aeabi_d2f                        
00005d25  IntEnable                          
00005d8d  __TI_decompress_lzss               
00005df5  I2CMasterInitExpClk                
00005e41  GPIOPinConfigure                   
00005ed1  __aeabi_d2iz                       
00005f19  __TI_auto_init_nobinit_nopinit     
00005f5d  __aeabi_uidiv                      
00005f5d  __aeabi_uidivmod                   
00005f9d  __aeabi_f2d                        
00005fd5  IntRegister                        
00006009  SysCtlPeripheralEnable             
0000603d  _c_int00_noargs                    
00006071  __aeabi_i2d                        
0000609f  GPIODirModeSet                     
000060c9  PWMGenConfigure                    
000060eb  PWMPulseWidthSet                   
00006109  GPIOPinTypeGPIOOutput              
00006121  QEIIntRegister                     
00006139  SysCtlPWMClockSet                  
0000614d  GPIOPinTypeI2C                     
0000615f  GPIOPinTypeI2CSCL                  
00006171  GPIOPinTypePWM                     
00006183  GPIOPinTypeUART                    
00006195  PWMOutputState                     
000061a7  PWMGenPeriodSet                    
000061b7  __TI_decompress_none               
000061c5  PWMGenEnable                       
000061d1  __TI_zero_init                     
000061dd  ResetISR                           
000061e9  I2CMasterEnable                    
000061f3  I2CMasterBusy                      
000061fb  I2CMasterSlaveAddrSet              
00006205  __aeabi_errno_addr                 
0000620d  GPIOPinWrite                       
00006213  SysCtlDelay                        
00006219  UARTClockSourceSet                 
0000621f  I2CMasterControl                   
00006223  I2CMasterDataGet                   
00006227  I2CMasterDataPut                   
0000622b  _system_pre_init                   
0000622f  C$$EXIT                            
0000622f  abort                              
000064f4  ulMaxSyscallInterruptPriority      
00006528  __TI_Handler_Table_Base            
00006534  __TI_Handler_Table_Limit           
00006548  __TI_CINIT_Base                    
00006560  __TI_CINIT_Limit                   
20000000  g_pfnRAMVectors                    
200078e0  PID_Velocity                       
20007948  xQueueRegistry                     
20007998  PID                                
20007a98  a_get                              
20007aa0  a_out                              
20007aa8  compAngleX                         
20007ab0  compAngleY                         
20007ab8  gyroXangle                         
20007ac0  gyroYangle                         
20007ac8  kalAngleX                          
20007ad0  kalAngleY                          
20007ae8  __stack                            
20007ce8  __STACK_END                        
20007ce8  __STACK_TOP                        
20007ce8  pxCurrentTCB                       
20007d5c  errno                              
ffffffff  __TI_pprof_out_hndl                
ffffffff  __TI_prof_data_size                
ffffffff  __TI_prof_data_start               
ffffffff  __binit__                          
ffffffff  __c_args__                         
ffffffff  binit                              
UNDEFED   __mpu_init                         
UNDEFED   _system_post_cinit                 

[256 symbols]
